Archive member included to satisfy reference by file (symbol)

D:/Software/NXP/S32DS_Power_v1.2/S32DS/e200_ewl2/lib/e200z4/fp\libc99.a(strlen.o)
                              ./src/TB_UART.o (strlen)
d:/software/nxp/s32ds_power_v1.2/cross_tools/powerpc-eabivle-4_9/bin/../lib/gcc/powerpc-eabivle/4.9.4/e200z4/fp\libgcc.a(eabivle.o)
                              ./src/main.o (__eabi)

Allocating common symbols
Common symbol       size              file

RxDATA              0x8               ./src/TB_CAN.o
address             0x2               ./src/TB_LTC6804.o
RxID                0x4               ./src/TB_CAN.o
UARTFirstTransmitFlag_0
                    0x1               ./src/TB_UART.o
RxLENGTH            0x4               ./src/TB_CAN.o
UARTFirstTransmitFlag_1
                    0x1               ./src/TB_UART.o
R_ID                0x4               ./src/main.o
DataRec_485         0xf               ./src/main.o
R_CODE              0x4               ./src/main.o
R_Length            0x4               ./src/main.o
RxCODE              0x4               ./src/TB_CAN.o
remainder           0x2               ./src/TB_LTC6804.o
RxTIMESTAMP         0x4               ./src/TB_CAN.o
Time_Read           0x7               ./src/TB_DS1302.o

Discarded input sections

 .text          0x00000000        0x0 d:/software/nxp/s32ds_power_v1.2/cross_tools/powerpc-eabivle-4_9/bin/../lib/gcc/powerpc-eabivle/4.9.4/e200z4/fp/ecrti.o
 .data          0x00000000        0x0 d:/software/nxp/s32ds_power_v1.2/cross_tools/powerpc-eabivle-4_9/bin/../lib/gcc/powerpc-eabivle/4.9.4/e200z4/fp/ecrti.o
 .bss           0x00000000        0x0 d:/software/nxp/s32ds_power_v1.2/cross_tools/powerpc-eabivle-4_9/bin/../lib/gcc/powerpc-eabivle/4.9.4/e200z4/fp/ecrti.o
 .fixup         0x00000000        0x0 d:/software/nxp/s32ds_power_v1.2/cross_tools/powerpc-eabivle-4_9/bin/../lib/gcc/powerpc-eabivle/4.9.4/e200z4/fp/ecrti.o
 .sbss          0x00000000        0x0 d:/software/nxp/s32ds_power_v1.2/cross_tools/powerpc-eabivle-4_9/bin/../lib/gcc/powerpc-eabivle/4.9.4/e200z4/fp/ecrti.o
 .sbss2         0x00000000        0x0 d:/software/nxp/s32ds_power_v1.2/cross_tools/powerpc-eabivle-4_9/bin/../lib/gcc/powerpc-eabivle/4.9.4/e200z4/fp/ecrti.o
 .gcc_except_table
                0x00000000        0x0 d:/software/nxp/s32ds_power_v1.2/cross_tools/powerpc-eabivle-4_9/bin/../lib/gcc/powerpc-eabivle/4.9.4/e200z4/fp/ecrti.o
 .data          0x00000000        0x4 d:/software/nxp/s32ds_power_v1.2/cross_tools/powerpc-eabivle-4_9/bin/../lib/gcc/powerpc-eabivle/4.9.4/e200z4/fp/crtbegin.o
 .text          0x00000000        0x0 ./Project_Settings/Startup_Code/startup.o
 .data          0x00000000        0x0 ./Project_Settings/Startup_Code/startup.o
 .bss           0x00000000        0x0 ./Project_Settings/Startup_Code/startup.o
 .group         0x00000000        0x8 ./src/main.o
 .group         0x00000000        0x8 ./src/main.o
 .group         0x00000000        0x8 ./src/main.o
 .group         0x00000000        0x8 ./src/main.o
 .group         0x00000000        0x8 ./src/main.o
 .group         0x00000000        0x8 ./src/main.o
 .group         0x00000000        0x8 ./src/main.o
 .group         0x00000000        0x8 ./src/main.o
 .group         0x00000000        0x8 ./src/main.o
 .group         0x00000000        0x8 ./src/main.o
 .group         0x00000000        0x8 ./src/main.o
 .group         0x00000000        0x8 ./src/main.o
 .group         0x00000000        0x8 ./src/main.o
 .group         0x00000000        0x8 ./src/main.o
 .group         0x00000000        0x8 ./src/main.o
 .group         0x00000000        0x8 ./src/main.o
 .group         0x00000000        0x8 ./src/main.o
 .group         0x00000000        0x8 ./src/main.o
 .group         0x00000000        0x8 ./src/main.o
 .group         0x00000000        0x8 ./src/main.o
 .group         0x00000000        0x8 ./src/main.o
 .text          0x00000000        0x0 ./src/main.o
 .data          0x00000000        0x0 ./src/main.o
 .bss           0x00000000        0x0 ./src/main.o
 .sbss.StartTimer
                0x00000000        0x1 ./src/main.o
 .sdata.Tx_Buff
                0x00000000        0x8 ./src/main.o
 .data.saveerr  0x00000000      0x3c0 ./src/main.o
 .data.Send_25LC256
                0x00000000        0xa ./src/main.o
 .sbss.Read_25LC256
                0x00000000        0x4 ./src/main.o
 .sbss.FFF      0x00000000        0x1 ./src/main.o
 .data.Read_25LC256_buffer
                0x00000000      0x3e8 ./src/main.o
 .data.Write_25LC256_buffer
                0x00000000       0x64 ./src/main.o
 .data          0x00000000        0x0 ./src/intc_sw_handlers.o
 .bss           0x00000000        0x0 ./src/intc_sw_handlers.o
 .group         0x00000000        0x8 ./src/intc_SW_mode_isr_vectors_MPC5744P.o
 .group         0x00000000        0x8 ./src/intc_SW_mode_isr_vectors_MPC5744P.o
 .group         0x00000000        0x8 ./src/intc_SW_mode_isr_vectors_MPC5744P.o
 .group         0x00000000        0x8 ./src/intc_SW_mode_isr_vectors_MPC5744P.o
 .group         0x00000000        0x8 ./src/intc_SW_mode_isr_vectors_MPC5744P.o
 .group         0x00000000        0x8 ./src/intc_SW_mode_isr_vectors_MPC5744P.o
 .group         0x00000000        0x8 ./src/intc_SW_mode_isr_vectors_MPC5744P.o
 .group         0x00000000        0x8 ./src/intc_SW_mode_isr_vectors_MPC5744P.o
 .group         0x00000000        0x8 ./src/intc_SW_mode_isr_vectors_MPC5744P.o
 .group         0x00000000        0x8 ./src/intc_SW_mode_isr_vectors_MPC5744P.o
 .group         0x00000000        0x8 ./src/intc_SW_mode_isr_vectors_MPC5744P.o
 .group         0x00000000        0x8 ./src/intc_SW_mode_isr_vectors_MPC5744P.o
 .text          0x00000000        0x0 ./src/intc_SW_mode_isr_vectors_MPC5744P.o
 .data          0x00000000        0x0 ./src/intc_SW_mode_isr_vectors_MPC5744P.o
 .bss           0x00000000        0x0 ./src/intc_SW_mode_isr_vectors_MPC5744P.o
 .debug_macro   0x00000000      0x616 ./src/intc_SW_mode_isr_vectors_MPC5744P.o
 .debug_macro   0x00000000       0x52 ./src/intc_SW_mode_isr_vectors_MPC5744P.o
 .debug_macro   0x00000000       0xa0 ./src/intc_SW_mode_isr_vectors_MPC5744P.o
 .debug_macro   0x00000000       0x16 ./src/intc_SW_mode_isr_vectors_MPC5744P.o
 .debug_macro   0x00000000       0x64 ./src/intc_SW_mode_isr_vectors_MPC5744P.o
 .debug_macro   0x00000000      0x1a3 ./src/intc_SW_mode_isr_vectors_MPC5744P.o
 .debug_macro   0x00000000      0x133 ./src/intc_SW_mode_isr_vectors_MPC5744P.o
 .debug_macro   0x00000000       0x9d ./src/intc_SW_mode_isr_vectors_MPC5744P.o
 .debug_macro   0x00000000       0x10 ./src/intc_SW_mode_isr_vectors_MPC5744P.o
 .debug_macro   0x00000000      0x15b ./src/intc_SW_mode_isr_vectors_MPC5744P.o
 .debug_macro   0x00000000       0x28 ./src/intc_SW_mode_isr_vectors_MPC5744P.o
 .debug_macro   0x00000000       0x58 ./src/intc_SW_mode_isr_vectors_MPC5744P.o
 .group         0x00000000        0x8 ./src/flashrchw.o
 .group         0x00000000        0x8 ./src/flashrchw.o
 .group         0x00000000        0x8 ./src/flashrchw.o
 .group         0x00000000        0x8 ./src/flashrchw.o
 .group         0x00000000        0x8 ./src/flashrchw.o
 .group         0x00000000        0x8 ./src/flashrchw.o
 .group         0x00000000        0x8 ./src/flashrchw.o
 .group         0x00000000        0x8 ./src/flashrchw.o
 .group         0x00000000        0x8 ./src/flashrchw.o
 .group         0x00000000        0x8 ./src/flashrchw.o
 .group         0x00000000        0x8 ./src/flashrchw.o
 .group         0x00000000        0x8 ./src/flashrchw.o
 .text          0x00000000        0x0 ./src/flashrchw.o
 .data          0x00000000        0x0 ./src/flashrchw.o
 .bss           0x00000000        0x0 ./src/flashrchw.o
 .debug_macro   0x00000000      0x616 ./src/flashrchw.o
 .debug_macro   0x00000000       0x52 ./src/flashrchw.o
 .debug_macro   0x00000000       0xa0 ./src/flashrchw.o
 .debug_macro   0x00000000       0x16 ./src/flashrchw.o
 .debug_macro   0x00000000       0x64 ./src/flashrchw.o
 .debug_macro   0x00000000      0x1a3 ./src/flashrchw.o
 .debug_macro   0x00000000      0x133 ./src/flashrchw.o
 .debug_macro   0x00000000       0x9d ./src/flashrchw.o
 .debug_macro   0x00000000       0x10 ./src/flashrchw.o
 .debug_macro   0x00000000      0x15b ./src/flashrchw.o
 .debug_macro   0x00000000       0x28 ./src/flashrchw.o
 .debug_macro   0x00000000       0x58 ./src/flashrchw.o
 .group         0x00000000        0x8 ./src/Vector.o
 .group         0x00000000        0x8 ./src/Vector.o
 .group         0x00000000        0x8 ./src/Vector.o
 .group         0x00000000        0x8 ./src/Vector.o
 .group         0x00000000        0x8 ./src/Vector.o
 .text          0x00000000        0x0 ./src/Vector.o
 .data          0x00000000        0x0 ./src/Vector.o
 .bss           0x00000000        0x0 ./src/Vector.o
 .debug_macro   0x00000000      0x616 ./src/Vector.o
 .debug_macro   0x00000000       0x52 ./src/Vector.o
 .debug_macro   0x00000000       0xa0 ./src/Vector.o
 .debug_macro   0x00000000       0x16 ./src/Vector.o
 .group         0x00000000        0x8 ./src/TB_UART.o
 .group         0x00000000        0x8 ./src/TB_UART.o
 .group         0x00000000        0x8 ./src/TB_UART.o
 .group         0x00000000        0x8 ./src/TB_UART.o
 .group         0x00000000        0x8 ./src/TB_UART.o
 .group         0x00000000        0x8 ./src/TB_UART.o
 .group         0x00000000        0x8 ./src/TB_UART.o
 .group         0x00000000        0x8 ./src/TB_UART.o
 .group         0x00000000        0x8 ./src/TB_UART.o
 .group         0x00000000        0x8 ./src/TB_UART.o
 .group         0x00000000        0x8 ./src/TB_UART.o
 .group         0x00000000        0x8 ./src/TB_UART.o
 .group         0x00000000        0x8 ./src/TB_UART.o
 .group         0x00000000        0x8 ./src/TB_UART.o
 .group         0x00000000        0x8 ./src/TB_UART.o
 .group         0x00000000        0x8 ./src/TB_UART.o
 .group         0x00000000        0x8 ./src/TB_UART.o
 .group         0x00000000        0x8 ./src/TB_UART.o
 .text          0x00000000        0x0 ./src/TB_UART.o
 .data          0x00000000        0x0 ./src/TB_UART.o
 .bss           0x00000000        0x0 ./src/TB_UART.o
 .text.UART0_Init
                0x00000000      0x148 ./src/TB_UART.o
 .text.UART0_Send
                0x00000000       0x8a ./src/TB_UART.o
 .text.UART0_SendStr
                0x00000000       0x6c ./src/TB_UART.o
 .text.UART0_Rec
                0x00000000       0x5a ./src/TB_UART.o
 .text.UART1_Init
                0x00000000      0x142 ./src/TB_UART.o
 .text.UART1_Send
                0x00000000       0x82 ./src/TB_UART.o
 .text.UART1_SendStr
                0x00000000       0x6c ./src/TB_UART.o
 .text.UART1_Rec
                0x00000000       0x52 ./src/TB_UART.o
 .debug_macro   0x00000000      0x616 ./src/TB_UART.o
 .debug_macro   0x00000000       0x52 ./src/TB_UART.o
 .debug_macro   0x00000000       0xa0 ./src/TB_UART.o
 .debug_macro   0x00000000       0x16 ./src/TB_UART.o
 .debug_macro   0x00000000       0x64 ./src/TB_UART.o
 .debug_macro   0x00000000      0x1a3 ./src/TB_UART.o
 .debug_macro   0x00000000      0x133 ./src/TB_UART.o
 .debug_macro   0x00000000       0x9d ./src/TB_UART.o
 .debug_macro   0x00000000       0x10 ./src/TB_UART.o
 .debug_macro   0x00000000      0x15b ./src/TB_UART.o
 .debug_macro   0x00000000       0x28 ./src/TB_UART.o
 .debug_macro   0x00000000       0x58 ./src/TB_UART.o
 .debug_macro   0x00000000     0xb50a ./src/TB_UART.o
 .debug_macro   0x00000000      0xb62 ./src/TB_UART.o
 .debug_macro   0x00000000       0x1c ./src/TB_UART.o
 .sbss          0x00000000        0x2 ./src/TB_UART.o
 .group         0x00000000        0x8 ./src/TB_PIT.o
 .group         0x00000000        0x8 ./src/TB_PIT.o
 .group         0x00000000        0x8 ./src/TB_PIT.o
 .group         0x00000000        0x8 ./src/TB_PIT.o
 .group         0x00000000        0x8 ./src/TB_PIT.o
 .group         0x00000000        0x8 ./src/TB_PIT.o
 .group         0x00000000        0x8 ./src/TB_PIT.o
 .group         0x00000000        0x8 ./src/TB_PIT.o
 .group         0x00000000        0x8 ./src/TB_PIT.o
 .group         0x00000000        0x8 ./src/TB_PIT.o
 .group         0x00000000        0x8 ./src/TB_PIT.o
 .group         0x00000000        0x8 ./src/TB_PIT.o
 .group         0x00000000        0x8 ./src/TB_PIT.o
 .group         0x00000000        0x8 ./src/TB_PIT.o
 .text          0x00000000        0x0 ./src/TB_PIT.o
 .data          0x00000000        0x0 ./src/TB_PIT.o
 .bss           0x00000000        0x0 ./src/TB_PIT.o
 .text.PIT0_CH0_Init
                0x00000000       0x50 ./src/TB_PIT.o
 .text.PIT0_CH1_Init
                0x00000000       0x50 ./src/TB_PIT.o
 .debug_macro   0x00000000      0x616 ./src/TB_PIT.o
 .debug_macro   0x00000000       0x52 ./src/TB_PIT.o
 .debug_macro   0x00000000       0xa0 ./src/TB_PIT.o
 .debug_macro   0x00000000       0x16 ./src/TB_PIT.o
 .debug_macro   0x00000000       0x64 ./src/TB_PIT.o
 .debug_macro   0x00000000      0x1a3 ./src/TB_PIT.o
 .debug_macro   0x00000000      0x133 ./src/TB_PIT.o
 .debug_macro   0x00000000       0x9d ./src/TB_PIT.o
 .debug_macro   0x00000000       0x10 ./src/TB_PIT.o
 .debug_macro   0x00000000      0x15b ./src/TB_PIT.o
 .debug_macro   0x00000000       0x28 ./src/TB_PIT.o
 .debug_macro   0x00000000       0x58 ./src/TB_PIT.o
 .debug_macro   0x00000000     0xb50a ./src/TB_PIT.o
 .group         0x00000000        0x8 ./src/TB_LTC6804.o
 .group         0x00000000        0x8 ./src/TB_LTC6804.o
 .group         0x00000000        0x8 ./src/TB_LTC6804.o
 .group         0x00000000        0x8 ./src/TB_LTC6804.o
 .group         0x00000000        0x8 ./src/TB_LTC6804.o
 .group         0x00000000        0x8 ./src/TB_LTC6804.o
 .group         0x00000000        0x8 ./src/TB_LTC6804.o
 .group         0x00000000        0x8 ./src/TB_LTC6804.o
 .group         0x00000000        0x8 ./src/TB_LTC6804.o
 .group         0x00000000        0x8 ./src/TB_LTC6804.o
 .group         0x00000000        0x8 ./src/TB_LTC6804.o
 .group         0x00000000        0x8 ./src/TB_LTC6804.o
 .group         0x00000000        0x8 ./src/TB_LTC6804.o
 .group         0x00000000        0x8 ./src/TB_LTC6804.o
 .group         0x00000000        0x8 ./src/TB_LTC6804.o
 .text          0x00000000        0x0 ./src/TB_LTC6804.o
 .data          0x00000000        0x0 ./src/TB_LTC6804.o
 .bss           0x00000000        0x0 ./src/TB_LTC6804.o
 .sbss.flgDateUpdate
                0x00000000        0x1 ./src/TB_LTC6804.o
 .sdata.openwire
                0x00000000        0x1 ./src/TB_LTC6804.o
 .sbss.wake_up_counts
                0x00000000        0x1 ./src/TB_LTC6804.o
 .data.pec15Table
                0x00000000      0x200 ./src/TB_LTC6804.o
 .text.pec15    0x00000000       0xde ./src/TB_LTC6804.o
 .text.SPI_Pin_Init
                0x00000000      0x11a ./src/TB_LTC6804.o
 .text.SPI_Init
                0x00000000       0x44 ./src/TB_LTC6804.o
 .text.SPI_DataRec
                0x00000000       0x56 ./src/TB_LTC6804.o
 .debug_macro   0x00000000      0x616 ./src/TB_LTC6804.o
 .debug_macro   0x00000000       0x52 ./src/TB_LTC6804.o
 .debug_macro   0x00000000       0xa0 ./src/TB_LTC6804.o
 .debug_macro   0x00000000       0x16 ./src/TB_LTC6804.o
 .debug_macro   0x00000000       0x64 ./src/TB_LTC6804.o
 .debug_macro   0x00000000      0x1a3 ./src/TB_LTC6804.o
 .debug_macro   0x00000000      0x133 ./src/TB_LTC6804.o
 .debug_macro   0x00000000       0x9d ./src/TB_LTC6804.o
 .debug_macro   0x00000000       0x10 ./src/TB_LTC6804.o
 .debug_macro   0x00000000      0x15b ./src/TB_LTC6804.o
 .debug_macro   0x00000000       0x28 ./src/TB_LTC6804.o
 .debug_macro   0x00000000       0x58 ./src/TB_LTC6804.o
 .debug_macro   0x00000000     0xb50a ./src/TB_LTC6804.o
 .debug_macro   0x00000000      0xb62 ./src/TB_LTC6804.o
 .debug_macro   0x00000000       0xd6 ./src/TB_LTC6804.o
 .sbss          0x00000000        0x4 ./src/TB_LTC6804.o
 .group         0x00000000        0x8 ./src/TB_GPIO.o
 .group         0x00000000        0x8 ./src/TB_GPIO.o
 .group         0x00000000        0x8 ./src/TB_GPIO.o
 .group         0x00000000        0x8 ./src/TB_GPIO.o
 .group         0x00000000        0x8 ./src/TB_GPIO.o
 .group         0x00000000        0x8 ./src/TB_GPIO.o
 .group         0x00000000        0x8 ./src/TB_GPIO.o
 .group         0x00000000        0x8 ./src/TB_GPIO.o
 .group         0x00000000        0x8 ./src/TB_GPIO.o
 .group         0x00000000        0x8 ./src/TB_GPIO.o
 .group         0x00000000        0x8 ./src/TB_GPIO.o
 .group         0x00000000        0x8 ./src/TB_GPIO.o
 .group         0x00000000        0x8 ./src/TB_GPIO.o
 .group         0x00000000        0x8 ./src/TB_GPIO.o
 .group         0x00000000        0x8 ./src/TB_GPIO.o
 .text          0x00000000        0x0 ./src/TB_GPIO.o
 .data          0x00000000        0x0 ./src/TB_GPIO.o
 .bss           0x00000000        0x0 ./src/TB_GPIO.o
 .text.gpio_turn
                0x00000000       0x2a ./src/TB_GPIO.o
 .text.gpio_get
                0x00000000       0x20 ./src/TB_GPIO.o
 .debug_macro   0x00000000      0x616 ./src/TB_GPIO.o
 .debug_macro   0x00000000       0x52 ./src/TB_GPIO.o
 .debug_macro   0x00000000       0xa0 ./src/TB_GPIO.o
 .debug_macro   0x00000000       0x16 ./src/TB_GPIO.o
 .debug_macro   0x00000000       0x64 ./src/TB_GPIO.o
 .debug_macro   0x00000000      0x1a3 ./src/TB_GPIO.o
 .debug_macro   0x00000000      0x133 ./src/TB_GPIO.o
 .debug_macro   0x00000000       0x9d ./src/TB_GPIO.o
 .debug_macro   0x00000000       0x10 ./src/TB_GPIO.o
 .debug_macro   0x00000000      0x15b ./src/TB_GPIO.o
 .debug_macro   0x00000000       0x28 ./src/TB_GPIO.o
 .debug_macro   0x00000000       0x58 ./src/TB_GPIO.o
 .debug_macro   0x00000000     0xb50a ./src/TB_GPIO.o
 .debug_macro   0x00000000      0xb62 ./src/TB_GPIO.o
 .debug_macro   0x00000000       0x70 ./src/TB_GPIO.o
 .group         0x00000000        0x8 ./src/TB_DS1302.o
 .group         0x00000000        0x8 ./src/TB_DS1302.o
 .group         0x00000000        0x8 ./src/TB_DS1302.o
 .group         0x00000000        0x8 ./src/TB_DS1302.o
 .group         0x00000000        0x8 ./src/TB_DS1302.o
 .group         0x00000000        0x8 ./src/TB_DS1302.o
 .group         0x00000000        0x8 ./src/TB_DS1302.o
 .group         0x00000000        0x8 ./src/TB_DS1302.o
 .group         0x00000000        0x8 ./src/TB_DS1302.o
 .group         0x00000000        0x8 ./src/TB_DS1302.o
 .group         0x00000000        0x8 ./src/TB_DS1302.o
 .group         0x00000000        0x8 ./src/TB_DS1302.o
 .group         0x00000000        0x8 ./src/TB_DS1302.o
 .group         0x00000000        0x8 ./src/TB_DS1302.o
 .group         0x00000000        0x8 ./src/TB_DS1302.o
 .text          0x00000000        0x0 ./src/TB_DS1302.o
 .data          0x00000000        0x0 ./src/TB_DS1302.o
 .bss           0x00000000        0x0 ./src/TB_DS1302.o
 .sdata.TIME    0x00000000        0x7 ./src/TB_DS1302.o
 .sdata.READ_RTC_ADDR
                0x00000000        0x7 ./src/TB_DS1302.o
 .sdata.WRITE_RTC_ADDR
                0x00000000        0x7 ./src/TB_DS1302.o
 .text.delay_10us
                0x00000000       0x3a ./src/TB_DS1302.o
 .text.delay_ms
                0x00000000       0x70 ./src/TB_DS1302.o
 .text.DS1302_PinInit
                0x00000000       0x5c ./src/TB_DS1302.o
 .text.DS1302_Wtite_Byte
                0x00000000      0x1a0 ./src/TB_DS1302.o
 .text.DS1302_READ_Byte
                0x00000000      0x1dc ./src/TB_DS1302.o
 .text.DS1302_Init
                0x00000000       0x92 ./src/TB_DS1302.o
 .text.DS1302_Read
                0x00000000       0x78 ./src/TB_DS1302.o
 .debug_macro   0x00000000      0x616 ./src/TB_DS1302.o
 .debug_macro   0x00000000       0x52 ./src/TB_DS1302.o
 .debug_macro   0x00000000       0xa0 ./src/TB_DS1302.o
 .debug_macro   0x00000000       0x16 ./src/TB_DS1302.o
 .debug_macro   0x00000000       0x64 ./src/TB_DS1302.o
 .debug_macro   0x00000000      0x1a3 ./src/TB_DS1302.o
 .debug_macro   0x00000000      0x133 ./src/TB_DS1302.o
 .debug_macro   0x00000000       0x9d ./src/TB_DS1302.o
 .debug_macro   0x00000000       0x10 ./src/TB_DS1302.o
 .debug_macro   0x00000000      0x15b ./src/TB_DS1302.o
 .debug_macro   0x00000000       0x28 ./src/TB_DS1302.o
 .debug_macro   0x00000000       0x58 ./src/TB_DS1302.o
 .debug_macro   0x00000000     0xb50a ./src/TB_DS1302.o
 .debug_macro   0x00000000      0xb62 ./src/TB_DS1302.o
 .debug_macro   0x00000000       0x2e ./src/TB_DS1302.o
 .sbss          0x00000000        0x7 ./src/TB_DS1302.o
 .group         0x00000000        0x8 ./src/TB_CAN.o
 .group         0x00000000        0x8 ./src/TB_CAN.o
 .group         0x00000000        0x8 ./src/TB_CAN.o
 .group         0x00000000        0x8 ./src/TB_CAN.o
 .group         0x00000000        0x8 ./src/TB_CAN.o
 .group         0x00000000        0x8 ./src/TB_CAN.o
 .group         0x00000000        0x8 ./src/TB_CAN.o
 .group         0x00000000        0x8 ./src/TB_CAN.o
 .group         0x00000000        0x8 ./src/TB_CAN.o
 .group         0x00000000        0x8 ./src/TB_CAN.o
 .group         0x00000000        0x8 ./src/TB_CAN.o
 .group         0x00000000        0x8 ./src/TB_CAN.o
 .group         0x00000000        0x8 ./src/TB_CAN.o
 .group         0x00000000        0x8 ./src/TB_CAN.o
 .group         0x00000000        0x8 ./src/TB_CAN.o
 .text          0x00000000        0x0 ./src/TB_CAN.o
 .data          0x00000000        0x0 ./src/TB_CAN.o
 .bss           0x00000000        0x0 ./src/TB_CAN.o
 .text.CAN_Rec_LoopBack
                0x00000000       0xfa ./src/TB_CAN.o
 .text.CAN_Trans_Message
                0x00000000       0xf4 ./src/TB_CAN.o
 .debug_macro   0x00000000      0x616 ./src/TB_CAN.o
 .debug_macro   0x00000000       0x52 ./src/TB_CAN.o
 .debug_macro   0x00000000       0xa0 ./src/TB_CAN.o
 .debug_macro   0x00000000       0x16 ./src/TB_CAN.o
 .debug_macro   0x00000000       0x64 ./src/TB_CAN.o
 .debug_macro   0x00000000      0x1a3 ./src/TB_CAN.o
 .debug_macro   0x00000000      0x133 ./src/TB_CAN.o
 .debug_macro   0x00000000       0x9d ./src/TB_CAN.o
 .debug_macro   0x00000000       0x10 ./src/TB_CAN.o
 .debug_macro   0x00000000      0x15b ./src/TB_CAN.o
 .debug_macro   0x00000000       0x28 ./src/TB_CAN.o
 .debug_macro   0x00000000       0x58 ./src/TB_CAN.o
 .debug_macro   0x00000000     0xb50a ./src/TB_CAN.o
 .debug_macro   0x00000000      0xb62 ./src/TB_CAN.o
 .debug_macro   0x00000000       0x58 ./src/TB_CAN.o
 .sbss          0x00000000       0x18 ./src/TB_CAN.o
 .group         0x00000000        0x8 ./src/TB_AnSPI.o
 .group         0x00000000        0x8 ./src/TB_AnSPI.o
 .group         0x00000000        0x8 ./src/TB_AnSPI.o
 .group         0x00000000        0x8 ./src/TB_AnSPI.o
 .group         0x00000000        0x8 ./src/TB_AnSPI.o
 .group         0x00000000        0x8 ./src/TB_AnSPI.o
 .group         0x00000000        0x8 ./src/TB_AnSPI.o
 .group         0x00000000        0x8 ./src/TB_AnSPI.o
 .group         0x00000000        0x8 ./src/TB_AnSPI.o
 .group         0x00000000        0x8 ./src/TB_AnSPI.o
 .group         0x00000000        0x8 ./src/TB_AnSPI.o
 .group         0x00000000        0x8 ./src/TB_AnSPI.o
 .group         0x00000000        0x8 ./src/TB_AnSPI.o
 .group         0x00000000        0x8 ./src/TB_AnSPI.o
 .group         0x00000000        0x8 ./src/TB_AnSPI.o
 .text          0x00000000        0x0 ./src/TB_AnSPI.o
 .data          0x00000000        0x0 ./src/TB_AnSPI.o
 .bss           0x00000000        0x0 ./src/TB_AnSPI.o
 .text.delay_100ns
                0x00000000       0x68 ./src/TB_AnSPI.o
 .text.EEPROM_Pin_Init
                0x00000000       0xb0 ./src/TB_AnSPI.o
 .text.SPI_WriteByte
                0x00000000       0xd8 ./src/TB_AnSPI.o
 .text.SPI_ReadByte
                0x00000000      0x104 ./src/TB_AnSPI.o
 .text.EEPROM_Write
                0x00000000      0x2ce ./src/TB_AnSPI.o
 .text.EEPROM_Read
                0x00000000      0x22e ./src/TB_AnSPI.o
 .text.EEPROM_Read_Mul
                0x00000000      0x142 ./src/TB_AnSPI.o
 .text.EEPROM_Write_Mul
                0x00000000      0x308 ./src/TB_AnSPI.o
 .debug_macro   0x00000000      0x616 ./src/TB_AnSPI.o
 .debug_macro   0x00000000       0x52 ./src/TB_AnSPI.o
 .debug_macro   0x00000000       0xa0 ./src/TB_AnSPI.o
 .debug_macro   0x00000000       0x16 ./src/TB_AnSPI.o
 .debug_macro   0x00000000       0x64 ./src/TB_AnSPI.o
 .debug_macro   0x00000000      0x1a3 ./src/TB_AnSPI.o
 .debug_macro   0x00000000      0x133 ./src/TB_AnSPI.o
 .debug_macro   0x00000000       0x9d ./src/TB_AnSPI.o
 .debug_macro   0x00000000       0x10 ./src/TB_AnSPI.o
 .debug_macro   0x00000000      0x15b ./src/TB_AnSPI.o
 .debug_macro   0x00000000       0x28 ./src/TB_AnSPI.o
 .debug_macro   0x00000000       0x58 ./src/TB_AnSPI.o
 .debug_macro   0x00000000     0xb50a ./src/TB_AnSPI.o
 .debug_macro   0x00000000      0xb62 ./src/TB_AnSPI.o
 .debug_macro   0x00000000       0x2e ./src/TB_AnSPI.o
 .group         0x00000000        0x8 ./src/TB_ADC.o
 .group         0x00000000        0x8 ./src/TB_ADC.o
 .group         0x00000000        0x8 ./src/TB_ADC.o
 .group         0x00000000        0x8 ./src/TB_ADC.o
 .group         0x00000000        0x8 ./src/TB_ADC.o
 .group         0x00000000        0x8 ./src/TB_ADC.o
 .group         0x00000000        0x8 ./src/TB_ADC.o
 .group         0x00000000        0x8 ./src/TB_ADC.o
 .group         0x00000000        0x8 ./src/TB_ADC.o
 .group         0x00000000        0x8 ./src/TB_ADC.o
 .group         0x00000000        0x8 ./src/TB_ADC.o
 .group         0x00000000        0x8 ./src/TB_ADC.o
 .group         0x00000000        0x8 ./src/TB_ADC.o
 .group         0x00000000        0x8 ./src/TB_ADC.o
 .text          0x00000000        0x0 ./src/TB_ADC.o
 .data          0x00000000        0x0 ./src/TB_ADC.o
 .bss           0x00000000        0x0 ./src/TB_ADC.o
 .text.ADC1_CH3_PinInit
                0x00000000       0x3c ./src/TB_ADC.o
 .text.ADC1_CH2_PinInit
                0x00000000       0x3c ./src/TB_ADC.o
 .text.ADC1_Calibration
                0x00000000       0xbe ./src/TB_ADC.o
 .text.ADC1_Init
                0x00000000       0x6e ./src/TB_ADC.o
 .text.ADC1_StartConvert
                0x00000000       0x4c ./src/TB_ADC.o
 .text.ADC1_CH3_ReadData
                0x00000000       0x6e ./src/TB_ADC.o
 .text.ADC1_CH2_ReadData
                0x00000000       0x6e ./src/TB_ADC.o
 .debug_macro   0x00000000      0x616 ./src/TB_ADC.o
 .debug_macro   0x00000000       0x52 ./src/TB_ADC.o
 .debug_macro   0x00000000       0xa0 ./src/TB_ADC.o
 .debug_macro   0x00000000       0x16 ./src/TB_ADC.o
 .debug_macro   0x00000000       0x64 ./src/TB_ADC.o
 .debug_macro   0x00000000      0x1a3 ./src/TB_ADC.o
 .debug_macro   0x00000000      0x133 ./src/TB_ADC.o
 .debug_macro   0x00000000       0x9d ./src/TB_ADC.o
 .debug_macro   0x00000000       0x10 ./src/TB_ADC.o
 .debug_macro   0x00000000      0x15b ./src/TB_ADC.o
 .debug_macro   0x00000000       0x28 ./src/TB_ADC.o
 .debug_macro   0x00000000       0x58 ./src/TB_ADC.o
 .debug_macro   0x00000000     0xb50a ./src/TB_ADC.o
 .debug_macro   0x00000000      0xb62 ./src/TB_ADC.o
 .group         0x00000000        0x8 ./src/TB_25LC256.o
 .group         0x00000000        0x8 ./src/TB_25LC256.o
 .group         0x00000000        0x8 ./src/TB_25LC256.o
 .group         0x00000000        0x8 ./src/TB_25LC256.o
 .group         0x00000000        0x8 ./src/TB_25LC256.o
 .group         0x00000000        0x8 ./src/TB_25LC256.o
 .group         0x00000000        0x8 ./src/TB_25LC256.o
 .group         0x00000000        0x8 ./src/TB_25LC256.o
 .group         0x00000000        0x8 ./src/TB_25LC256.o
 .group         0x00000000        0x8 ./src/TB_25LC256.o
 .group         0x00000000        0x8 ./src/TB_25LC256.o
 .group         0x00000000        0x8 ./src/TB_25LC256.o
 .group         0x00000000        0x8 ./src/TB_25LC256.o
 .group         0x00000000        0x8 ./src/TB_25LC256.o
 .group         0x00000000        0x8 ./src/TB_25LC256.o
 .group         0x00000000        0x8 ./src/TB_25LC256.o
 .group         0x00000000        0x8 ./src/TB_25LC256.o
 .text          0x00000000        0x0 ./src/TB_25LC256.o
 .data          0x00000000        0x0 ./src/TB_25LC256.o
 .bss           0x00000000        0x0 ./src/TB_25LC256.o
 .text.delay_100ns
                0x00000000       0x68 ./src/TB_25LC256.o
 .text.SPI_25LC256_Pin_Init
                0x00000000      0x11a ./src/TB_25LC256.o
 .text.SPI_25LC256_Init
                0x00000000       0x3c ./src/TB_25LC256.o
 .text.SPI_25LC256_DataRec
                0x00000000       0x50 ./src/TB_25LC256.o
 .text.SPI_25LC256_DataSend
                0x00000000       0x68 ./src/TB_25LC256.o
 .text.SPI_25LC256_Send_Continuous
                0x00000000       0xfe ./src/TB_25LC256.o
 .text.SPI_25LC256_WriteMul
                0x00000000      0x226 ./src/TB_25LC256.o
 .text.SPI_25LC256_ReadMul
                0x00000000      0x1e2 ./src/TB_25LC256.o
 .text.SPI_25LC256_ReadSingle
                0x00000000      0x15e ./src/TB_25LC256.o
 .debug_macro   0x00000000      0x616 ./src/TB_25LC256.o
 .debug_macro   0x00000000       0x52 ./src/TB_25LC256.o
 .debug_macro   0x00000000       0xa0 ./src/TB_25LC256.o
 .debug_macro   0x00000000       0x16 ./src/TB_25LC256.o
 .debug_macro   0x00000000       0x64 ./src/TB_25LC256.o
 .debug_macro   0x00000000      0x1a3 ./src/TB_25LC256.o
 .debug_macro   0x00000000      0x133 ./src/TB_25LC256.o
 .debug_macro   0x00000000       0x9d ./src/TB_25LC256.o
 .debug_macro   0x00000000       0x10 ./src/TB_25LC256.o
 .debug_macro   0x00000000      0x15b ./src/TB_25LC256.o
 .debug_macro   0x00000000       0x28 ./src/TB_25LC256.o
 .debug_macro   0x00000000       0x58 ./src/TB_25LC256.o
 .debug_macro   0x00000000     0xb50a ./src/TB_25LC256.o
 .debug_macro   0x00000000      0xb62 ./src/TB_25LC256.o
 .debug_macro   0x00000000       0x16 ./src/TB_25LC256.o
 .debug_macro   0x00000000       0x16 ./src/TB_25LC256.o
 .debug_macro   0x00000000       0x10 ./src/TB_25LC256.o
 .group         0x00000000        0x8 ./src/SysClk.o
 .group         0x00000000        0x8 ./src/SysClk.o
 .group         0x00000000        0x8 ./src/SysClk.o
 .group         0x00000000        0x8 ./src/SysClk.o
 .group         0x00000000        0x8 ./src/SysClk.o
 .group         0x00000000        0x8 ./src/SysClk.o
 .group         0x00000000        0x8 ./src/SysClk.o
 .group         0x00000000        0x8 ./src/SysClk.o
 .group         0x00000000        0x8 ./src/SysClk.o
 .group         0x00000000        0x8 ./src/SysClk.o
 .group         0x00000000        0x8 ./src/SysClk.o
 .group         0x00000000        0x8 ./src/SysClk.o
 .group         0x00000000        0x8 ./src/SysClk.o
 .text          0x00000000        0x0 ./src/SysClk.o
 .data          0x00000000        0x0 ./src/SysClk.o
 .bss           0x00000000        0x0 ./src/SysClk.o
 .debug_macro   0x00000000      0x616 ./src/SysClk.o
 .debug_macro   0x00000000       0x52 ./src/SysClk.o
 .debug_macro   0x00000000       0xa0 ./src/SysClk.o
 .debug_macro   0x00000000       0x16 ./src/SysClk.o
 .debug_macro   0x00000000       0x64 ./src/SysClk.o
 .debug_macro   0x00000000      0x1a3 ./src/SysClk.o
 .debug_macro   0x00000000      0x133 ./src/SysClk.o
 .debug_macro   0x00000000       0x9d ./src/SysClk.o
 .debug_macro   0x00000000       0x10 ./src/SysClk.o
 .debug_macro   0x00000000      0x15b ./src/SysClk.o
 .debug_macro   0x00000000       0x28 ./src/SysClk.o
 .debug_macro   0x00000000       0x58 ./src/SysClk.o
 .debug_macro   0x00000000     0xb50a ./src/SysClk.o
 .group         0x00000000        0x8 ./src/MPC57xx__Interrupt_Init.o
 .group         0x00000000        0x8 ./src/MPC57xx__Interrupt_Init.o
 .group         0x00000000        0x8 ./src/MPC57xx__Interrupt_Init.o
 .group         0x00000000        0x8 ./src/MPC57xx__Interrupt_Init.o
 .group         0x00000000        0x8 ./src/MPC57xx__Interrupt_Init.o
 .group         0x00000000        0x8 ./src/MPC57xx__Interrupt_Init.o
 .group         0x00000000        0x8 ./src/MPC57xx__Interrupt_Init.o
 .group         0x00000000        0x8 ./src/MPC57xx__Interrupt_Init.o
 .group         0x00000000        0x8 ./src/MPC57xx__Interrupt_Init.o
 .group         0x00000000        0x8 ./src/MPC57xx__Interrupt_Init.o
 .group         0x00000000        0x8 ./src/MPC57xx__Interrupt_Init.o
 .group         0x00000000        0x8 ./src/MPC57xx__Interrupt_Init.o
 .group         0x00000000        0x8 ./src/MPC57xx__Interrupt_Init.o
 .group         0x00000000        0x8 ./src/MPC57xx__Interrupt_Init.o
 .text          0x00000000        0x0 ./src/MPC57xx__Interrupt_Init.o
 .data          0x00000000        0x0 ./src/MPC57xx__Interrupt_Init.o
 .bss           0x00000000        0x0 ./src/MPC57xx__Interrupt_Init.o
 .debug_macro   0x00000000      0x616 ./src/MPC57xx__Interrupt_Init.o
 .debug_macro   0x00000000       0x52 ./src/MPC57xx__Interrupt_Init.o
 .debug_macro   0x00000000       0xa0 ./src/MPC57xx__Interrupt_Init.o
 .debug_macro   0x00000000       0x16 ./src/MPC57xx__Interrupt_Init.o
 .debug_macro   0x00000000       0x64 ./src/MPC57xx__Interrupt_Init.o
 .debug_macro   0x00000000      0x1a3 ./src/MPC57xx__Interrupt_Init.o
 .debug_macro   0x00000000      0x133 ./src/MPC57xx__Interrupt_Init.o
 .debug_macro   0x00000000       0x9d ./src/MPC57xx__Interrupt_Init.o
 .debug_macro   0x00000000       0x10 ./src/MPC57xx__Interrupt_Init.o
 .debug_macro   0x00000000      0x15b ./src/MPC57xx__Interrupt_Init.o
 .debug_macro   0x00000000       0x28 ./src/MPC57xx__Interrupt_Init.o
 .debug_macro   0x00000000       0x58 ./src/MPC57xx__Interrupt_Init.o
 .debug_macro   0x00000000     0xb50a ./src/MPC57xx__Interrupt_Init.o
 .debug_macro   0x00000000       0x2e ./src/MPC57xx__Interrupt_Init.o
 .text          0x00000000        0x0 D:/Software/NXP/S32DS_Power_v1.2/S32DS/e200_ewl2/lib/e200z4/fp\libc99.a(strlen.o)
 .data          0x00000000        0x0 D:/Software/NXP/S32DS_Power_v1.2/S32DS/e200_ewl2/lib/e200z4/fp\libc99.a(strlen.o)
 .bss           0x00000000        0x0 D:/Software/NXP/S32DS_Power_v1.2/S32DS/e200_ewl2/lib/e200z4/fp\libc99.a(strlen.o)
 .text.strlen   0x00000000       0x12 D:/Software/NXP/S32DS_Power_v1.2/S32DS/e200_ewl2/lib/e200z4/fp\libc99.a(strlen.o)
 .bss           0x00000000        0x0 d:/software/nxp/s32ds_power_v1.2/cross_tools/powerpc-eabivle-4_9/bin/../lib/gcc/powerpc-eabivle/4.9.4/e200z4/fp\libgcc.a(eabivle.o)
 .data          0x00000000        0x0 d:/software/nxp/s32ds_power_v1.2/cross_tools/powerpc-eabivle-4_9/bin/../lib/gcc/powerpc-eabivle/4.9.4/e200z4/fp/crtend.o
 .bss           0x00000000        0x0 d:/software/nxp/s32ds_power_v1.2/cross_tools/powerpc-eabivle-4_9/bin/../lib/gcc/powerpc-eabivle/4.9.4/e200z4/fp/crtend.o
 .jcr           0x00000000        0x4 d:/software/nxp/s32ds_power_v1.2/cross_tools/powerpc-eabivle-4_9/bin/../lib/gcc/powerpc-eabivle/4.9.4/e200z4/fp/crtend.o
 .text          0x00000000        0x0 d:/software/nxp/s32ds_power_v1.2/cross_tools/powerpc-eabivle-4_9/bin/../lib/gcc/powerpc-eabivle/4.9.4/e200z4/fp/ecrtn.o
 .data          0x00000000        0x0 d:/software/nxp/s32ds_power_v1.2/cross_tools/powerpc-eabivle-4_9/bin/../lib/gcc/powerpc-eabivle/4.9.4/e200z4/fp/ecrtn.o
 .bss           0x00000000        0x0 d:/software/nxp/s32ds_power_v1.2/cross_tools/powerpc-eabivle-4_9/bin/../lib/gcc/powerpc-eabivle/4.9.4/e200z4/fp/ecrtn.o
 .fixup         0x00000000        0x0 d:/software/nxp/s32ds_power_v1.2/cross_tools/powerpc-eabivle-4_9/bin/../lib/gcc/powerpc-eabivle/4.9.4/e200z4/fp/ecrtn.o
 .sdata         0x00000000        0x0 d:/software/nxp/s32ds_power_v1.2/cross_tools/powerpc-eabivle-4_9/bin/../lib/gcc/powerpc-eabivle/4.9.4/e200z4/fp/ecrtn.o
 .sdata2        0x00000000        0x0 d:/software/nxp/s32ds_power_v1.2/cross_tools/powerpc-eabivle-4_9/bin/../lib/gcc/powerpc-eabivle/4.9.4/e200z4/fp/ecrtn.o
 .gcc_except_table
                0x00000000        0x0 d:/software/nxp/s32ds_power_v1.2/cross_tools/powerpc-eabivle-4_9/bin/../lib/gcc/powerpc-eabivle/4.9.4/e200z4/fp/ecrtn.o

Memory Configuration

Name             Origin             Length             Attributes
flash_rchw       0x00fa0000         0x00000004
cpu0_reset_vec   0x00fa0004         0x00000004
m_text           0x01000000         0x00200000
m_data           0x40000000         0x00060000
local_dmem       0x50800000         0x00010000
*default*        0x00000000         0xffffffff

Linker script and memory map

LOAD d:/software/nxp/s32ds_power_v1.2/cross_tools/powerpc-eabivle-4_9/bin/../lib/gcc/powerpc-eabivle/4.9.4/e200z4/fp/ecrti.o
LOAD d:/software/nxp/s32ds_power_v1.2/cross_tools/powerpc-eabivle-4_9/bin/../lib/gcc/powerpc-eabivle/4.9.4/e200z4/fp/crtbegin.o
LOAD ./Project_Settings/Startup_Code/startup.o
LOAD ./src/main.o
LOAD ./src/intc_sw_handlers.o
LOAD ./src/intc_SW_mode_isr_vectors_MPC5744P.o
LOAD ./src/flashrchw.o
LOAD ./src/Vector.o
LOAD ./src/TB_UART.o
LOAD ./src/TB_PIT.o
LOAD ./src/TB_LTC6804.o
LOAD ./src/TB_GPIO.o
LOAD ./src/TB_DS1302.o
LOAD ./src/TB_CAN.o
LOAD ./src/TB_AnSPI.o
LOAD ./src/TB_ADC.o
LOAD ./src/TB_25LC256.o
LOAD ./src/SysClk.o
LOAD ./src/MPC57xx__Interrupt_Init.o
START GROUP
LOAD D:/Software/NXP/S32DS_Power_v1.2/S32DS/e200_ewl2/lib/e200z4/fp\libc99.a
LOAD D:/Software/NXP/S32DS_Power_v1.2/S32DS/e200_ewl2/lib/e200z4/fp\libm.a
LOAD d:/software/nxp/s32ds_power_v1.2/cross_tools/powerpc-eabivle-4_9/bin/../lib/gcc/powerpc-eabivle/4.9.4/e200z4/fp\libgcc.a
LOAD D:/Software/NXP/S32DS_Power_v1.2/S32DS/e200_ewl2/lib/e200z4/fp\librt.a
END GROUP
LOAD d:/software/nxp/s32ds_power_v1.2/cross_tools/powerpc-eabivle-4_9/bin/../lib/gcc/powerpc-eabivle/4.9.4/e200z4/fp/crtend.o
LOAD d:/software/nxp/s32ds_power_v1.2/cross_tools/powerpc-eabivle-4_9/bin/../lib/gcc/powerpc-eabivle/4.9.4/e200z4/fp/ecrtn.o
                0x00000000                __HEAP_SIZE = 0x0
                0x00001000                __STACK_SIZE = 0x1000
                0x00060000                SRAM_SIZE = 0x60000
                0x40000000                SRAM_BASE_ADDR = 0x40000000
                0x00010000                LOCALDMEM_SIZE = 0x10000
                0x50800000                LOCALDMEM_BASE_ADDR = 0x50800000

.rchw           0x00fa0000        0x4
 *(.rchw)
 .rchw          0x00fa0000        0x4 ./src/flashrchw.o
                0x00fa0000                RCHW1

.cpu0_reset_vector
                0x00fa0004        0x4
 *(.cpu0_reset_vector)
 .cpu0_reset_vector
                0x00fa0004        0x4 ./src/flashrchw.o
                0x00fa0004                RCHW2

.startup        0x01000000      0x1fe
                0x01000000                __start = .
 *(.startup)
 .startup       0x01000000      0x1fe ./Project_Settings/Startup_Code/startup.o
                0x01000000                _start

.core_exceptions_table
                0x01001000       0xf4
                0x01001000                __IVPR_VALUE = .
 *(.core_exceptions_table)
 .core_exceptions_table
                0x01001000       0xf4 ./src/Vector.o
                0x01001000                VTABLE
                0x01001000                IVOR0_Vector
                0x01001010                IVOR1_Vector
                0x01001020                IVOR2_Vector
                0x01001030                IVOR3_Vector
                0x01001040                IVOR4_Vector
                0x01001050                IVOR5_Vector
                0x01001060                IVOR6_Vector
                0x01001070                IVOR7_Vector
                0x01001080                IVOR8_Vector
                0x01001090                IVOR9_Vector
                0x010010a0                IVOR10_Vector
                0x010010b0                IVOR11_Vector
                0x010010c0                IVOR12_Vector
                0x010010d0                IVOR13_Vector
                0x010010e0                IVOR14_Vector
                0x010010f0                IVOR15_Vector

.intc_vector_table
                0x01002000      0xb78
 *(.intc_vector_table)
 .intc_vector_table
                0x01002000      0xb78 ./src/intc_SW_mode_isr_vectors_MPC5744P.o
                0x01002000                IntcIsrVectorTable

.text           0x01002b80     0x1690
 *(.text.startup)
 *(.text)
 .text          0x01002b80      0x16c d:/software/nxp/s32ds_power_v1.2/cross_tools/powerpc-eabivle-4_9/bin/../lib/gcc/powerpc-eabivle/4.9.4/e200z4/fp/crtbegin.o
 *fill*         0x01002cec        0x4 
 .text          0x01002cf0       0x48 ./src/intc_sw_handlers.o
                0x01002cf0                IVOR4_Handler
 .text          0x01002d38       0x4a d:/software/nxp/s32ds_power_v1.2/cross_tools/powerpc-eabivle-4_9/bin/../lib/gcc/powerpc-eabivle/4.9.4/e200z4/fp\libgcc.a(eabivle.o)
                0x01002d38                __eabi
 *fill*         0x01002d82        0x2 
 .text          0x01002d84       0x48 d:/software/nxp/s32ds_power_v1.2/cross_tools/powerpc-eabivle-4_9/bin/../lib/gcc/powerpc-eabivle/4.9.4/e200z4/fp/crtend.o
 *(.text.*)
 .text.CAN0_Rec_ISR
                0x01002dcc       0x4a ./src/main.o
                0x01002dcc                CAN0_Rec_ISR
 *fill*         0x01002e16        0x2 
 .text.PIT0_CH1_ISR
                0x01002e18       0x72 ./src/main.o
                0x01002e18                PIT0_CH1_ISR
 *fill*         0x01002e8a        0x2 
 .text.PIT0_CH0_ISR
                0x01002e8c       0x80 ./src/main.o
                0x01002e8c                PIT0_CH0_ISR
 .text.UART0_ISR
                0x01002f0c       0x32 ./src/main.o
                0x01002f0c                UART0_ISR
 *fill*         0x01002f3e        0x2 
 .text.UART1_ISR
                0x01002f40       0x80 ./src/main.o
                0x01002f40                UART1_ISR
 .text.SPI_REC_ISR
                0x01002fc0       0x26 ./src/main.o
                0x01002fc0                SPI_REC_ISR
 *fill*         0x01002fe6        0x2 
 .text.main     0x01002fe8       0x5c ./src/main.o
                0x01002fe8                main
 .text.delay_test0
                0x01003044       0x66 ./src/main.o
                0x01003044                delay_test0
 *fill*         0x010030aa        0x2 
 .text.dummy    0x010030ac        0xc ./src/intc_SW_mode_isr_vectors_MPC5744P.o
                0x010030ac                dummy
 .text.SPI_DataSend
                0x010030b8       0x74 ./src/TB_LTC6804.o
                0x010030b8                SPI_DataSend
 .text.SPI_mid_DataSend
                0x0100312c       0x74 ./src/TB_LTC6804.o
                0x0100312c                SPI_mid_DataSend
 .text.DataOrganization
                0x010031a0      0x2a6 ./src/TB_LTC6804.o
                0x010031a0                DataOrganization
 *fill*         0x01003446        0x2 
 .text.vol_sample
                0x01003448      0x686 ./src/TB_LTC6804.o
                0x01003448                vol_sample
 *fill*         0x01003ace        0x2 
 .text.delay_test
                0x01003ad0       0x70 ./src/TB_LTC6804.o
                0x01003ad0                delay_test
 .text.gpio_init
                0x01003b40       0xd4 ./src/TB_GPIO.o
                0x01003b40                gpio_init
 .text.initCAN_0
                0x01003c14      0x16c ./src/TB_CAN.o
                0x01003c14                initCAN_0
 .text.CAN_Trans
                0x01003d80       0xe0 ./src/TB_CAN.o
                0x01003d80                CAN_Trans
 .text.CAN_Rec_Interrupt
                0x01003e60       0xce ./src/TB_CAN.o
                0x01003e60                CAN_Rec_Interrupt
 *fill*         0x01003f2e        0x2 
 .text.SysClk_Init
                0x01003f30      0x140 ./src/SysClk.o
                0x01003f30                SysClk_Init
 .text.InitPeriClkGen
                0x01004070       0xbc ./src/SysClk.o
                0x01004070                InitPeriClkGen
 .text.SetIVPR  0x0100412c       0x1a ./src/MPC57xx__Interrupt_Init.o
                0x0100412c                SetIVPR
 *fill*         0x01004146        0x2 
 .text.InitINTC
                0x01004148       0x32 ./src/MPC57xx__Interrupt_Init.o
                0x01004148                InitINTC
 *fill*         0x0100417a        0x2 
 .text.enableIrq
                0x0100417c       0x20 ./src/MPC57xx__Interrupt_Init.o
                0x0100417c                enableIrq
 .text.xcptn_xmpl
                0x0100419c       0x34 ./src/MPC57xx__Interrupt_Init.o
                0x0100419c                xcptn_xmpl
 *(.init)
 .init          0x010041d0        0xa d:/software/nxp/s32ds_power_v1.2/cross_tools/powerpc-eabivle-4_9/bin/../lib/gcc/powerpc-eabivle/4.9.4/e200z4/fp/ecrti.o
                0x010041d0                __init
 .init          0x010041da        0x4 d:/software/nxp/s32ds_power_v1.2/cross_tools/powerpc-eabivle-4_9/bin/../lib/gcc/powerpc-eabivle/4.9.4/e200z4/fp/crtbegin.o
 .init          0x010041de        0x4 d:/software/nxp/s32ds_power_v1.2/cross_tools/powerpc-eabivle-4_9/bin/../lib/gcc/powerpc-eabivle/4.9.4/e200z4/fp/crtend.o
 .init          0x010041e2        0xa d:/software/nxp/s32ds_power_v1.2/cross_tools/powerpc-eabivle-4_9/bin/../lib/gcc/powerpc-eabivle/4.9.4/e200z4/fp/ecrtn.o
 *(.fini)
 .fini          0x010041ec        0xa d:/software/nxp/s32ds_power_v1.2/cross_tools/powerpc-eabivle-4_9/bin/../lib/gcc/powerpc-eabivle/4.9.4/e200z4/fp/ecrti.o
                0x010041ec                __fini
 .fini          0x010041f6        0x4 d:/software/nxp/s32ds_power_v1.2/cross_tools/powerpc-eabivle-4_9/bin/../lib/gcc/powerpc-eabivle/4.9.4/e200z4/fp/crtbegin.o
 .fini          0x010041fa        0xa d:/software/nxp/s32ds_power_v1.2/cross_tools/powerpc-eabivle-4_9/bin/../lib/gcc/powerpc-eabivle/4.9.4/e200z4/fp/ecrtn.o
                0x01004210                . = ALIGN (0x10)
 *fill*         0x01004204        0xc 

.glink          0x01004210        0x0
 .glink         0x01004210        0x0 d:/software/nxp/s32ds_power_v1.2/cross_tools/powerpc-eabivle-4_9/bin/../lib/gcc/powerpc-eabivle/4.9.4/e200z4/fp/crtbegin.o

.ctors          0x01004210        0x8
                0x01004210                __CTOR_LIST__ = .
 *crtbegin.o(.ctors)
 .ctors         0x01004210        0x4 d:/software/nxp/s32ds_power_v1.2/cross_tools/powerpc-eabivle-4_9/bin/../lib/gcc/powerpc-eabivle/4.9.4/e200z4/fp/crtbegin.o
 *crtbegin?.o(.ctors)
 *(EXCLUDE_FILE(*crtend.o *crtend?.o) .ctors)
 .ctors         0x01004214        0x0 d:/software/nxp/s32ds_power_v1.2/cross_tools/powerpc-eabivle-4_9/bin/../lib/gcc/powerpc-eabivle/4.9.4/e200z4/fp/ecrti.o
 .ctors         0x01004214        0x0 d:/software/nxp/s32ds_power_v1.2/cross_tools/powerpc-eabivle-4_9/bin/../lib/gcc/powerpc-eabivle/4.9.4/e200z4/fp/ecrtn.o
 *(SORT(.ctors.*))
 *(.ctors)
 .ctors         0x01004214        0x4 d:/software/nxp/s32ds_power_v1.2/cross_tools/powerpc-eabivle-4_9/bin/../lib/gcc/powerpc-eabivle/4.9.4/e200z4/fp/crtend.o
                0x01004218                __CTOR_END__ = .

.dtors          0x01004218        0x8
                0x01004218                __DTOR_LIST__ = .
 *crtbegin.o(.dtors)
 .dtors         0x01004218        0x4 d:/software/nxp/s32ds_power_v1.2/cross_tools/powerpc-eabivle-4_9/bin/../lib/gcc/powerpc-eabivle/4.9.4/e200z4/fp/crtbegin.o
 *crtbegin?.o(.dtors)
 *(EXCLUDE_FILE(*crtend.o *crtend?.o) .dtors)
 .dtors         0x0100421c        0x0 d:/software/nxp/s32ds_power_v1.2/cross_tools/powerpc-eabivle-4_9/bin/../lib/gcc/powerpc-eabivle/4.9.4/e200z4/fp/ecrti.o
 .dtors         0x0100421c        0x0 d:/software/nxp/s32ds_power_v1.2/cross_tools/powerpc-eabivle-4_9/bin/../lib/gcc/powerpc-eabivle/4.9.4/e200z4/fp/ecrtn.o
 *(SORT(.dtors.*))
 *(.dtors)
 .dtors         0x0100421c        0x4 d:/software/nxp/s32ds_power_v1.2/cross_tools/powerpc-eabivle-4_9/bin/../lib/gcc/powerpc-eabivle/4.9.4/e200z4/fp/crtend.o
                0x01004220                __DTOR_END__ = .

.preinit_array  0x01004220        0x0
                [!provide]                PROVIDE (__preinit_array_start, .)
 *(.preinit_array*)
                [!provide]                PROVIDE (__preinit_array_end, .)

.init_array     0x01004220        0x0
                [!provide]                PROVIDE (__init_array_start, .)
 *(SORT(.init_array.*))
 *(.init_array*)
                [!provide]                PROVIDE (__init_array_end, .)

.fini_array     0x01004220        0x0
                [!provide]                PROVIDE (__fini_array_start, .)
 *(SORT(.fini_array.*))
 *(.fini_array*)
                [!provide]                PROVIDE (__fini_array_end, .)

.rodata         0x01004220       0x98
 *(.rodata)
 .rodata        0x01004220        0x7 ./src/main.o
 *(.rodata.*)
 *fill*         0x01004227        0x1 
 .rodata.DataOrganization
                0x01004228       0x90 ./src/TB_LTC6804.o

.eh_frame_hdr
 *(.eh_frame_hdr)

.eh_frame       0x010042b8        0x8
 *(.eh_frame)
 .eh_frame      0x010042b8        0x0 d:/software/nxp/s32ds_power_v1.2/cross_tools/powerpc-eabivle-4_9/bin/../lib/gcc/powerpc-eabivle/4.9.4/e200z4/fp/ecrti.o
                0x010042b8                __EH_FRAME_BEGIN__
 .eh_frame      0x010042b8        0x0 d:/software/nxp/s32ds_power_v1.2/cross_tools/powerpc-eabivle-4_9/bin/../lib/gcc/powerpc-eabivle/4.9.4/e200z4/fp/crtbegin.o
 .eh_frame      0x010042b8        0x0 d:/software/nxp/s32ds_power_v1.2/cross_tools/powerpc-eabivle-4_9/bin/../lib/gcc/powerpc-eabivle/4.9.4/e200z4/fp/crtbegin.o
 .eh_frame      0x010042b8        0x4 d:/software/nxp/s32ds_power_v1.2/cross_tools/powerpc-eabivle-4_9/bin/../lib/gcc/powerpc-eabivle/4.9.4/e200z4/fp/crtend.o
 .eh_frame      0x010042bc        0x4 d:/software/nxp/s32ds_power_v1.2/cross_tools/powerpc-eabivle-4_9/bin/../lib/gcc/powerpc-eabivle/4.9.4/e200z4/fp/ecrtn.o
                0x010042bc                __EH_FRAME_END__

.data           0x40000000      0x1b1 load address 0x010042c0
 *(.data)
 .data          0x40000000        0x4 d:/software/nxp/s32ds_power_v1.2/cross_tools/powerpc-eabivle-4_9/bin/../lib/gcc/powerpc-eabivle/4.9.4/e200z4/fp\libgcc.a(eabivle.o)
 *(.data.*)
 .data.SPIDATA2
                0x40000004      0x18c ./src/TB_LTC6804.o
                0x40000004                SPIDATA2
 .data.SPIDATALEN2
                0x40000190       0x21 ./src/TB_LTC6804.o
                0x40000190                SPIDATALEN2

.jcr            0x400001b4        0x0 load address 0x01004471
 .jcr           0x400001b4        0x0 d:/software/nxp/s32ds_power_v1.2/cross_tools/powerpc-eabivle-4_9/bin/../lib/gcc/powerpc-eabivle/4.9.4/e200z4/fp/crtbegin.o

.tm_clone_table
                0x400001b4        0x0 load address 0x01004471
 .tm_clone_table
                0x400001b4        0x0 d:/software/nxp/s32ds_power_v1.2/cross_tools/powerpc-eabivle-4_9/bin/../lib/gcc/powerpc-eabivle/4.9.4/e200z4/fp/crtbegin.o
 .tm_clone_table
                0x400001b4        0x0 d:/software/nxp/s32ds_power_v1.2/cross_tools/powerpc-eabivle-4_9/bin/../lib/gcc/powerpc-eabivle/4.9.4/e200z4/fp/crtend.o

.got2           0x400001b4       0x1c load address 0x01004471
 .got2          0x400001b4       0x1c d:/software/nxp/s32ds_power_v1.2/cross_tools/powerpc-eabivle-4_9/bin/../lib/gcc/powerpc-eabivle/4.9.4/e200z4/fp\libgcc.a(eabivle.o)

.sdata2         0x400001d0        0x0 load address 0x0100448d
 *(.sdata2)
 .sdata2        0x400001d0        0x0 d:/software/nxp/s32ds_power_v1.2/cross_tools/powerpc-eabivle-4_9/bin/../lib/gcc/powerpc-eabivle/4.9.4/e200z4/fp/ecrti.o
 .sdata2        0x400001d0        0x0 d:/software/nxp/s32ds_power_v1.2/cross_tools/powerpc-eabivle-4_9/bin/../lib/gcc/powerpc-eabivle/4.9.4/e200z4/fp/crtbegin.o
 *(.sdata2.*)

.sbss2          0x400001d0        0x0 load address 0x0100448d
 *(.sbss2)
 .sbss2         0x400001d0        0x0 d:/software/nxp/s32ds_power_v1.2/cross_tools/powerpc-eabivle-4_9/bin/../lib/gcc/powerpc-eabivle/4.9.4/e200z4/fp/ecrtn.o
 *(.sbss2.*)

.rela.dyn       0x400001d0        0x0 load address 0x0100448d
 .rela.iplt     0x400001d0        0x0 d:/software/nxp/s32ds_power_v1.2/cross_tools/powerpc-eabivle-4_9/bin/../lib/gcc/powerpc-eabivle/4.9.4/e200z4/fp/crtbegin.o
 .rela.text     0x400001d0        0x0 d:/software/nxp/s32ds_power_v1.2/cross_tools/powerpc-eabivle-4_9/bin/../lib/gcc/powerpc-eabivle/4.9.4/e200z4/fp/crtbegin.o
 .rela.text.CAN0_Rec_ISR
                0x400001d0        0x0 d:/software/nxp/s32ds_power_v1.2/cross_tools/powerpc-eabivle-4_9/bin/../lib/gcc/powerpc-eabivle/4.9.4/e200z4/fp/crtbegin.o
 .rela.text.UART1_ISR
                0x400001d0        0x0 d:/software/nxp/s32ds_power_v1.2/cross_tools/powerpc-eabivle-4_9/bin/../lib/gcc/powerpc-eabivle/4.9.4/e200z4/fp/crtbegin.o
 .rela.text.UART0_Init
                0x400001d0        0x0 d:/software/nxp/s32ds_power_v1.2/cross_tools/powerpc-eabivle-4_9/bin/../lib/gcc/powerpc-eabivle/4.9.4/e200z4/fp/crtbegin.o
 .rela.text.UART0_Send
                0x400001d0        0x0 d:/software/nxp/s32ds_power_v1.2/cross_tools/powerpc-eabivle-4_9/bin/../lib/gcc/powerpc-eabivle/4.9.4/e200z4/fp/crtbegin.o
 .rela.text.UART1_Init
                0x400001d0        0x0 d:/software/nxp/s32ds_power_v1.2/cross_tools/powerpc-eabivle-4_9/bin/../lib/gcc/powerpc-eabivle/4.9.4/e200z4/fp/crtbegin.o
 .rela.text.UART1_Send
                0x400001d0        0x0 d:/software/nxp/s32ds_power_v1.2/cross_tools/powerpc-eabivle-4_9/bin/../lib/gcc/powerpc-eabivle/4.9.4/e200z4/fp/crtbegin.o
 .rela.text.pec15
                0x400001d0        0x0 d:/software/nxp/s32ds_power_v1.2/cross_tools/powerpc-eabivle-4_9/bin/../lib/gcc/powerpc-eabivle/4.9.4/e200z4/fp/crtbegin.o
 .rela.text.DS1302_Read
                0x400001d0        0x0 d:/software/nxp/s32ds_power_v1.2/cross_tools/powerpc-eabivle-4_9/bin/../lib/gcc/powerpc-eabivle/4.9.4/e200z4/fp/crtbegin.o
 .rela.text.CAN_Rec_LoopBack
                0x400001d0        0x0 d:/software/nxp/s32ds_power_v1.2/cross_tools/powerpc-eabivle-4_9/bin/../lib/gcc/powerpc-eabivle/4.9.4/e200z4/fp/crtbegin.o
 .rela.got2     0x400001d0        0x0 d:/software/nxp/s32ds_power_v1.2/cross_tools/powerpc-eabivle-4_9/bin/../lib/gcc/powerpc-eabivle/4.9.4/e200z4/fp/crtbegin.o

.sdata          0x400001d0       0x10 load address 0x0100448d
 *(.sdata)
 .sdata         0x400001d0        0x0 d:/software/nxp/s32ds_power_v1.2/cross_tools/powerpc-eabivle-4_9/bin/../lib/gcc/powerpc-eabivle/4.9.4/e200z4/fp/ecrti.o
                0x400001d0                __SDATA_START__
 .sdata         0x400001d0        0x0 d:/software/nxp/s32ds_power_v1.2/cross_tools/powerpc-eabivle-4_9/bin/../lib/gcc/powerpc-eabivle/4.9.4/e200z4/fp/crtbegin.o
                0x400081d0                _SDA_BASE_
 *(.sdata.*)
 .sdata.Rx_Buff
                0x400001d0        0x8 ./src/main.o
                0x400001d0                Rx_Buff
 .sdata.gCommandType
                0x400001d8        0x1 ./src/TB_LTC6804.o
                0x400001d8                gCommandType
 .sdata.Waittime
                0x400001d9        0x1 ./src/TB_LTC6804.o
                0x400001d9                Waittime
 *fill*         0x400001da        0x2 
 .sdata.resettime
                0x400001dc        0x4 ./src/TB_LTC6804.o
                0x400001dc                resettime

.bss            0x400001e0      0x223 load address 0x0100449d
                0x400001e0                __BSS_START = .
 *(.sbss)
 .sbss          0x400001e0        0x0 d:/software/nxp/s32ds_power_v1.2/cross_tools/powerpc-eabivle-4_9/bin/../lib/gcc/powerpc-eabivle/4.9.4/e200z4/fp/crtbegin.o
 .sbss          0x400001e0        0xc ./src/main.o
                0x400001e0                R_ID
                0x400001e4                R_CODE
                0x400001e8                R_Length
 .sbss          0x400001ec        0x0 d:/software/nxp/s32ds_power_v1.2/cross_tools/powerpc-eabivle-4_9/bin/../lib/gcc/powerpc-eabivle/4.9.4/e200z4/fp/ecrtn.o
                0x400001ec                __SBSS_END__
 *(.sbss.*)
 .sbss.SPILINE  0x400001ec        0x1 ./src/TB_LTC6804.o
                0x400001ec                SPILINE
 .sbss.sendable
                0x400001ed        0x1 ./src/TB_LTC6804.o
                0x400001ed                sendable
 *(.bss)
 *fill*         0x400001ee        0x2 
 .bss           0x400001f0       0x20 d:/software/nxp/s32ds_power_v1.2/cross_tools/powerpc-eabivle-4_9/bin/../lib/gcc/powerpc-eabivle/4.9.4/e200z4/fp/crtbegin.o
 *(.bss.*)
 .bss.flag.14084
                0x40000210        0x1 ./src/main.o
 .bss.flag.14087
                0x40000211        0x1 ./src/main.o
 .bss.Index.14094
                0x40000212        0x1 ./src/main.o
 .bss.g_SPI_Rx_array
                0x40000213      0x18c ./src/TB_LTC6804.o
                0x40000213                g_SPI_Rx_array
 *fill*         0x4000039f        0x1 
 .bss.i.14047   0x400003a0        0x4 ./src/TB_LTC6804.o
 .bss.temp.14048
                0x400003a4        0x1 ./src/TB_LTC6804.o
 .bss.rows.14049
                0x400003a5        0x1 ./src/TB_LTC6804.o
 *fill*         0x400003a6        0x2 
 .bss.num.14051
                0x400003a8        0x4 ./src/TB_LTC6804.o
 .bss.cell.14050
                0x400003ac       0x30 ./src/TB_LTC6804.o
 .bss.tmp.14052
                0x400003dc       0x18 ./src/TB_LTC6804.o
 *(COMMON)
 COMMON         0x400003f4        0xf ./src/main.o
                0x400003f4                DataRec_485
                0x40000403                __BSS_END = .

.iplt           0x40000410        0x0 load address 0x0100449d
 .iplt          0x40000410        0x0 d:/software/nxp/s32ds_power_v1.2/cross_tools/powerpc-eabivle-4_9/bin/../lib/gcc/powerpc-eabivle/4.9.4/e200z4/fp/crtbegin.o

.stack          0x50800000     0x1004
                0x50800000                __HEAP = .
                [!provide]                PROVIDE (_end, .)
                [!provide]                PROVIDE (end, .)
                0x50800000                . = (. + __HEAP_SIZE)
                0x50800000                __HEAP_END = .
                0x50800000                _stack_end = .
                0x50801000                . = (. + __STACK_SIZE)
 *fill*         0x50800000     0x1000 
                0x50801000                _stack_addr = .
                0x50801000                __SP_INIT = .
                0x50801004                . = (. + 0x4)
 *fill*         0x50801000        0x4 
                0x40000000                __DATA_SRAM_ADDR = ADDR (.data)
                0x400001d0                __SDATA_SRAM_ADDR = ADDR (.sdata)
                0x000001b1                __DATA_SIZE = SIZEOF (.data)
                0x00000010                __SDATA_SIZE = SIZEOF (.sdata)
                0x010042c0                __DATA_ROM_ADDR = LOADADDR (.data)
                0x0100448d                __SDATA_ROM_ADDR = LOADADDR (.sdata)
                0x00060000                __SRAM_SIZE = SRAM_SIZE
                0x40000000                __SRAM_BASE_ADDR = SRAM_BASE_ADDR
                0x00010000                __LOCAL_DMEM_SIZE = LOCALDMEM_SIZE
                0x50800000                __LOCAL_DMEM_BASE_ADDR = LOCALDMEM_BASE_ADDR
                0x00000223                __BSS_SIZE = (__BSS_END - __BSS_START)
OUTPUT(TestBorad.elf elf32-powerpc)

.PPC.EMB.apuinfo
                0x00000000       0x18
 .PPC.EMB.apuinfo
                0x00000000       0x18 d:/software/nxp/s32ds_power_v1.2/cross_tools/powerpc-eabivle-4_9/bin/../lib/gcc/powerpc-eabivle/4.9.4/e200z4/fp/ecrti.o
 .PPC.EMB.apuinfo
                0x00000018       0x18 d:/software/nxp/s32ds_power_v1.2/cross_tools/powerpc-eabivle-4_9/bin/../lib/gcc/powerpc-eabivle/4.9.4/e200z4/fp/crtbegin.o
 .PPC.EMB.apuinfo
                0x00000030       0x18 ./Project_Settings/Startup_Code/startup.o
 .PPC.EMB.apuinfo
                0x00000048       0x18 ./src/main.o
 .PPC.EMB.apuinfo
                0x00000060       0x18 ./src/intc_sw_handlers.o
 .PPC.EMB.apuinfo
                0x00000078       0x18 ./src/intc_SW_mode_isr_vectors_MPC5744P.o
 .PPC.EMB.apuinfo
                0x00000090       0x18 ./src/Vector.o
 .PPC.EMB.apuinfo
                0x000000a8       0x18 ./src/TB_UART.o
 .PPC.EMB.apuinfo
                0x000000c0       0x18 ./src/TB_PIT.o
 .PPC.EMB.apuinfo
                0x000000d8       0x18 ./src/TB_LTC6804.o
 .PPC.EMB.apuinfo
                0x000000f0       0x18 ./src/TB_GPIO.o
 .PPC.EMB.apuinfo
                0x00000108       0x18 ./src/TB_DS1302.o
 .PPC.EMB.apuinfo
                0x00000120       0x18 ./src/TB_CAN.o
 .PPC.EMB.apuinfo
                0x00000138       0x18 ./src/TB_AnSPI.o
 .PPC.EMB.apuinfo
                0x00000150       0x18 ./src/TB_ADC.o
 .PPC.EMB.apuinfo
                0x00000168       0x18 ./src/TB_25LC256.o
 .PPC.EMB.apuinfo
                0x00000180       0x18 ./src/SysClk.o
 .PPC.EMB.apuinfo
                0x00000198       0x18 ./src/MPC57xx__Interrupt_Init.o
 .PPC.EMB.apuinfo
                0x000001b0       0x18 D:/Software/NXP/S32DS_Power_v1.2/S32DS/e200_ewl2/lib/e200z4/fp\libc99.a(strlen.o)
 .PPC.EMB.apuinfo
                0x000001c8       0x18 d:/software/nxp/s32ds_power_v1.2/cross_tools/powerpc-eabivle-4_9/bin/../lib/gcc/powerpc-eabivle/4.9.4/e200z4/fp\libgcc.a(eabivle.o)
 .PPC.EMB.apuinfo
                0x000001e0       0x18 d:/software/nxp/s32ds_power_v1.2/cross_tools/powerpc-eabivle-4_9/bin/../lib/gcc/powerpc-eabivle/4.9.4/e200z4/fp/crtend.o
 .PPC.EMB.apuinfo
                0x000001f8       0x18 d:/software/nxp/s32ds_power_v1.2/cross_tools/powerpc-eabivle-4_9/bin/../lib/gcc/powerpc-eabivle/4.9.4/e200z4/fp/ecrtn.o

.comment        0x00000000       0x8e
 .comment       0x00000000       0x8e ./src/main.o
                                 0x8f (size before relaxing)
 .comment       0x0000008e       0x8f ./src/intc_SW_mode_isr_vectors_MPC5744P.o
 .comment       0x0000008e       0x8f ./src/flashrchw.o
 .comment       0x0000008e       0x8f ./src/Vector.o
 .comment       0x0000008e       0x8f ./src/TB_UART.o
 .comment       0x0000008e       0x8f ./src/TB_PIT.o
 .comment       0x0000008e       0x8f ./src/TB_LTC6804.o
 .comment       0x0000008e       0x8f ./src/TB_GPIO.o
 .comment       0x0000008e       0x8f ./src/TB_DS1302.o
 .comment       0x0000008e       0x8f ./src/TB_CAN.o
 .comment       0x0000008e       0x8f ./src/TB_AnSPI.o
 .comment       0x0000008e       0x8f ./src/TB_ADC.o
 .comment       0x0000008e       0x8f ./src/TB_25LC256.o
 .comment       0x0000008e       0x8f ./src/SysClk.o
 .comment       0x0000008e       0x8f ./src/MPC57xx__Interrupt_Init.o
 .comment       0x0000008e       0x8f D:/Software/NXP/S32DS_Power_v1.2/S32DS/e200_ewl2/lib/e200z4/fp\libc99.a(strlen.o)

.debug_line     0x00000000     0x2af8
 .debug_line    0x00000000       0xdb ./Project_Settings/Startup_Code/startup.o
 .debug_line    0x000000db      0x333 ./src/main.o
 .debug_line    0x0000040e       0x5d ./src/intc_sw_handlers.o
 .debug_line    0x0000046b      0x1e5 ./src/intc_SW_mode_isr_vectors_MPC5744P.o
 .debug_line    0x00000650      0x1b8 ./src/flashrchw.o
 .debug_line    0x00000808       0xe6 ./src/Vector.o
 .debug_line    0x000008ee      0x334 ./src/TB_UART.o
 .debug_line    0x00000c22      0x1f7 ./src/TB_PIT.o
 .debug_line    0x00000e19      0x38d ./src/TB_LTC6804.o
 .debug_line    0x000011a6      0x21c ./src/TB_GPIO.o
 .debug_line    0x000013c2      0x36b ./src/TB_DS1302.o
 .debug_line    0x0000172d      0x2c0 ./src/TB_CAN.o
 .debug_line    0x000019ed      0x55a ./src/TB_AnSPI.o
 .debug_line    0x00001f47      0x28d ./src/TB_ADC.o
 .debug_line    0x000021d4      0x427 ./src/TB_25LC256.o
 .debug_line    0x000025fb      0x22d ./src/SysClk.o
 .debug_line    0x00002828      0x248 ./src/MPC57xx__Interrupt_Init.o
 .debug_line    0x00002a70       0x88 D:/Software/NXP/S32DS_Power_v1.2/S32DS/e200_ewl2/lib/e200z4/fp\libc99.a(strlen.o)

.debug_info     0x00000000    0x1a02a
 .debug_info    0x00000000       0x7e ./Project_Settings/Startup_Code/startup.o
 .debug_info    0x0000007e     0x412a ./src/main.o
 .debug_info    0x000041a8       0x6d ./src/intc_sw_handlers.o
 .debug_info    0x00004215       0xb4 ./src/intc_SW_mode_isr_vectors_MPC5744P.o
 .debug_info    0x000042c9       0x93 ./src/flashrchw.o
 .debug_info    0x0000435c       0x21 ./src/Vector.o
 .debug_info    0x0000437d     0x29de ./src/TB_UART.o
 .debug_info    0x00006d5b      0x8aa ./src/TB_PIT.o
 .debug_info    0x00007605     0x1fec ./src/TB_LTC6804.o
 .debug_info    0x000095f1     0x152e ./src/TB_GPIO.o
 .debug_info    0x0000ab1f     0x1691 ./src/TB_DS1302.o
 .debug_info    0x0000c1b0     0x2b97 ./src/TB_CAN.o
 .debug_info    0x0000ed47     0x17af ./src/TB_AnSPI.o
 .debug_info    0x000104f6     0x3d11 ./src/TB_ADC.o
 .debug_info    0x00014207     0x1ed6 ./src/TB_25LC256.o
 .debug_info    0x000160dd     0x3872 ./src/SysClk.o
 .debug_info    0x0001994f      0x5eb ./src/MPC57xx__Interrupt_Init.o
 .debug_info    0x00019f3a       0xf0 D:/Software/NXP/S32DS_Power_v1.2/S32DS/e200_ewl2/lib/e200z4/fp\libc99.a(strlen.o)

.debug_abbrev   0x00000000     0x14c2
 .debug_abbrev  0x00000000       0x14 ./Project_Settings/Startup_Code/startup.o
 .debug_abbrev  0x00000014      0x1dd ./src/main.o
 .debug_abbrev  0x000001f1       0x14 ./src/intc_sw_handlers.o
 .debug_abbrev  0x00000205       0x7c ./src/intc_SW_mode_isr_vectors_MPC5744P.o
 .debug_abbrev  0x00000281       0x4e ./src/flashrchw.o
 .debug_abbrev  0x000002cf       0x13 ./src/Vector.o
 .debug_abbrev  0x000002e2      0x1a9 ./src/TB_UART.o
 .debug_abbrev  0x0000048b      0x148 ./src/TB_PIT.o
 .debug_abbrev  0x000005d3      0x215 ./src/TB_LTC6804.o
 .debug_abbrev  0x000007e8      0x12f ./src/TB_GPIO.o
 .debug_abbrev  0x00000917      0x1cc ./src/TB_DS1302.o
 .debug_abbrev  0x00000ae3      0x198 ./src/TB_CAN.o
 .debug_abbrev  0x00000c7b      0x1e8 ./src/TB_AnSPI.o
 .debug_abbrev  0x00000e63      0x15e ./src/TB_ADC.o
 .debug_abbrev  0x00000fc1      0x1d5 ./src/TB_25LC256.o
 .debug_abbrev  0x00001196      0x12e ./src/SysClk.o
 .debug_abbrev  0x000012c4      0x17d ./src/MPC57xx__Interrupt_Init.o
 .debug_abbrev  0x00001441       0x81 D:/Software/NXP/S32DS_Power_v1.2/S32DS/e200_ewl2/lib/e200z4/fp\libc99.a(strlen.o)

.debug_aranges  0x00000000      0x410
 .debug_aranges
                0x00000000       0x20 ./Project_Settings/Startup_Code/startup.o
 .debug_aranges
                0x00000020       0x58 ./src/main.o
 .debug_aranges
                0x00000078       0x20 ./src/intc_sw_handlers.o
 .debug_aranges
                0x00000098       0x20 ./src/intc_SW_mode_isr_vectors_MPC5744P.o
 .debug_aranges
                0x000000b8       0x18 ./src/flashrchw.o
 .debug_aranges
                0x000000d0       0x18 ./src/Vector.o
 .debug_aranges
                0x000000e8       0x58 ./src/TB_UART.o
 .debug_aranges
                0x00000140       0x28 ./src/TB_PIT.o
 .debug_aranges
                0x00000168       0x60 ./src/TB_LTC6804.o
 .debug_aranges
                0x000001c8       0x30 ./src/TB_GPIO.o
 .debug_aranges
                0x000001f8       0x50 ./src/TB_DS1302.o
 .debug_aranges
                0x00000248       0x40 ./src/TB_CAN.o
 .debug_aranges
                0x00000288       0x58 ./src/TB_AnSPI.o
 .debug_aranges
                0x000002e0       0x50 ./src/TB_ADC.o
 .debug_aranges
                0x00000330       0x60 ./src/TB_25LC256.o
 .debug_aranges
                0x00000390       0x28 ./src/SysClk.o
 .debug_aranges
                0x000003b8       0x38 ./src/MPC57xx__Interrupt_Init.o
 .debug_aranges
                0x000003f0       0x20 D:/Software/NXP/S32DS_Power_v1.2/S32DS/e200_ewl2/lib/e200z4/fp\libc99.a(strlen.o)

.debug_ranges   0x00000000      0x2c0
 .debug_ranges  0x00000000       0x48 ./src/main.o
 .debug_ranges  0x00000048       0x10 ./src/intc_SW_mode_isr_vectors_MPC5744P.o
 .debug_ranges  0x00000058       0x48 ./src/TB_UART.o
 .debug_ranges  0x000000a0       0x18 ./src/TB_PIT.o
 .debug_ranges  0x000000b8       0x50 ./src/TB_LTC6804.o
 .debug_ranges  0x00000108       0x20 ./src/TB_GPIO.o
 .debug_ranges  0x00000128       0x40 ./src/TB_DS1302.o
 .debug_ranges  0x00000168       0x30 ./src/TB_CAN.o
 .debug_ranges  0x00000198       0x48 ./src/TB_AnSPI.o
 .debug_ranges  0x000001e0       0x40 ./src/TB_ADC.o
 .debug_ranges  0x00000220       0x50 ./src/TB_25LC256.o
 .debug_ranges  0x00000270       0x18 ./src/SysClk.o
 .debug_ranges  0x00000288       0x28 ./src/MPC57xx__Interrupt_Init.o
 .debug_ranges  0x000002b0       0x10 D:/Software/NXP/S32DS_Power_v1.2/S32DS/e200_ewl2/lib/e200z4/fp\libc99.a(strlen.o)

.debug_macro    0x00000000     0xdc31
 .debug_macro   0x00000000      0x160 ./src/main.o
 .debug_macro   0x00000160      0x616 ./src/main.o
 .debug_macro   0x00000776       0x52 ./src/main.o
 .debug_macro   0x000007c8       0xa0 ./src/main.o
 .debug_macro   0x00000868       0x16 ./src/main.o
 .debug_macro   0x0000087e       0x64 ./src/main.o
 .debug_macro   0x000008e2      0x1a3 ./src/main.o
 .debug_macro   0x00000a85      0x133 ./src/main.o
 .debug_macro   0x00000bb8       0x9d ./src/main.o
 .debug_macro   0x00000c55       0x10 ./src/main.o
 .debug_macro   0x00000c65      0x15b ./src/main.o
 .debug_macro   0x00000dc0       0x28 ./src/main.o
 .debug_macro   0x00000de8       0x58 ./src/main.o
 .debug_macro   0x00000e40     0xb50a ./src/main.o
 .debug_macro   0x0000c34a      0xb62 ./src/main.o
 .debug_macro   0x0000ceac       0x70 ./src/main.o
 .debug_macro   0x0000cf1c       0x22 ./src/main.o
 .debug_macro   0x0000cf3e       0x58 ./src/main.o
 .debug_macro   0x0000cf96       0x2e ./src/main.o
 .debug_macro   0x0000cfc4       0x2e ./src/main.o
 .debug_macro   0x0000cff2       0x1c ./src/main.o
 .debug_macro   0x0000d00e       0xd6 ./src/main.o
 .debug_macro   0x0000d0e4       0xa1 ./src/intc_SW_mode_isr_vectors_MPC5744P.o
 .debug_macro   0x0000d185       0xd1 ./src/flashrchw.o
 .debug_macro   0x0000d256       0x41 ./src/Vector.o
 .debug_macro   0x0000d297       0x2e ./src/Vector.o
 .debug_macro   0x0000d2c5      0x107 ./src/TB_UART.o
 .debug_macro   0x0000d3cc       0x16 ./src/TB_UART.o
 .debug_macro   0x0000d3e2       0x16 ./src/TB_UART.o
 .debug_macro   0x0000d3f8       0x10 ./src/TB_UART.o
 .debug_macro   0x0000d408       0xc1 ./src/TB_PIT.o
 .debug_macro   0x0000d4c9       0x1c ./src/TB_PIT.o
 .debug_macro   0x0000d4e5       0xca ./src/TB_LTC6804.o
 .debug_macro   0x0000d5af       0xca ./src/TB_GPIO.o
 .debug_macro   0x0000d679       0xca ./src/TB_DS1302.o
 .debug_macro   0x0000d743       0xca ./src/TB_CAN.o
 .debug_macro   0x0000d80d       0xca ./src/TB_AnSPI.o
 .debug_macro   0x0000d8d7       0xcb ./src/TB_ADC.o
 .debug_macro   0x0000d9a2      0x102 ./src/TB_25LC256.o
 .debug_macro   0x0000daa4       0xbc ./src/SysClk.o
 .debug_macro   0x0000db60       0xd1 ./src/MPC57xx__Interrupt_Init.o

.debug_str      0x00000000    0x3e1b8
 .debug_str     0x00000000    0x3a7de ./src/main.o
                              0x3a8e2 (size before relaxing)
 .debug_str     0x0003a7de       0x44 ./src/intc_SW_mode_isr_vectors_MPC5744P.o
                               0x3a51 (size before relaxing)
 .debug_str     0x0003a822       0xe1 ./src/flashrchw.o
                               0x3ae5 (size before relaxing)
 .debug_str     0x0003a903      0x185 ./src/Vector.o
                               0x24a5 (size before relaxing)
 .debug_str     0x0003aa88      0x3d6 ./src/TB_UART.o
                              0x396ec (size before relaxing)
 .debug_str     0x0003ae5e       0x2c ./src/TB_PIT.o
                              0x3773c (size before relaxing)
 .debug_str     0x0003ae8a      0x144 ./src/TB_LTC6804.o
                              0x39284 (size before relaxing)
 .debug_str     0x0003afce       0x2e ./src/TB_GPIO.o
                              0x38e2c (size before relaxing)
 .debug_str     0x0003affc       0x9d ./src/TB_DS1302.o
                              0x38db9 (size before relaxing)
 .debug_str     0x0003b099       0xb9 ./src/TB_CAN.o
                              0x397f5 (size before relaxing)
 .debug_str     0x0003b152       0x9c ./src/TB_AnSPI.o
                              0x38da8 (size before relaxing)
 .debug_str     0x0003b1ee     0x1168 ./src/TB_ADC.o
                              0x39edd (size before relaxing)
 .debug_str     0x0003c356       0xcf ./src/TB_25LC256.o
                              0x39169 (size before relaxing)
 .debug_str     0x0003c425     0x1af7 ./src/SysClk.o
                              0x38d93 (size before relaxing)
 .debug_str     0x0003df1c       0xb9 ./src/MPC57xx__Interrupt_Init.o
                              0x376ad (size before relaxing)
 .debug_str     0x0003dfd5      0x1e3 D:/Software/NXP/S32DS_Power_v1.2/S32DS/e200_ewl2/lib/e200z4/fp\libc99.a(strlen.o)
                                0x281 (size before relaxing)

.debug_frame    0x00000000      0xb58
 .debug_frame   0x00000000      0x128 ./src/main.o
 .debug_frame   0x00000128       0x2c ./src/intc_SW_mode_isr_vectors_MPC5744P.o
 .debug_frame   0x00000154      0x138 ./src/TB_UART.o
 .debug_frame   0x0000028c       0x58 ./src/TB_PIT.o
 .debug_frame   0x000002e4      0x158 ./src/TB_LTC6804.o
 .debug_frame   0x0000043c       0x7c ./src/TB_GPIO.o
 .debug_frame   0x000004b8      0x11c ./src/TB_DS1302.o
 .debug_frame   0x000005d4       0xc4 ./src/TB_CAN.o
 .debug_frame   0x00000698      0x148 ./src/TB_AnSPI.o
 .debug_frame   0x000007e0      0x10c ./src/TB_ADC.o
 .debug_frame   0x000008ec      0x154 ./src/TB_25LC256.o
 .debug_frame   0x00000a40       0x58 ./src/SysClk.o
 .debug_frame   0x00000a98       0xa0 ./src/MPC57xx__Interrupt_Init.o
 .debug_frame   0x00000b38       0x20 D:/Software/NXP/S32DS_Power_v1.2/S32DS/e200_ewl2/lib/e200z4/fp\libc99.a(strlen.o)

.debug_loc      0x00000000       0x41
 .debug_loc     0x00000000       0x41 D:/Software/NXP/S32DS_Power_v1.2/S32DS/e200_ewl2/lib/e200z4/fp\libc99.a(strlen.o)
