Archive member included to satisfy reference by file (symbol)

D:/Software/NXP/S32DS_Power_v1.2/S32DS/e200_ewl2/lib/e200z4/fp\libc99.a(strlen.o)
                              ./src/main.o (strlen)
d:/software/nxp/s32ds_power_v1.2/cross_tools/powerpc-eabivle-4_9/bin/../lib/gcc/powerpc-eabivle/4.9.4/e200z4/fp\libgcc.a(_div_df.o)
                              ./src/TB_ADC.o (__divdf3)
d:/software/nxp/s32ds_power_v1.2/cross_tools/powerpc-eabivle-4_9/bin/../lib/gcc/powerpc-eabivle/4.9.4/e200z4/fp\libgcc.a(_si_to_df.o)
                              ./src/TB_ADC.o (__floatsidf)
d:/software/nxp/s32ds_power_v1.2/cross_tools/powerpc-eabivle-4_9/bin/../lib/gcc/powerpc-eabivle/4.9.4/e200z4/fp\libgcc.a(_thenan_df.o)
                              d:/software/nxp/s32ds_power_v1.2/cross_tools/powerpc-eabivle-4_9/bin/../lib/gcc/powerpc-eabivle/4.9.4/e200z4/fp\libgcc.a(_div_df.o) (__thenan_df)
d:/software/nxp/s32ds_power_v1.2/cross_tools/powerpc-eabivle-4_9/bin/../lib/gcc/powerpc-eabivle/4.9.4/e200z4/fp\libgcc.a(eabivle.o)
                              ./src/main.o (__eabi)
d:/software/nxp/s32ds_power_v1.2/cross_tools/powerpc-eabivle-4_9/bin/../lib/gcc/powerpc-eabivle/4.9.4/e200z4/fp\libgcc.a(_pack_df.o)
                              d:/software/nxp/s32ds_power_v1.2/cross_tools/powerpc-eabivle-4_9/bin/../lib/gcc/powerpc-eabivle/4.9.4/e200z4/fp\libgcc.a(_div_df.o) (__pack_d)
d:/software/nxp/s32ds_power_v1.2/cross_tools/powerpc-eabivle-4_9/bin/../lib/gcc/powerpc-eabivle/4.9.4/e200z4/fp\libgcc.a(_unpack_df.o)
                              d:/software/nxp/s32ds_power_v1.2/cross_tools/powerpc-eabivle-4_9/bin/../lib/gcc/powerpc-eabivle/4.9.4/e200z4/fp\libgcc.a(_div_df.o) (__unpack_d)

Allocating common symbols
Common symbol       size              file

RxDATA              0x8               ./src/TB_CAN.o
address             0x2               ./src/TB_LTC6804.o
R1_CODE             0x4               ./src/main.o
RxID                0x4               ./src/TB_CAN.o
R0_CODE             0x4               ./src/main.o
R2_CODE             0x4               ./src/main.o
R1_Length           0x4               ./src/main.o
R2_ID               0x4               ./src/main.o
UARTFirstTransmitFlag_0
                    0x1               ./src/TB_UART.o
R0_ID               0x4               ./src/main.o
DataRec_232         0x1e              ./src/main.o
RxLENGTH            0x4               ./src/TB_CAN.o
UARTFirstTransmitFlag_1
                    0x1               ./src/TB_UART.o
DataRec_485         0xf               ./src/main.o
R2_Length           0x4               ./src/main.o
R1_ID               0x4               ./src/main.o
RxCODE              0x4               ./src/TB_CAN.o
remainder           0x2               ./src/TB_LTC6804.o
R0_Length           0x4               ./src/main.o
RxTIMESTAMP         0x4               ./src/TB_CAN.o
Time_Read           0x8               ./src/TB_DS1302.o

Discarded input sections

 .text          0x00000000        0x0 d:/software/nxp/s32ds_power_v1.2/cross_tools/powerpc-eabivle-4_9/bin/../lib/gcc/powerpc-eabivle/4.9.4/e200z4/fp/ecrti.o
 .data          0x00000000        0x0 d:/software/nxp/s32ds_power_v1.2/cross_tools/powerpc-eabivle-4_9/bin/../lib/gcc/powerpc-eabivle/4.9.4/e200z4/fp/ecrti.o
 .bss           0x00000000        0x0 d:/software/nxp/s32ds_power_v1.2/cross_tools/powerpc-eabivle-4_9/bin/../lib/gcc/powerpc-eabivle/4.9.4/e200z4/fp/ecrti.o
 .fixup         0x00000000        0x0 d:/software/nxp/s32ds_power_v1.2/cross_tools/powerpc-eabivle-4_9/bin/../lib/gcc/powerpc-eabivle/4.9.4/e200z4/fp/ecrti.o
 .sbss          0x00000000        0x0 d:/software/nxp/s32ds_power_v1.2/cross_tools/powerpc-eabivle-4_9/bin/../lib/gcc/powerpc-eabivle/4.9.4/e200z4/fp/ecrti.o
 .sbss2         0x00000000        0x0 d:/software/nxp/s32ds_power_v1.2/cross_tools/powerpc-eabivle-4_9/bin/../lib/gcc/powerpc-eabivle/4.9.4/e200z4/fp/ecrti.o
 .gcc_except_table
                0x00000000        0x0 d:/software/nxp/s32ds_power_v1.2/cross_tools/powerpc-eabivle-4_9/bin/../lib/gcc/powerpc-eabivle/4.9.4/e200z4/fp/ecrti.o
 .data          0x00000000        0x4 d:/software/nxp/s32ds_power_v1.2/cross_tools/powerpc-eabivle-4_9/bin/../lib/gcc/powerpc-eabivle/4.9.4/e200z4/fp/crtbegin.o
 .text          0x00000000        0x0 ./Project_Settings/Startup_Code/startup.o
 .data          0x00000000        0x0 ./Project_Settings/Startup_Code/startup.o
 .bss           0x00000000        0x0 ./Project_Settings/Startup_Code/startup.o
 .group         0x00000000        0x8 ./src/main.o
 .group         0x00000000        0x8 ./src/main.o
 .group         0x00000000        0x8 ./src/main.o
 .group         0x00000000        0x8 ./src/main.o
 .group         0x00000000        0x8 ./src/main.o
 .group         0x00000000        0x8 ./src/main.o
 .group         0x00000000        0x8 ./src/main.o
 .group         0x00000000        0x8 ./src/main.o
 .group         0x00000000        0x8 ./src/main.o
 .group         0x00000000        0x8 ./src/main.o
 .group         0x00000000        0x8 ./src/main.o
 .group         0x00000000        0x8 ./src/main.o
 .group         0x00000000        0x8 ./src/main.o
 .group         0x00000000        0x8 ./src/main.o
 .group         0x00000000        0x8 ./src/main.o
 .group         0x00000000        0x8 ./src/main.o
 .group         0x00000000        0x8 ./src/main.o
 .group         0x00000000        0x8 ./src/main.o
 .group         0x00000000        0x8 ./src/main.o
 .group         0x00000000        0x8 ./src/main.o
 .group         0x00000000        0x8 ./src/main.o
 .group         0x00000000        0x8 ./src/main.o
 .group         0x00000000        0x8 ./src/main.o
 .group         0x00000000        0x8 ./src/main.o
 .group         0x00000000        0x8 ./src/main.o
 .text          0x00000000        0x0 ./src/main.o
 .data          0x00000000        0x0 ./src/main.o
 .bss           0x00000000        0x0 ./src/main.o
 .sdata.Tx_Buff
                0x00000000        0x8 ./src/main.o
 .data.saveerr  0x00000000      0x3c0 ./src/main.o
 .data.Send_25LC256
                0x00000000        0xa ./src/main.o
 .sbss.Read_25LC256
                0x00000000        0x4 ./src/main.o
 .data.Read_25LC256_buffer
                0x00000000      0x3e8 ./src/main.o
 .data.Write_25LC256_buffer
                0x00000000       0x64 ./src/main.o
 .bss.CellVol   0x00000000       0x60 ./src/main.o
 .sbss.Data_ADC_I
                0x00000000        0x8 ./src/main.o
 .bss.index.14273
                0x00000000        0x1 ./src/main.o
 .data          0x00000000        0x0 ./src/intc_sw_handlers.o
 .bss           0x00000000        0x0 ./src/intc_sw_handlers.o
 .group         0x00000000        0x8 ./src/intc_SW_mode_isr_vectors_MPC5744P.o
 .group         0x00000000        0x8 ./src/intc_SW_mode_isr_vectors_MPC5744P.o
 .group         0x00000000        0x8 ./src/intc_SW_mode_isr_vectors_MPC5744P.o
 .group         0x00000000        0x8 ./src/intc_SW_mode_isr_vectors_MPC5744P.o
 .group         0x00000000        0x8 ./src/intc_SW_mode_isr_vectors_MPC5744P.o
 .group         0x00000000        0x8 ./src/intc_SW_mode_isr_vectors_MPC5744P.o
 .group         0x00000000        0x8 ./src/intc_SW_mode_isr_vectors_MPC5744P.o
 .group         0x00000000        0x8 ./src/intc_SW_mode_isr_vectors_MPC5744P.o
 .group         0x00000000        0x8 ./src/intc_SW_mode_isr_vectors_MPC5744P.o
 .group         0x00000000        0x8 ./src/intc_SW_mode_isr_vectors_MPC5744P.o
 .group         0x00000000        0x8 ./src/intc_SW_mode_isr_vectors_MPC5744P.o
 .group         0x00000000        0x8 ./src/intc_SW_mode_isr_vectors_MPC5744P.o
 .text          0x00000000        0x0 ./src/intc_SW_mode_isr_vectors_MPC5744P.o
 .data          0x00000000        0x0 ./src/intc_SW_mode_isr_vectors_MPC5744P.o
 .bss           0x00000000        0x0 ./src/intc_SW_mode_isr_vectors_MPC5744P.o
 .debug_macro   0x00000000      0x616 ./src/intc_SW_mode_isr_vectors_MPC5744P.o
 .debug_macro   0x00000000       0x52 ./src/intc_SW_mode_isr_vectors_MPC5744P.o
 .debug_macro   0x00000000       0xa0 ./src/intc_SW_mode_isr_vectors_MPC5744P.o
 .debug_macro   0x00000000       0x16 ./src/intc_SW_mode_isr_vectors_MPC5744P.o
 .debug_macro   0x00000000       0x64 ./src/intc_SW_mode_isr_vectors_MPC5744P.o
 .debug_macro   0x00000000      0x1a3 ./src/intc_SW_mode_isr_vectors_MPC5744P.o
 .debug_macro   0x00000000      0x133 ./src/intc_SW_mode_isr_vectors_MPC5744P.o
 .debug_macro   0x00000000       0x9d ./src/intc_SW_mode_isr_vectors_MPC5744P.o
 .debug_macro   0x00000000       0x10 ./src/intc_SW_mode_isr_vectors_MPC5744P.o
 .debug_macro   0x00000000      0x15b ./src/intc_SW_mode_isr_vectors_MPC5744P.o
 .debug_macro   0x00000000       0x28 ./src/intc_SW_mode_isr_vectors_MPC5744P.o
 .debug_macro   0x00000000       0x58 ./src/intc_SW_mode_isr_vectors_MPC5744P.o
 .group         0x00000000        0x8 ./src/flashrchw.o
 .group         0x00000000        0x8 ./src/flashrchw.o
 .group         0x00000000        0x8 ./src/flashrchw.o
 .group         0x00000000        0x8 ./src/flashrchw.o
 .group         0x00000000        0x8 ./src/flashrchw.o
 .group         0x00000000        0x8 ./src/flashrchw.o
 .group         0x00000000        0x8 ./src/flashrchw.o
 .group         0x00000000        0x8 ./src/flashrchw.o
 .group         0x00000000        0x8 ./src/flashrchw.o
 .group         0x00000000        0x8 ./src/flashrchw.o
 .group         0x00000000        0x8 ./src/flashrchw.o
 .group         0x00000000        0x8 ./src/flashrchw.o
 .text          0x00000000        0x0 ./src/flashrchw.o
 .data          0x00000000        0x0 ./src/flashrchw.o
 .bss           0x00000000        0x0 ./src/flashrchw.o
 .debug_macro   0x00000000      0x616 ./src/flashrchw.o
 .debug_macro   0x00000000       0x52 ./src/flashrchw.o
 .debug_macro   0x00000000       0xa0 ./src/flashrchw.o
 .debug_macro   0x00000000       0x16 ./src/flashrchw.o
 .debug_macro   0x00000000       0x64 ./src/flashrchw.o
 .debug_macro   0x00000000      0x1a3 ./src/flashrchw.o
 .debug_macro   0x00000000      0x133 ./src/flashrchw.o
 .debug_macro   0x00000000       0x9d ./src/flashrchw.o
 .debug_macro   0x00000000       0x10 ./src/flashrchw.o
 .debug_macro   0x00000000      0x15b ./src/flashrchw.o
 .debug_macro   0x00000000       0x28 ./src/flashrchw.o
 .debug_macro   0x00000000       0x58 ./src/flashrchw.o
 .group         0x00000000        0x8 ./src/Vector.o
 .group         0x00000000        0x8 ./src/Vector.o
 .group         0x00000000        0x8 ./src/Vector.o
 .group         0x00000000        0x8 ./src/Vector.o
 .group         0x00000000        0x8 ./src/Vector.o
 .text          0x00000000        0x0 ./src/Vector.o
 .data          0x00000000        0x0 ./src/Vector.o
 .bss           0x00000000        0x0 ./src/Vector.o
 .debug_macro   0x00000000      0x616 ./src/Vector.o
 .debug_macro   0x00000000       0x52 ./src/Vector.o
 .debug_macro   0x00000000       0xa0 ./src/Vector.o
 .debug_macro   0x00000000       0x16 ./src/Vector.o
 .group         0x00000000        0x8 ./src/TB_UART.o
 .group         0x00000000        0x8 ./src/TB_UART.o
 .group         0x00000000        0x8 ./src/TB_UART.o
 .group         0x00000000        0x8 ./src/TB_UART.o
 .group         0x00000000        0x8 ./src/TB_UART.o
 .group         0x00000000        0x8 ./src/TB_UART.o
 .group         0x00000000        0x8 ./src/TB_UART.o
 .group         0x00000000        0x8 ./src/TB_UART.o
 .group         0x00000000        0x8 ./src/TB_UART.o
 .group         0x00000000        0x8 ./src/TB_UART.o
 .group         0x00000000        0x8 ./src/TB_UART.o
 .group         0x00000000        0x8 ./src/TB_UART.o
 .group         0x00000000        0x8 ./src/TB_UART.o
 .group         0x00000000        0x8 ./src/TB_UART.o
 .group         0x00000000        0x8 ./src/TB_UART.o
 .group         0x00000000        0x8 ./src/TB_UART.o
 .group         0x00000000        0x8 ./src/TB_UART.o
 .group         0x00000000        0x8 ./src/TB_UART.o
 .text          0x00000000        0x0 ./src/TB_UART.o
 .data          0x00000000        0x0 ./src/TB_UART.o
 .bss           0x00000000        0x0 ./src/TB_UART.o
 .text.delay_test
                0x00000000       0x66 ./src/TB_UART.o
 .text.UART0_Init
                0x00000000      0x148 ./src/TB_UART.o
 .text.UART0_Send
                0x00000000       0x8a ./src/TB_UART.o
 .text.UART0_SendStr
                0x00000000       0x72 ./src/TB_UART.o
 .text.UART0_Rec
                0x00000000       0x5a ./src/TB_UART.o
 .text.UART1_Init
                0x00000000      0x142 ./src/TB_UART.o
 .text.UART1_Send
                0x00000000       0x82 ./src/TB_UART.o
 .text.UART1_SendStr
                0x00000000       0x6c ./src/TB_UART.o
 .text.UART1_Rec
                0x00000000       0x52 ./src/TB_UART.o
 .debug_macro   0x00000000      0x616 ./src/TB_UART.o
 .debug_macro   0x00000000       0x52 ./src/TB_UART.o
 .debug_macro   0x00000000       0xa0 ./src/TB_UART.o
 .debug_macro   0x00000000       0x16 ./src/TB_UART.o
 .debug_macro   0x00000000       0x64 ./src/TB_UART.o
 .debug_macro   0x00000000      0x1a3 ./src/TB_UART.o
 .debug_macro   0x00000000      0x133 ./src/TB_UART.o
 .debug_macro   0x00000000       0x9d ./src/TB_UART.o
 .debug_macro   0x00000000       0x10 ./src/TB_UART.o
 .debug_macro   0x00000000      0x15b ./src/TB_UART.o
 .debug_macro   0x00000000       0x28 ./src/TB_UART.o
 .debug_macro   0x00000000       0x58 ./src/TB_UART.o
 .debug_macro   0x00000000     0xb50a ./src/TB_UART.o
 .debug_macro   0x00000000      0xb62 ./src/TB_UART.o
 .debug_macro   0x00000000       0x22 ./src/TB_UART.o
 .debug_macro   0x00000000       0x16 ./src/TB_UART.o
 .debug_macro   0x00000000       0x16 ./src/TB_UART.o
 .debug_macro   0x00000000       0x10 ./src/TB_UART.o
 .sbss          0x00000000        0x2 ./src/TB_UART.o
 .group         0x00000000        0x8 ./src/TB_PIT.o
 .group         0x00000000        0x8 ./src/TB_PIT.o
 .group         0x00000000        0x8 ./src/TB_PIT.o
 .group         0x00000000        0x8 ./src/TB_PIT.o
 .group         0x00000000        0x8 ./src/TB_PIT.o
 .group         0x00000000        0x8 ./src/TB_PIT.o
 .group         0x00000000        0x8 ./src/TB_PIT.o
 .group         0x00000000        0x8 ./src/TB_PIT.o
 .group         0x00000000        0x8 ./src/TB_PIT.o
 .group         0x00000000        0x8 ./src/TB_PIT.o
 .group         0x00000000        0x8 ./src/TB_PIT.o
 .group         0x00000000        0x8 ./src/TB_PIT.o
 .group         0x00000000        0x8 ./src/TB_PIT.o
 .group         0x00000000        0x8 ./src/TB_PIT.o
 .text          0x00000000        0x0 ./src/TB_PIT.o
 .data          0x00000000        0x0 ./src/TB_PIT.o
 .bss           0x00000000        0x0 ./src/TB_PIT.o
 .text.PIT0_CH0_Init
                0x00000000       0x50 ./src/TB_PIT.o
 .text.PIT0_CH1_Init
                0x00000000       0x50 ./src/TB_PIT.o
 .debug_macro   0x00000000      0x616 ./src/TB_PIT.o
 .debug_macro   0x00000000       0x52 ./src/TB_PIT.o
 .debug_macro   0x00000000       0xa0 ./src/TB_PIT.o
 .debug_macro   0x00000000       0x16 ./src/TB_PIT.o
 .debug_macro   0x00000000       0x64 ./src/TB_PIT.o
 .debug_macro   0x00000000      0x1a3 ./src/TB_PIT.o
 .debug_macro   0x00000000      0x133 ./src/TB_PIT.o
 .debug_macro   0x00000000       0x9d ./src/TB_PIT.o
 .debug_macro   0x00000000       0x10 ./src/TB_PIT.o
 .debug_macro   0x00000000      0x15b ./src/TB_PIT.o
 .debug_macro   0x00000000       0x28 ./src/TB_PIT.o
 .debug_macro   0x00000000       0x58 ./src/TB_PIT.o
 .debug_macro   0x00000000     0xb50a ./src/TB_PIT.o
 .group         0x00000000        0x8 ./src/TB_Mul6804.o
 .group         0x00000000        0x8 ./src/TB_Mul6804.o
 .group         0x00000000        0x8 ./src/TB_Mul6804.o
 .group         0x00000000        0x8 ./src/TB_Mul6804.o
 .group         0x00000000        0x8 ./src/TB_Mul6804.o
 .group         0x00000000        0x8 ./src/TB_Mul6804.o
 .group         0x00000000        0x8 ./src/TB_Mul6804.o
 .group         0x00000000        0x8 ./src/TB_Mul6804.o
 .group         0x00000000        0x8 ./src/TB_Mul6804.o
 .group         0x00000000        0x8 ./src/TB_Mul6804.o
 .group         0x00000000        0x8 ./src/TB_Mul6804.o
 .group         0x00000000        0x8 ./src/TB_Mul6804.o
 .group         0x00000000        0x8 ./src/TB_Mul6804.o
 .group         0x00000000        0x8 ./src/TB_Mul6804.o
 .text          0x00000000        0x0 ./src/TB_Mul6804.o
 .data          0x00000000        0x0 ./src/TB_Mul6804.o
 .bss           0x00000000        0x0 ./src/TB_Mul6804.o
 .data.SPIDATA2Mul
                0x00000000      0x324 ./src/TB_Mul6804.o
 .data.SPIDATALEN2Mul
                0x00000000       0x43 ./src/TB_Mul6804.o
 .sbss.wakeupcnt
                0x00000000        0x1 ./src/TB_Mul6804.o
 .sdata.SPI_TransmitEnd
                0x00000000        0x1 ./src/TB_Mul6804.o
 .sbss.sendenable
                0x00000000        0x1 ./src/TB_Mul6804.o
 .sdata.gCommandTypeMul
                0x00000000        0x1 ./src/TB_Mul6804.o
 .sbss.SPILINEMul
                0x00000000        0x1 ./src/TB_Mul6804.o
 .sdata.WaitTime
                0x00000000        0x1 ./src/TB_Mul6804.o
 .bss.g_SPI_Rx_arrayMul
                0x00000000      0x264 ./src/TB_Mul6804.o
 .sdata.ResetTime
                0x00000000        0x4 ./src/TB_Mul6804.o
 .sdata.ADCWaitTime
                0x00000000        0x1 ./src/TB_Mul6804.o
 .text.delay_testMul
                0x00000000       0x70 ./src/TB_Mul6804.o
 .text.SPI_DataSendMul
                0x00000000       0x74 ./src/TB_Mul6804.o
 .text.SPI_mid_DataSendMul
                0x00000000       0x74 ./src/TB_Mul6804.o
 .text.DataOrganizationMul
                0x00000000      0x380 ./src/TB_Mul6804.o
 .rodata.DataOrganizationMul
                0x00000000      0x12c ./src/TB_Mul6804.o
 .text.vol_sample_Mul
                0x00000000      0x4fc ./src/TB_Mul6804.o
 .bss.i.14024   0x00000000        0x4 ./src/TB_Mul6804.o
 .bss.temp.14026
                0x00000000        0x1 ./src/TB_Mul6804.o
 .bss.rows.14027
                0x00000000        0x1 ./src/TB_Mul6804.o
 .bss.num.14025
                0x00000000        0x4 ./src/TB_Mul6804.o
 .bss.tmp.14028
                0x00000000       0x18 ./src/TB_Mul6804.o
 .debug_macro   0x00000000      0x616 ./src/TB_Mul6804.o
 .debug_macro   0x00000000       0x52 ./src/TB_Mul6804.o
 .debug_macro   0x00000000       0xa0 ./src/TB_Mul6804.o
 .debug_macro   0x00000000       0x16 ./src/TB_Mul6804.o
 .debug_macro   0x00000000       0x64 ./src/TB_Mul6804.o
 .debug_macro   0x00000000      0x1a3 ./src/TB_Mul6804.o
 .debug_macro   0x00000000      0x133 ./src/TB_Mul6804.o
 .debug_macro   0x00000000       0x9d ./src/TB_Mul6804.o
 .debug_macro   0x00000000       0x10 ./src/TB_Mul6804.o
 .debug_macro   0x00000000      0x15b ./src/TB_Mul6804.o
 .debug_macro   0x00000000       0x28 ./src/TB_Mul6804.o
 .debug_macro   0x00000000       0x58 ./src/TB_Mul6804.o
 .debug_macro   0x00000000     0xb50a ./src/TB_Mul6804.o
 .debug_macro   0x00000000      0xb62 ./src/TB_Mul6804.o
 .group         0x00000000        0x8 ./src/TB_LTC6804.o
 .group         0x00000000        0x8 ./src/TB_LTC6804.o
 .group         0x00000000        0x8 ./src/TB_LTC6804.o
 .group         0x00000000        0x8 ./src/TB_LTC6804.o
 .group         0x00000000        0x8 ./src/TB_LTC6804.o
 .group         0x00000000        0x8 ./src/TB_LTC6804.o
 .group         0x00000000        0x8 ./src/TB_LTC6804.o
 .group         0x00000000        0x8 ./src/TB_LTC6804.o
 .group         0x00000000        0x8 ./src/TB_LTC6804.o
 .group         0x00000000        0x8 ./src/TB_LTC6804.o
 .group         0x00000000        0x8 ./src/TB_LTC6804.o
 .group         0x00000000        0x8 ./src/TB_LTC6804.o
 .group         0x00000000        0x8 ./src/TB_LTC6804.o
 .group         0x00000000        0x8 ./src/TB_LTC6804.o
 .group         0x00000000        0x8 ./src/TB_LTC6804.o
 .text          0x00000000        0x0 ./src/TB_LTC6804.o
 .data          0x00000000        0x0 ./src/TB_LTC6804.o
 .bss           0x00000000        0x0 ./src/TB_LTC6804.o
 .sdata.gCommandType
                0x00000000        0x1 ./src/TB_LTC6804.o
 .sbss.flgDateUpdate
                0x00000000        0x1 ./src/TB_LTC6804.o
 .sdata.Waittime
                0x00000000        0x1 ./src/TB_LTC6804.o
 .sdata.openwire
                0x00000000        0x1 ./src/TB_LTC6804.o
 .sbss.SPILINE  0x00000000        0x1 ./src/TB_LTC6804.o
 .sdata.resettime
                0x00000000        0x4 ./src/TB_LTC6804.o
 .sbss.sendable
                0x00000000        0x1 ./src/TB_LTC6804.o
 .bss.g_SPI_Rx_array
                0x00000000      0x264 ./src/TB_LTC6804.o
 .data.pec15Table
                0x00000000      0x200 ./src/TB_LTC6804.o
 .data.SPIDATA2
                0x00000000      0x27c ./src/TB_LTC6804.o
 .data.SPIDATALEN2
                0x00000000       0x21 ./src/TB_LTC6804.o
 .text.pec15    0x00000000       0xde ./src/TB_LTC6804.o
 .text.SPI_Pin_Init
                0x00000000      0x11a ./src/TB_LTC6804.o
 .text.SPI_Init
                0x00000000       0x44 ./src/TB_LTC6804.o
 .text.SPI_DataRec
                0x00000000       0x56 ./src/TB_LTC6804.o
 .text.SPI_DataSend
                0x00000000       0x74 ./src/TB_LTC6804.o
 .text.SPI_mid_DataSend
                0x00000000       0x74 ./src/TB_LTC6804.o
 .text.Wakeup6804
                0x00000000       0xc2 ./src/TB_LTC6804.o
 .text.DataOrganization
                0x00000000      0x320 ./src/TB_LTC6804.o
 .rodata.DataOrganization
                0x00000000       0x90 ./src/TB_LTC6804.o
 .text.vol_sample
                0x00000000      0x75e ./src/TB_LTC6804.o
 .text.delay_test
                0x00000000       0x70 ./src/TB_LTC6804.o
 .bss.i.14056   0x00000000        0x4 ./src/TB_LTC6804.o
 .bss.temp.14058
                0x00000000        0x1 ./src/TB_LTC6804.o
 .bss.rows.14059
                0x00000000        0x1 ./src/TB_LTC6804.o
 .bss.num.14057
                0x00000000        0x4 ./src/TB_LTC6804.o
 .bss.tmp.14060
                0x00000000       0x18 ./src/TB_LTC6804.o
 .debug_macro   0x00000000      0x616 ./src/TB_LTC6804.o
 .debug_macro   0x00000000       0x52 ./src/TB_LTC6804.o
 .debug_macro   0x00000000       0xa0 ./src/TB_LTC6804.o
 .debug_macro   0x00000000       0x16 ./src/TB_LTC6804.o
 .debug_macro   0x00000000       0x64 ./src/TB_LTC6804.o
 .debug_macro   0x00000000      0x1a3 ./src/TB_LTC6804.o
 .debug_macro   0x00000000      0x133 ./src/TB_LTC6804.o
 .debug_macro   0x00000000       0x9d ./src/TB_LTC6804.o
 .debug_macro   0x00000000       0x10 ./src/TB_LTC6804.o
 .debug_macro   0x00000000      0x15b ./src/TB_LTC6804.o
 .debug_macro   0x00000000       0x28 ./src/TB_LTC6804.o
 .debug_macro   0x00000000       0x58 ./src/TB_LTC6804.o
 .debug_macro   0x00000000     0xb50a ./src/TB_LTC6804.o
 .debug_macro   0x00000000      0xb62 ./src/TB_LTC6804.o
 .debug_macro   0x00000000       0xdc ./src/TB_LTC6804.o
 .sbss          0x00000000        0x4 ./src/TB_LTC6804.o
 .group         0x00000000        0x8 ./src/TB_GPIO.o
 .group         0x00000000        0x8 ./src/TB_GPIO.o
 .group         0x00000000        0x8 ./src/TB_GPIO.o
 .group         0x00000000        0x8 ./src/TB_GPIO.o
 .group         0x00000000        0x8 ./src/TB_GPIO.o
 .group         0x00000000        0x8 ./src/TB_GPIO.o
 .group         0x00000000        0x8 ./src/TB_GPIO.o
 .group         0x00000000        0x8 ./src/TB_GPIO.o
 .group         0x00000000        0x8 ./src/TB_GPIO.o
 .group         0x00000000        0x8 ./src/TB_GPIO.o
 .group         0x00000000        0x8 ./src/TB_GPIO.o
 .group         0x00000000        0x8 ./src/TB_GPIO.o
 .group         0x00000000        0x8 ./src/TB_GPIO.o
 .group         0x00000000        0x8 ./src/TB_GPIO.o
 .group         0x00000000        0x8 ./src/TB_GPIO.o
 .group         0x00000000        0x8 ./src/TB_GPIO.o
 .text          0x00000000        0x0 ./src/TB_GPIO.o
 .data          0x00000000        0x0 ./src/TB_GPIO.o
 .bss           0x00000000        0x0 ./src/TB_GPIO.o
 .text.LED_turn
                0x00000000       0x7a ./src/TB_GPIO.o
 .text.gpio_get
                0x00000000       0x20 ./src/TB_GPIO.o
 .debug_macro   0x00000000      0x616 ./src/TB_GPIO.o
 .debug_macro   0x00000000       0x52 ./src/TB_GPIO.o
 .debug_macro   0x00000000       0xa0 ./src/TB_GPIO.o
 .debug_macro   0x00000000       0x16 ./src/TB_GPIO.o
 .debug_macro   0x00000000       0x64 ./src/TB_GPIO.o
 .debug_macro   0x00000000      0x1a3 ./src/TB_GPIO.o
 .debug_macro   0x00000000      0x133 ./src/TB_GPIO.o
 .debug_macro   0x00000000       0x9d ./src/TB_GPIO.o
 .debug_macro   0x00000000       0x10 ./src/TB_GPIO.o
 .debug_macro   0x00000000      0x15b ./src/TB_GPIO.o
 .debug_macro   0x00000000       0x28 ./src/TB_GPIO.o
 .debug_macro   0x00000000       0x58 ./src/TB_GPIO.o
 .debug_macro   0x00000000     0xb50a ./src/TB_GPIO.o
 .debug_macro   0x00000000      0xb62 ./src/TB_GPIO.o
 .debug_macro   0x00000000       0x10 ./src/TB_GPIO.o
 .debug_macro   0x00000000       0x52 ./src/TB_GPIO.o
 .group         0x00000000        0x8 ./src/TB_DS1302.o
 .group         0x00000000        0x8 ./src/TB_DS1302.o
 .group         0x00000000        0x8 ./src/TB_DS1302.o
 .group         0x00000000        0x8 ./src/TB_DS1302.o
 .group         0x00000000        0x8 ./src/TB_DS1302.o
 .group         0x00000000        0x8 ./src/TB_DS1302.o
 .group         0x00000000        0x8 ./src/TB_DS1302.o
 .group         0x00000000        0x8 ./src/TB_DS1302.o
 .group         0x00000000        0x8 ./src/TB_DS1302.o
 .group         0x00000000        0x8 ./src/TB_DS1302.o
 .group         0x00000000        0x8 ./src/TB_DS1302.o
 .group         0x00000000        0x8 ./src/TB_DS1302.o
 .group         0x00000000        0x8 ./src/TB_DS1302.o
 .group         0x00000000        0x8 ./src/TB_DS1302.o
 .group         0x00000000        0x8 ./src/TB_DS1302.o
 .group         0x00000000        0x8 ./src/TB_DS1302.o
 .text          0x00000000        0x0 ./src/TB_DS1302.o
 .data          0x00000000        0x0 ./src/TB_DS1302.o
 .bss           0x00000000        0x0 ./src/TB_DS1302.o
 .sdata.TIME    0x00000000        0x7 ./src/TB_DS1302.o
 .sdata.READ_RTC_ADDR
                0x00000000        0x7 ./src/TB_DS1302.o
 .sdata.WRITE_RTC_ADDR
                0x00000000        0x7 ./src/TB_DS1302.o
 .text.delay_10us
                0x00000000       0x3a ./src/TB_DS1302.o
 .text.delay_ms
                0x00000000       0x70 ./src/TB_DS1302.o
 .text.DS1302_PinInit
                0x00000000       0x5c ./src/TB_DS1302.o
 .text.DS1302_Wtite_Byte
                0x00000000      0x1a0 ./src/TB_DS1302.o
 .text.DS1302_READ_Byte
                0x00000000      0x1dc ./src/TB_DS1302.o
 .text.DataTranslate
                0x00000000      0x416 ./src/TB_DS1302.o
 .text.DS1302_Init
                0x00000000       0xa2 ./src/TB_DS1302.o
 .text.DS1302_Read
                0x00000000       0x88 ./src/TB_DS1302.o
 .debug_macro   0x00000000      0x616 ./src/TB_DS1302.o
 .debug_macro   0x00000000       0x52 ./src/TB_DS1302.o
 .debug_macro   0x00000000       0xa0 ./src/TB_DS1302.o
 .debug_macro   0x00000000       0x16 ./src/TB_DS1302.o
 .debug_macro   0x00000000       0x64 ./src/TB_DS1302.o
 .debug_macro   0x00000000      0x1a3 ./src/TB_DS1302.o
 .debug_macro   0x00000000      0x133 ./src/TB_DS1302.o
 .debug_macro   0x00000000       0x9d ./src/TB_DS1302.o
 .debug_macro   0x00000000       0x10 ./src/TB_DS1302.o
 .debug_macro   0x00000000      0x15b ./src/TB_DS1302.o
 .debug_macro   0x00000000       0x28 ./src/TB_DS1302.o
 .debug_macro   0x00000000       0x58 ./src/TB_DS1302.o
 .debug_macro   0x00000000     0xb50a ./src/TB_DS1302.o
 .debug_macro   0x00000000      0xb62 ./src/TB_DS1302.o
 .debug_macro   0x00000000       0x10 ./src/TB_DS1302.o
 .debug_macro   0x00000000       0x46 ./src/TB_DS1302.o
 .sbss          0x00000000        0x8 ./src/TB_DS1302.o
 .group         0x00000000        0x8 ./src/TB_CAN.o
 .group         0x00000000        0x8 ./src/TB_CAN.o
 .group         0x00000000        0x8 ./src/TB_CAN.o
 .group         0x00000000        0x8 ./src/TB_CAN.o
 .group         0x00000000        0x8 ./src/TB_CAN.o
 .group         0x00000000        0x8 ./src/TB_CAN.o
 .group         0x00000000        0x8 ./src/TB_CAN.o
 .group         0x00000000        0x8 ./src/TB_CAN.o
 .group         0x00000000        0x8 ./src/TB_CAN.o
 .group         0x00000000        0x8 ./src/TB_CAN.o
 .group         0x00000000        0x8 ./src/TB_CAN.o
 .group         0x00000000        0x8 ./src/TB_CAN.o
 .group         0x00000000        0x8 ./src/TB_CAN.o
 .group         0x00000000        0x8 ./src/TB_CAN.o
 .group         0x00000000        0x8 ./src/TB_CAN.o
 .text          0x00000000        0x0 ./src/TB_CAN.o
 .data          0x00000000        0x0 ./src/TB_CAN.o
 .bss           0x00000000        0x0 ./src/TB_CAN.o
 .text.initCAN_1
                0x00000000      0x196 ./src/TB_CAN.o
 .text.initCAN_2
                0x00000000      0x196 ./src/TB_CAN.o
 .text.CAN1_Trans
                0x00000000       0xfc ./src/TB_CAN.o
 .text.CAN2_Trans
                0x00000000       0xfc ./src/TB_CAN.o
 .text.CAN0_Rec_LoopBack
                0x00000000       0xfa ./src/TB_CAN.o
 .text.CAN1_Rec_LoopBack
                0x00000000      0x10c ./src/TB_CAN.o
 .text.CAN2_Rec_LoopBack
                0x00000000      0x10c ./src/TB_CAN.o
 .text.CAN0_Trans_Message
                0x00000000       0xf4 ./src/TB_CAN.o
 .text.CAN1_Trans_Message
                0x00000000      0x114 ./src/TB_CAN.o
 .text.CAN2_Trans_Message
                0x00000000      0x114 ./src/TB_CAN.o
 .debug_macro   0x00000000      0x616 ./src/TB_CAN.o
 .debug_macro   0x00000000       0x52 ./src/TB_CAN.o
 .debug_macro   0x00000000       0xa0 ./src/TB_CAN.o
 .debug_macro   0x00000000       0x16 ./src/TB_CAN.o
 .debug_macro   0x00000000       0x64 ./src/TB_CAN.o
 .debug_macro   0x00000000      0x1a3 ./src/TB_CAN.o
 .debug_macro   0x00000000      0x133 ./src/TB_CAN.o
 .debug_macro   0x00000000       0x9d ./src/TB_CAN.o
 .debug_macro   0x00000000       0x10 ./src/TB_CAN.o
 .debug_macro   0x00000000      0x15b ./src/TB_CAN.o
 .debug_macro   0x00000000       0x28 ./src/TB_CAN.o
 .debug_macro   0x00000000       0x58 ./src/TB_CAN.o
 .debug_macro   0x00000000     0xb50a ./src/TB_CAN.o
 .debug_macro   0x00000000      0xb62 ./src/TB_CAN.o
 .debug_macro   0x00000000       0x58 ./src/TB_CAN.o
 .sbss          0x00000000       0x18 ./src/TB_CAN.o
 .group         0x00000000        0x8 ./src/TB_AnSPI.o
 .group         0x00000000        0x8 ./src/TB_AnSPI.o
 .group         0x00000000        0x8 ./src/TB_AnSPI.o
 .group         0x00000000        0x8 ./src/TB_AnSPI.o
 .group         0x00000000        0x8 ./src/TB_AnSPI.o
 .group         0x00000000        0x8 ./src/TB_AnSPI.o
 .group         0x00000000        0x8 ./src/TB_AnSPI.o
 .group         0x00000000        0x8 ./src/TB_AnSPI.o
 .group         0x00000000        0x8 ./src/TB_AnSPI.o
 .group         0x00000000        0x8 ./src/TB_AnSPI.o
 .group         0x00000000        0x8 ./src/TB_AnSPI.o
 .group         0x00000000        0x8 ./src/TB_AnSPI.o
 .group         0x00000000        0x8 ./src/TB_AnSPI.o
 .group         0x00000000        0x8 ./src/TB_AnSPI.o
 .group         0x00000000        0x8 ./src/TB_AnSPI.o
 .text          0x00000000        0x0 ./src/TB_AnSPI.o
 .data          0x00000000        0x0 ./src/TB_AnSPI.o
 .bss           0x00000000        0x0 ./src/TB_AnSPI.o
 .text.delay_100ns
                0x00000000       0x68 ./src/TB_AnSPI.o
 .text.EEPROM_Pin_Init
                0x00000000       0xb0 ./src/TB_AnSPI.o
 .text.SPI_WriteByte
                0x00000000       0xd8 ./src/TB_AnSPI.o
 .text.SPI_ReadByte
                0x00000000      0x104 ./src/TB_AnSPI.o
 .text.EEPROM_Write
                0x00000000      0x2ce ./src/TB_AnSPI.o
 .text.EEPROM_Read
                0x00000000      0x22e ./src/TB_AnSPI.o
 .text.EEPROM_Read_Mul
                0x00000000      0x142 ./src/TB_AnSPI.o
 .text.EEPROM_Write_Mul
                0x00000000      0x308 ./src/TB_AnSPI.o
 .debug_macro   0x00000000      0x616 ./src/TB_AnSPI.o
 .debug_macro   0x00000000       0x52 ./src/TB_AnSPI.o
 .debug_macro   0x00000000       0xa0 ./src/TB_AnSPI.o
 .debug_macro   0x00000000       0x16 ./src/TB_AnSPI.o
 .debug_macro   0x00000000       0x64 ./src/TB_AnSPI.o
 .debug_macro   0x00000000      0x1a3 ./src/TB_AnSPI.o
 .debug_macro   0x00000000      0x133 ./src/TB_AnSPI.o
 .debug_macro   0x00000000       0x9d ./src/TB_AnSPI.o
 .debug_macro   0x00000000       0x10 ./src/TB_AnSPI.o
 .debug_macro   0x00000000      0x15b ./src/TB_AnSPI.o
 .debug_macro   0x00000000       0x28 ./src/TB_AnSPI.o
 .debug_macro   0x00000000       0x58 ./src/TB_AnSPI.o
 .debug_macro   0x00000000     0xb50a ./src/TB_AnSPI.o
 .debug_macro   0x00000000      0xb62 ./src/TB_AnSPI.o
 .debug_macro   0x00000000       0x2e ./src/TB_AnSPI.o
 .group         0x00000000        0x8 ./src/TB_ADC.o
 .group         0x00000000        0x8 ./src/TB_ADC.o
 .group         0x00000000        0x8 ./src/TB_ADC.o
 .group         0x00000000        0x8 ./src/TB_ADC.o
 .group         0x00000000        0x8 ./src/TB_ADC.o
 .group         0x00000000        0x8 ./src/TB_ADC.o
 .group         0x00000000        0x8 ./src/TB_ADC.o
 .group         0x00000000        0x8 ./src/TB_ADC.o
 .group         0x00000000        0x8 ./src/TB_ADC.o
 .group         0x00000000        0x8 ./src/TB_ADC.o
 .group         0x00000000        0x8 ./src/TB_ADC.o
 .group         0x00000000        0x8 ./src/TB_ADC.o
 .group         0x00000000        0x8 ./src/TB_ADC.o
 .group         0x00000000        0x8 ./src/TB_ADC.o
 .text          0x00000000        0x0 ./src/TB_ADC.o
 .data          0x00000000        0x0 ./src/TB_ADC.o
 .bss           0x00000000        0x0 ./src/TB_ADC.o
 .text.ADC1_CH3_PinInit
                0x00000000       0x3c ./src/TB_ADC.o
 .text.ADC1_CH2_PinInit
                0x00000000       0x3c ./src/TB_ADC.o
 .text.ADC1_Calibration
                0x00000000       0xbe ./src/TB_ADC.o
 .text.ADC1_Init
                0x00000000       0x80 ./src/TB_ADC.o
 .text.ADC1_StartConvert
                0x00000000       0x4c ./src/TB_ADC.o
 .text.ADC1_CH3_ReadData
                0x00000000       0x9a ./src/TB_ADC.o
 .text.ADC1_CH2_ReadData
                0x00000000       0x9a ./src/TB_ADC.o
 .debug_macro   0x00000000      0x616 ./src/TB_ADC.o
 .debug_macro   0x00000000       0x52 ./src/TB_ADC.o
 .debug_macro   0x00000000       0xa0 ./src/TB_ADC.o
 .debug_macro   0x00000000       0x16 ./src/TB_ADC.o
 .debug_macro   0x00000000       0x64 ./src/TB_ADC.o
 .debug_macro   0x00000000      0x1a3 ./src/TB_ADC.o
 .debug_macro   0x00000000      0x133 ./src/TB_ADC.o
 .debug_macro   0x00000000       0x9d ./src/TB_ADC.o
 .debug_macro   0x00000000       0x10 ./src/TB_ADC.o
 .debug_macro   0x00000000      0x15b ./src/TB_ADC.o
 .debug_macro   0x00000000       0x28 ./src/TB_ADC.o
 .debug_macro   0x00000000       0x58 ./src/TB_ADC.o
 .debug_macro   0x00000000     0xb50a ./src/TB_ADC.o
 .debug_macro   0x00000000      0xb62 ./src/TB_ADC.o
 .group         0x00000000        0x8 ./src/TB_25LC256.o
 .group         0x00000000        0x8 ./src/TB_25LC256.o
 .group         0x00000000        0x8 ./src/TB_25LC256.o
 .group         0x00000000        0x8 ./src/TB_25LC256.o
 .group         0x00000000        0x8 ./src/TB_25LC256.o
 .group         0x00000000        0x8 ./src/TB_25LC256.o
 .group         0x00000000        0x8 ./src/TB_25LC256.o
 .group         0x00000000        0x8 ./src/TB_25LC256.o
 .group         0x00000000        0x8 ./src/TB_25LC256.o
 .group         0x00000000        0x8 ./src/TB_25LC256.o
 .group         0x00000000        0x8 ./src/TB_25LC256.o
 .group         0x00000000        0x8 ./src/TB_25LC256.o
 .group         0x00000000        0x8 ./src/TB_25LC256.o
 .group         0x00000000        0x8 ./src/TB_25LC256.o
 .group         0x00000000        0x8 ./src/TB_25LC256.o
 .group         0x00000000        0x8 ./src/TB_25LC256.o
 .group         0x00000000        0x8 ./src/TB_25LC256.o
 .text          0x00000000        0x0 ./src/TB_25LC256.o
 .data          0x00000000        0x0 ./src/TB_25LC256.o
 .bss           0x00000000        0x0 ./src/TB_25LC256.o
 .text.delay_100ns
                0x00000000       0x68 ./src/TB_25LC256.o
 .text.SPI_25LC256_Pin_Init
                0x00000000      0x11a ./src/TB_25LC256.o
 .text.SPI_25LC256_Init
                0x00000000       0x3c ./src/TB_25LC256.o
 .text.SPI_25LC256_DataRec
                0x00000000       0x50 ./src/TB_25LC256.o
 .text.SPI_25LC256_DataSend
                0x00000000       0x68 ./src/TB_25LC256.o
 .text.SPI_25LC256_Send_Continuous
                0x00000000       0xfe ./src/TB_25LC256.o
 .text.SPI_25LC256_WriteMul
                0x00000000      0x226 ./src/TB_25LC256.o
 .text.SPI_25LC256_ReadMul
                0x00000000      0x1e2 ./src/TB_25LC256.o
 .text.SPI_25LC256_ReadSingle
                0x00000000      0x15e ./src/TB_25LC256.o
 .debug_macro   0x00000000      0x616 ./src/TB_25LC256.o
 .debug_macro   0x00000000       0x52 ./src/TB_25LC256.o
 .debug_macro   0x00000000       0xa0 ./src/TB_25LC256.o
 .debug_macro   0x00000000       0x16 ./src/TB_25LC256.o
 .debug_macro   0x00000000       0x64 ./src/TB_25LC256.o
 .debug_macro   0x00000000      0x1a3 ./src/TB_25LC256.o
 .debug_macro   0x00000000      0x133 ./src/TB_25LC256.o
 .debug_macro   0x00000000       0x9d ./src/TB_25LC256.o
 .debug_macro   0x00000000       0x10 ./src/TB_25LC256.o
 .debug_macro   0x00000000      0x15b ./src/TB_25LC256.o
 .debug_macro   0x00000000       0x28 ./src/TB_25LC256.o
 .debug_macro   0x00000000       0x58 ./src/TB_25LC256.o
 .debug_macro   0x00000000     0xb50a ./src/TB_25LC256.o
 .debug_macro   0x00000000      0xb62 ./src/TB_25LC256.o
 .debug_macro   0x00000000       0x16 ./src/TB_25LC256.o
 .debug_macro   0x00000000       0x16 ./src/TB_25LC256.o
 .debug_macro   0x00000000       0x10 ./src/TB_25LC256.o
 .group         0x00000000        0x8 ./src/SysClk.o
 .group         0x00000000        0x8 ./src/SysClk.o
 .group         0x00000000        0x8 ./src/SysClk.o
 .group         0x00000000        0x8 ./src/SysClk.o
 .group         0x00000000        0x8 ./src/SysClk.o
 .group         0x00000000        0x8 ./src/SysClk.o
 .group         0x00000000        0x8 ./src/SysClk.o
 .group         0x00000000        0x8 ./src/SysClk.o
 .group         0x00000000        0x8 ./src/SysClk.o
 .group         0x00000000        0x8 ./src/SysClk.o
 .group         0x00000000        0x8 ./src/SysClk.o
 .group         0x00000000        0x8 ./src/SysClk.o
 .group         0x00000000        0x8 ./src/SysClk.o
 .text          0x00000000        0x0 ./src/SysClk.o
 .data          0x00000000        0x0 ./src/SysClk.o
 .bss           0x00000000        0x0 ./src/SysClk.o
 .debug_macro   0x00000000      0x616 ./src/SysClk.o
 .debug_macro   0x00000000       0x52 ./src/SysClk.o
 .debug_macro   0x00000000       0xa0 ./src/SysClk.o
 .debug_macro   0x00000000       0x16 ./src/SysClk.o
 .debug_macro   0x00000000       0x64 ./src/SysClk.o
 .debug_macro   0x00000000      0x1a3 ./src/SysClk.o
 .debug_macro   0x00000000      0x133 ./src/SysClk.o
 .debug_macro   0x00000000       0x9d ./src/SysClk.o
 .debug_macro   0x00000000       0x10 ./src/SysClk.o
 .debug_macro   0x00000000      0x15b ./src/SysClk.o
 .debug_macro   0x00000000       0x28 ./src/SysClk.o
 .debug_macro   0x00000000       0x58 ./src/SysClk.o
 .debug_macro   0x00000000     0xb50a ./src/SysClk.o
 .group         0x00000000        0x8 ./src/MPC57xx__Interrupt_Init.o
 .group         0x00000000        0x8 ./src/MPC57xx__Interrupt_Init.o
 .group         0x00000000        0x8 ./src/MPC57xx__Interrupt_Init.o
 .group         0x00000000        0x8 ./src/MPC57xx__Interrupt_Init.o
 .group         0x00000000        0x8 ./src/MPC57xx__Interrupt_Init.o
 .group         0x00000000        0x8 ./src/MPC57xx__Interrupt_Init.o
 .group         0x00000000        0x8 ./src/MPC57xx__Interrupt_Init.o
 .group         0x00000000        0x8 ./src/MPC57xx__Interrupt_Init.o
 .group         0x00000000        0x8 ./src/MPC57xx__Interrupt_Init.o
 .group         0x00000000        0x8 ./src/MPC57xx__Interrupt_Init.o
 .group         0x00000000        0x8 ./src/MPC57xx__Interrupt_Init.o
 .group         0x00000000        0x8 ./src/MPC57xx__Interrupt_Init.o
 .group         0x00000000        0x8 ./src/MPC57xx__Interrupt_Init.o
 .group         0x00000000        0x8 ./src/MPC57xx__Interrupt_Init.o
 .text          0x00000000        0x0 ./src/MPC57xx__Interrupt_Init.o
 .data          0x00000000        0x0 ./src/MPC57xx__Interrupt_Init.o
 .bss           0x00000000        0x0 ./src/MPC57xx__Interrupt_Init.o
 .debug_macro   0x00000000      0x616 ./src/MPC57xx__Interrupt_Init.o
 .debug_macro   0x00000000       0x52 ./src/MPC57xx__Interrupt_Init.o
 .debug_macro   0x00000000       0xa0 ./src/MPC57xx__Interrupt_Init.o
 .debug_macro   0x00000000       0x16 ./src/MPC57xx__Interrupt_Init.o
 .debug_macro   0x00000000       0x64 ./src/MPC57xx__Interrupt_Init.o
 .debug_macro   0x00000000      0x1a3 ./src/MPC57xx__Interrupt_Init.o
 .debug_macro   0x00000000      0x133 ./src/MPC57xx__Interrupt_Init.o
 .debug_macro   0x00000000       0x9d ./src/MPC57xx__Interrupt_Init.o
 .debug_macro   0x00000000       0x10 ./src/MPC57xx__Interrupt_Init.o
 .debug_macro   0x00000000      0x15b ./src/MPC57xx__Interrupt_Init.o
 .debug_macro   0x00000000       0x28 ./src/MPC57xx__Interrupt_Init.o
 .debug_macro   0x00000000       0x58 ./src/MPC57xx__Interrupt_Init.o
 .debug_macro   0x00000000     0xb50a ./src/MPC57xx__Interrupt_Init.o
 .debug_macro   0x00000000       0x2e ./src/MPC57xx__Interrupt_Init.o
 .text          0x00000000        0x0 D:/Software/NXP/S32DS_Power_v1.2/S32DS/e200_ewl2/lib/e200z4/fp\libc99.a(strlen.o)
 .data          0x00000000        0x0 D:/Software/NXP/S32DS_Power_v1.2/S32DS/e200_ewl2/lib/e200z4/fp\libc99.a(strlen.o)
 .bss           0x00000000        0x0 D:/Software/NXP/S32DS_Power_v1.2/S32DS/e200_ewl2/lib/e200z4/fp\libc99.a(strlen.o)
 .text          0x00000000      0x17e d:/software/nxp/s32ds_power_v1.2/cross_tools/powerpc-eabivle-4_9/bin/../lib/gcc/powerpc-eabivle/4.9.4/e200z4/fp\libgcc.a(_div_df.o)
 .data          0x00000000        0x0 d:/software/nxp/s32ds_power_v1.2/cross_tools/powerpc-eabivle-4_9/bin/../lib/gcc/powerpc-eabivle/4.9.4/e200z4/fp\libgcc.a(_div_df.o)
 .bss           0x00000000        0x0 d:/software/nxp/s32ds_power_v1.2/cross_tools/powerpc-eabivle-4_9/bin/../lib/gcc/powerpc-eabivle/4.9.4/e200z4/fp\libgcc.a(_div_df.o)
 .text          0x00000000       0x80 d:/software/nxp/s32ds_power_v1.2/cross_tools/powerpc-eabivle-4_9/bin/../lib/gcc/powerpc-eabivle/4.9.4/e200z4/fp\libgcc.a(_si_to_df.o)
 .data          0x00000000        0x0 d:/software/nxp/s32ds_power_v1.2/cross_tools/powerpc-eabivle-4_9/bin/../lib/gcc/powerpc-eabivle/4.9.4/e200z4/fp\libgcc.a(_si_to_df.o)
 .bss           0x00000000        0x0 d:/software/nxp/s32ds_power_v1.2/cross_tools/powerpc-eabivle-4_9/bin/../lib/gcc/powerpc-eabivle/4.9.4/e200z4/fp\libgcc.a(_si_to_df.o)
 .text          0x00000000        0x0 d:/software/nxp/s32ds_power_v1.2/cross_tools/powerpc-eabivle-4_9/bin/../lib/gcc/powerpc-eabivle/4.9.4/e200z4/fp\libgcc.a(_thenan_df.o)
 .data          0x00000000        0x0 d:/software/nxp/s32ds_power_v1.2/cross_tools/powerpc-eabivle-4_9/bin/../lib/gcc/powerpc-eabivle/4.9.4/e200z4/fp\libgcc.a(_thenan_df.o)
 .bss           0x00000000        0x0 d:/software/nxp/s32ds_power_v1.2/cross_tools/powerpc-eabivle-4_9/bin/../lib/gcc/powerpc-eabivle/4.9.4/e200z4/fp\libgcc.a(_thenan_df.o)
 .rodata        0x00000000       0x18 d:/software/nxp/s32ds_power_v1.2/cross_tools/powerpc-eabivle-4_9/bin/../lib/gcc/powerpc-eabivle/4.9.4/e200z4/fp\libgcc.a(_thenan_df.o)
 .bss           0x00000000        0x0 d:/software/nxp/s32ds_power_v1.2/cross_tools/powerpc-eabivle-4_9/bin/../lib/gcc/powerpc-eabivle/4.9.4/e200z4/fp\libgcc.a(eabivle.o)
 .text          0x00000000      0x1fc d:/software/nxp/s32ds_power_v1.2/cross_tools/powerpc-eabivle-4_9/bin/../lib/gcc/powerpc-eabivle/4.9.4/e200z4/fp\libgcc.a(_pack_df.o)
 .data          0x00000000        0x0 d:/software/nxp/s32ds_power_v1.2/cross_tools/powerpc-eabivle-4_9/bin/../lib/gcc/powerpc-eabivle/4.9.4/e200z4/fp\libgcc.a(_pack_df.o)
 .bss           0x00000000        0x0 d:/software/nxp/s32ds_power_v1.2/cross_tools/powerpc-eabivle-4_9/bin/../lib/gcc/powerpc-eabivle/4.9.4/e200z4/fp\libgcc.a(_pack_df.o)
 .text          0x00000000       0xb0 d:/software/nxp/s32ds_power_v1.2/cross_tools/powerpc-eabivle-4_9/bin/../lib/gcc/powerpc-eabivle/4.9.4/e200z4/fp\libgcc.a(_unpack_df.o)
 .data          0x00000000        0x0 d:/software/nxp/s32ds_power_v1.2/cross_tools/powerpc-eabivle-4_9/bin/../lib/gcc/powerpc-eabivle/4.9.4/e200z4/fp\libgcc.a(_unpack_df.o)
 .bss           0x00000000        0x0 d:/software/nxp/s32ds_power_v1.2/cross_tools/powerpc-eabivle-4_9/bin/../lib/gcc/powerpc-eabivle/4.9.4/e200z4/fp\libgcc.a(_unpack_df.o)
 .data          0x00000000        0x0 d:/software/nxp/s32ds_power_v1.2/cross_tools/powerpc-eabivle-4_9/bin/../lib/gcc/powerpc-eabivle/4.9.4/e200z4/fp/crtend.o
 .bss           0x00000000        0x0 d:/software/nxp/s32ds_power_v1.2/cross_tools/powerpc-eabivle-4_9/bin/../lib/gcc/powerpc-eabivle/4.9.4/e200z4/fp/crtend.o
 .jcr           0x00000000        0x4 d:/software/nxp/s32ds_power_v1.2/cross_tools/powerpc-eabivle-4_9/bin/../lib/gcc/powerpc-eabivle/4.9.4/e200z4/fp/crtend.o
 .text          0x00000000        0x0 d:/software/nxp/s32ds_power_v1.2/cross_tools/powerpc-eabivle-4_9/bin/../lib/gcc/powerpc-eabivle/4.9.4/e200z4/fp/ecrtn.o
 .data          0x00000000        0x0 d:/software/nxp/s32ds_power_v1.2/cross_tools/powerpc-eabivle-4_9/bin/../lib/gcc/powerpc-eabivle/4.9.4/e200z4/fp/ecrtn.o
 .bss           0x00000000        0x0 d:/software/nxp/s32ds_power_v1.2/cross_tools/powerpc-eabivle-4_9/bin/../lib/gcc/powerpc-eabivle/4.9.4/e200z4/fp/ecrtn.o
 .fixup         0x00000000        0x0 d:/software/nxp/s32ds_power_v1.2/cross_tools/powerpc-eabivle-4_9/bin/../lib/gcc/powerpc-eabivle/4.9.4/e200z4/fp/ecrtn.o
 .sdata         0x00000000        0x0 d:/software/nxp/s32ds_power_v1.2/cross_tools/powerpc-eabivle-4_9/bin/../lib/gcc/powerpc-eabivle/4.9.4/e200z4/fp/ecrtn.o
 .sdata2        0x00000000        0x0 d:/software/nxp/s32ds_power_v1.2/cross_tools/powerpc-eabivle-4_9/bin/../lib/gcc/powerpc-eabivle/4.9.4/e200z4/fp/ecrtn.o
 .gcc_except_table
                0x00000000        0x0 d:/software/nxp/s32ds_power_v1.2/cross_tools/powerpc-eabivle-4_9/bin/../lib/gcc/powerpc-eabivle/4.9.4/e200z4/fp/ecrtn.o

Memory Configuration

Name             Origin             Length             Attributes
flash_rchw       0x00fa0000         0x00000004
cpu0_reset_vec   0x00fa0004         0x00000004
m_text           0x01000000         0x00200000
m_data           0x40000000         0x00060000
local_dmem       0x50800000         0x00010000
*default*        0x00000000         0xffffffff

Linker script and memory map

LOAD d:/software/nxp/s32ds_power_v1.2/cross_tools/powerpc-eabivle-4_9/bin/../lib/gcc/powerpc-eabivle/4.9.4/e200z4/fp/ecrti.o
LOAD d:/software/nxp/s32ds_power_v1.2/cross_tools/powerpc-eabivle-4_9/bin/../lib/gcc/powerpc-eabivle/4.9.4/e200z4/fp/crtbegin.o
LOAD ./Project_Settings/Startup_Code/startup.o
LOAD ./src/main.o
LOAD ./src/intc_sw_handlers.o
LOAD ./src/intc_SW_mode_isr_vectors_MPC5744P.o
LOAD ./src/flashrchw.o
LOAD ./src/Vector.o
LOAD ./src/TB_UART.o
LOAD ./src/TB_PIT.o
LOAD ./src/TB_Mul6804.o
LOAD ./src/TB_LTC6804.o
LOAD ./src/TB_GPIO.o
LOAD ./src/TB_DS1302.o
LOAD ./src/TB_CAN.o
LOAD ./src/TB_AnSPI.o
LOAD ./src/TB_ADC.o
LOAD ./src/TB_25LC256.o
LOAD ./src/SysClk.o
LOAD ./src/MPC57xx__Interrupt_Init.o
START GROUP
LOAD D:/Software/NXP/S32DS_Power_v1.2/S32DS/e200_ewl2/lib/e200z4/fp\libc99.a
LOAD D:/Software/NXP/S32DS_Power_v1.2/S32DS/e200_ewl2/lib/e200z4/fp\libm.a
LOAD d:/software/nxp/s32ds_power_v1.2/cross_tools/powerpc-eabivle-4_9/bin/../lib/gcc/powerpc-eabivle/4.9.4/e200z4/fp\libgcc.a
LOAD D:/Software/NXP/S32DS_Power_v1.2/S32DS/e200_ewl2/lib/e200z4/fp\librt.a
END GROUP
LOAD d:/software/nxp/s32ds_power_v1.2/cross_tools/powerpc-eabivle-4_9/bin/../lib/gcc/powerpc-eabivle/4.9.4/e200z4/fp/crtend.o
LOAD d:/software/nxp/s32ds_power_v1.2/cross_tools/powerpc-eabivle-4_9/bin/../lib/gcc/powerpc-eabivle/4.9.4/e200z4/fp/ecrtn.o
                0x00000000                __HEAP_SIZE = 0x0
                0x00001000                __STACK_SIZE = 0x1000
                0x00060000                SRAM_SIZE = 0x60000
                0x40000000                SRAM_BASE_ADDR = 0x40000000
                0x00010000                LOCALDMEM_SIZE = 0x10000
                0x50800000                LOCALDMEM_BASE_ADDR = 0x50800000

.rchw           0x00fa0000        0x4
 *(.rchw)
 .rchw          0x00fa0000        0x4 ./src/flashrchw.o
                0x00fa0000                RCHW1

.cpu0_reset_vector
                0x00fa0004        0x4
 *(.cpu0_reset_vector)
 .cpu0_reset_vector
                0x00fa0004        0x4 ./src/flashrchw.o
                0x00fa0004                RCHW2

.startup        0x01000000      0x1fe
                0x01000000                __start = .
 *(.startup)
 .startup       0x01000000      0x1fe ./Project_Settings/Startup_Code/startup.o
                0x01000000                _start

.core_exceptions_table
                0x01001000       0xf4
                0x01001000                __IVPR_VALUE = .
 *(.core_exceptions_table)
 .core_exceptions_table
                0x01001000       0xf4 ./src/Vector.o
                0x01001000                VTABLE
                0x01001000                IVOR0_Vector
                0x01001010                IVOR1_Vector
                0x01001020                IVOR2_Vector
                0x01001030                IVOR3_Vector
                0x01001040                IVOR4_Vector
                0x01001050                IVOR5_Vector
                0x01001060                IVOR6_Vector
                0x01001070                IVOR7_Vector
                0x01001080                IVOR8_Vector
                0x01001090                IVOR9_Vector
                0x010010a0                IVOR10_Vector
                0x010010b0                IVOR11_Vector
                0x010010c0                IVOR12_Vector
                0x010010d0                IVOR13_Vector
                0x010010e0                IVOR14_Vector
                0x010010f0                IVOR15_Vector

.intc_vector_table
                0x01002000      0xb78
 *(.intc_vector_table)
 .intc_vector_table
                0x01002000      0xb78 ./src/intc_SW_mode_isr_vectors_MPC5744P.o
                0x01002000                IntcIsrVectorTable

.text           0x01002b80     0x1270
 *(.text.startup)
 *(.text)
 .text          0x01002b80      0x16c d:/software/nxp/s32ds_power_v1.2/cross_tools/powerpc-eabivle-4_9/bin/../lib/gcc/powerpc-eabivle/4.9.4/e200z4/fp/crtbegin.o
 *fill*         0x01002cec        0x4 
 .text          0x01002cf0       0x48 ./src/intc_sw_handlers.o
                0x01002cf0                IVOR4_Handler
 .text          0x01002d38       0x4a d:/software/nxp/s32ds_power_v1.2/cross_tools/powerpc-eabivle-4_9/bin/../lib/gcc/powerpc-eabivle/4.9.4/e200z4/fp\libgcc.a(eabivle.o)
                0x01002d38                __eabi
 *fill*         0x01002d82        0x2 
 .text          0x01002d84       0x48 d:/software/nxp/s32ds_power_v1.2/cross_tools/powerpc-eabivle-4_9/bin/../lib/gcc/powerpc-eabivle/4.9.4/e200z4/fp/crtend.o
 *(.text.*)
 .text.CAN0_Rec_ISR
                0x01002dcc       0x4a ./src/main.o
                0x01002dcc                CAN0_Rec_ISR
 *fill*         0x01002e16        0x2 
 .text.CAN1_Rec_ISR
                0x01002e18       0x4c ./src/main.o
                0x01002e18                CAN1_Rec_ISR
 .text.CAN2_Rec_ISR
                0x01002e64       0x4c ./src/main.o
                0x01002e64                CAN2_Rec_ISR
 .text.PIT0_CH1_ISR
                0x01002eb0       0x84 ./src/main.o
                0x01002eb0                PIT0_CH1_ISR
 .text.PIT0_CH0_ISR
                0x01002f34       0xea ./src/main.o
                0x01002f34                PIT0_CH0_ISR
 *fill*         0x0100301e        0x2 
 .text.UART0_ISR
                0x01003020       0xc4 ./src/main.o
                0x01003020                UART0_ISR
 .text.UART1_ISR
                0x010030e4       0x80 ./src/main.o
                0x010030e4                UART1_ISR
 .text.SPI_REC_ISR
                0x01003164       0x26 ./src/main.o
                0x01003164                SPI_REC_ISR
 *fill*         0x0100318a        0x2 
 .text.main     0x0100318c       0x88 ./src/main.o
                0x0100318c                main
 .text.ParseData
                0x01003214      0x2c0 ./src/main.o
                0x01003214                ParseData
 .text.ON_Check
                0x010034d4       0x70 ./src/main.o
                0x010034d4                ON_Check
 .text.delay_test0
                0x01003544       0x66 ./src/main.o
                0x01003544                delay_test0
 *fill*         0x010035aa        0x2 
 .text.dummy    0x010035ac        0xc ./src/intc_SW_mode_isr_vectors_MPC5744P.o
                0x010035ac                dummy
 .text.gpio_init
                0x010035b8       0x70 ./src/TB_GPIO.o
                0x010035b8                gpio_init
 .text.initCAN_0
                0x01003628      0x16c ./src/TB_CAN.o
                0x01003628                initCAN_0
 .text.CAN0_Trans
                0x01003794       0xe0 ./src/TB_CAN.o
                0x01003794                CAN0_Trans
 .text.CAN0_Rec_Interrupt
                0x01003874       0xce ./src/TB_CAN.o
                0x01003874                CAN0_Rec_Interrupt
 *fill*         0x01003942        0x2 
 .text.CAN1_Rec_Interrupt
                0x01003944       0xdc ./src/TB_CAN.o
                0x01003944                CAN1_Rec_Interrupt
 .text.CAN2_Rec_Interrupt
                0x01003a20       0xdc ./src/TB_CAN.o
                0x01003a20                CAN2_Rec_Interrupt
 .text.SysClk_Init
                0x01003afc      0x140 ./src/SysClk.o
                0x01003afc                SysClk_Init
 .text.InitPeriClkGen
                0x01003c3c       0xbc ./src/SysClk.o
                0x01003c3c                InitPeriClkGen
 .text.SetIVPR  0x01003cf8       0x1a ./src/MPC57xx__Interrupt_Init.o
                0x01003cf8                SetIVPR
 *fill*         0x01003d12        0x2 
 .text.InitINTC
                0x01003d14       0x32 ./src/MPC57xx__Interrupt_Init.o
                0x01003d14                InitINTC
 *fill*         0x01003d46        0x2 
 .text.enableIrq
                0x01003d48       0x20 ./src/MPC57xx__Interrupt_Init.o
                0x01003d48                enableIrq
 .text.xcptn_xmpl
                0x01003d68       0x34 ./src/MPC57xx__Interrupt_Init.o
                0x01003d68                xcptn_xmpl
 .text.strlen   0x01003d9c       0x12 D:/Software/NXP/S32DS_Power_v1.2/S32DS/e200_ewl2/lib/e200z4/fp\libc99.a(strlen.o)
                0x01003d9c                strlen
 *(.init)
 *fill*         0x01003dae        0x2 
 .init          0x01003db0        0xa d:/software/nxp/s32ds_power_v1.2/cross_tools/powerpc-eabivle-4_9/bin/../lib/gcc/powerpc-eabivle/4.9.4/e200z4/fp/ecrti.o
                0x01003db0                __init
 .init          0x01003dba        0x4 d:/software/nxp/s32ds_power_v1.2/cross_tools/powerpc-eabivle-4_9/bin/../lib/gcc/powerpc-eabivle/4.9.4/e200z4/fp/crtbegin.o
 .init          0x01003dbe        0x4 d:/software/nxp/s32ds_power_v1.2/cross_tools/powerpc-eabivle-4_9/bin/../lib/gcc/powerpc-eabivle/4.9.4/e200z4/fp/crtend.o
 .init          0x01003dc2        0xa d:/software/nxp/s32ds_power_v1.2/cross_tools/powerpc-eabivle-4_9/bin/../lib/gcc/powerpc-eabivle/4.9.4/e200z4/fp/ecrtn.o
 *(.fini)
 .fini          0x01003dcc        0xa d:/software/nxp/s32ds_power_v1.2/cross_tools/powerpc-eabivle-4_9/bin/../lib/gcc/powerpc-eabivle/4.9.4/e200z4/fp/ecrti.o
                0x01003dcc                __fini
 .fini          0x01003dd6        0x4 d:/software/nxp/s32ds_power_v1.2/cross_tools/powerpc-eabivle-4_9/bin/../lib/gcc/powerpc-eabivle/4.9.4/e200z4/fp/crtbegin.o
 .fini          0x01003dda        0xa d:/software/nxp/s32ds_power_v1.2/cross_tools/powerpc-eabivle-4_9/bin/../lib/gcc/powerpc-eabivle/4.9.4/e200z4/fp/ecrtn.o
                0x01003df0                . = ALIGN (0x10)
 *fill*         0x01003de4        0xc 

.glink          0x01003df0        0x0
 .glink         0x01003df0        0x0 d:/software/nxp/s32ds_power_v1.2/cross_tools/powerpc-eabivle-4_9/bin/../lib/gcc/powerpc-eabivle/4.9.4/e200z4/fp/crtbegin.o

.ctors          0x01003df0        0x8
                0x01003df0                __CTOR_LIST__ = .
 *crtbegin.o(.ctors)
 .ctors         0x01003df0        0x4 d:/software/nxp/s32ds_power_v1.2/cross_tools/powerpc-eabivle-4_9/bin/../lib/gcc/powerpc-eabivle/4.9.4/e200z4/fp/crtbegin.o
 *crtbegin?.o(.ctors)
 *(EXCLUDE_FILE(*crtend.o *crtend?.o) .ctors)
 .ctors         0x01003df4        0x0 d:/software/nxp/s32ds_power_v1.2/cross_tools/powerpc-eabivle-4_9/bin/../lib/gcc/powerpc-eabivle/4.9.4/e200z4/fp/ecrti.o
 .ctors         0x01003df4        0x0 d:/software/nxp/s32ds_power_v1.2/cross_tools/powerpc-eabivle-4_9/bin/../lib/gcc/powerpc-eabivle/4.9.4/e200z4/fp/ecrtn.o
 *(SORT(.ctors.*))
 *(.ctors)
 .ctors         0x01003df4        0x4 d:/software/nxp/s32ds_power_v1.2/cross_tools/powerpc-eabivle-4_9/bin/../lib/gcc/powerpc-eabivle/4.9.4/e200z4/fp/crtend.o
                0x01003df8                __CTOR_END__ = .

.dtors          0x01003df8        0x8
                0x01003df8                __DTOR_LIST__ = .
 *crtbegin.o(.dtors)
 .dtors         0x01003df8        0x4 d:/software/nxp/s32ds_power_v1.2/cross_tools/powerpc-eabivle-4_9/bin/../lib/gcc/powerpc-eabivle/4.9.4/e200z4/fp/crtbegin.o
 *crtbegin?.o(.dtors)
 *(EXCLUDE_FILE(*crtend.o *crtend?.o) .dtors)
 .dtors         0x01003dfc        0x0 d:/software/nxp/s32ds_power_v1.2/cross_tools/powerpc-eabivle-4_9/bin/../lib/gcc/powerpc-eabivle/4.9.4/e200z4/fp/ecrti.o
 .dtors         0x01003dfc        0x0 d:/software/nxp/s32ds_power_v1.2/cross_tools/powerpc-eabivle-4_9/bin/../lib/gcc/powerpc-eabivle/4.9.4/e200z4/fp/ecrtn.o
 *(SORT(.dtors.*))
 *(.dtors)
 .dtors         0x01003dfc        0x4 d:/software/nxp/s32ds_power_v1.2/cross_tools/powerpc-eabivle-4_9/bin/../lib/gcc/powerpc-eabivle/4.9.4/e200z4/fp/crtend.o
                0x01003e00                __DTOR_END__ = .

.preinit_array  0x01003e00        0x0
                [!provide]                PROVIDE (__preinit_array_start, .)
 *(.preinit_array*)
                [!provide]                PROVIDE (__preinit_array_end, .)

.init_array     0x01003e00        0x0
                [!provide]                PROVIDE (__init_array_start, .)
 *(SORT(.init_array.*))
 *(.init_array*)
                [!provide]                PROVIDE (__init_array_end, .)

.fini_array     0x01003e00        0x0
                [!provide]                PROVIDE (__fini_array_start, .)
 *(SORT(.fini_array.*))
 *(.fini_array*)
                [!provide]                PROVIDE (__fini_array_end, .)

.rodata         0x01003e00       0x17
 *(.rodata)
 .rodata        0x01003e00       0x17 ./src/main.o
 *(.rodata.*)

.eh_frame_hdr
 *(.eh_frame_hdr)

.eh_frame       0x01003e18        0x8
 *(.eh_frame)
 .eh_frame      0x01003e18        0x0 d:/software/nxp/s32ds_power_v1.2/cross_tools/powerpc-eabivle-4_9/bin/../lib/gcc/powerpc-eabivle/4.9.4/e200z4/fp/ecrti.o
                0x01003e18                __EH_FRAME_BEGIN__
 .eh_frame      0x01003e18        0x0 d:/software/nxp/s32ds_power_v1.2/cross_tools/powerpc-eabivle-4_9/bin/../lib/gcc/powerpc-eabivle/4.9.4/e200z4/fp/crtbegin.o
 .eh_frame      0x01003e18        0x0 d:/software/nxp/s32ds_power_v1.2/cross_tools/powerpc-eabivle-4_9/bin/../lib/gcc/powerpc-eabivle/4.9.4/e200z4/fp/crtbegin.o
 .eh_frame      0x01003e18        0x4 d:/software/nxp/s32ds_power_v1.2/cross_tools/powerpc-eabivle-4_9/bin/../lib/gcc/powerpc-eabivle/4.9.4/e200z4/fp/crtend.o
 .eh_frame      0x01003e1c        0x4 d:/software/nxp/s32ds_power_v1.2/cross_tools/powerpc-eabivle-4_9/bin/../lib/gcc/powerpc-eabivle/4.9.4/e200z4/fp/ecrtn.o
                0x01003e1c                __EH_FRAME_END__

.data           0x40000000        0x4 load address 0x01003e20
 *(.data)
 .data          0x40000000        0x4 d:/software/nxp/s32ds_power_v1.2/cross_tools/powerpc-eabivle-4_9/bin/../lib/gcc/powerpc-eabivle/4.9.4/e200z4/fp\libgcc.a(eabivle.o)
 *(.data.*)

.jcr            0x40000004        0x0 load address 0x01003e24
 .jcr           0x40000004        0x0 d:/software/nxp/s32ds_power_v1.2/cross_tools/powerpc-eabivle-4_9/bin/../lib/gcc/powerpc-eabivle/4.9.4/e200z4/fp/crtbegin.o

.tm_clone_table
                0x40000004        0x0 load address 0x01003e24
 .tm_clone_table
                0x40000004        0x0 d:/software/nxp/s32ds_power_v1.2/cross_tools/powerpc-eabivle-4_9/bin/../lib/gcc/powerpc-eabivle/4.9.4/e200z4/fp/crtbegin.o
 .tm_clone_table
                0x40000004        0x0 d:/software/nxp/s32ds_power_v1.2/cross_tools/powerpc-eabivle-4_9/bin/../lib/gcc/powerpc-eabivle/4.9.4/e200z4/fp/crtend.o

.got2           0x40000004       0x1c load address 0x01003e24
 .got2          0x40000004       0x1c d:/software/nxp/s32ds_power_v1.2/cross_tools/powerpc-eabivle-4_9/bin/../lib/gcc/powerpc-eabivle/4.9.4/e200z4/fp\libgcc.a(eabivle.o)

.sdata2         0x40000020        0x0 load address 0x01003e40
 *(.sdata2)
 .sdata2        0x40000020        0x0 d:/software/nxp/s32ds_power_v1.2/cross_tools/powerpc-eabivle-4_9/bin/../lib/gcc/powerpc-eabivle/4.9.4/e200z4/fp/ecrti.o
 .sdata2        0x40000020        0x0 d:/software/nxp/s32ds_power_v1.2/cross_tools/powerpc-eabivle-4_9/bin/../lib/gcc/powerpc-eabivle/4.9.4/e200z4/fp/crtbegin.o
 *(.sdata2.*)

.sbss2          0x40000020        0x0 load address 0x01003e40
 *(.sbss2)
 .sbss2         0x40000020        0x0 d:/software/nxp/s32ds_power_v1.2/cross_tools/powerpc-eabivle-4_9/bin/../lib/gcc/powerpc-eabivle/4.9.4/e200z4/fp/ecrtn.o
 *(.sbss2.*)

.rela.dyn       0x40000020        0x0 load address 0x01003e40
 .rela.iplt     0x40000020        0x0 d:/software/nxp/s32ds_power_v1.2/cross_tools/powerpc-eabivle-4_9/bin/../lib/gcc/powerpc-eabivle/4.9.4/e200z4/fp/crtbegin.o
 .rela.text     0x40000020        0x0 d:/software/nxp/s32ds_power_v1.2/cross_tools/powerpc-eabivle-4_9/bin/../lib/gcc/powerpc-eabivle/4.9.4/e200z4/fp/crtbegin.o
 .rela.text.CAN0_Rec_ISR
                0x40000020        0x0 d:/software/nxp/s32ds_power_v1.2/cross_tools/powerpc-eabivle-4_9/bin/../lib/gcc/powerpc-eabivle/4.9.4/e200z4/fp/crtbegin.o
 .rela.text.CAN1_Rec_ISR
                0x40000020        0x0 d:/software/nxp/s32ds_power_v1.2/cross_tools/powerpc-eabivle-4_9/bin/../lib/gcc/powerpc-eabivle/4.9.4/e200z4/fp/crtbegin.o
 .rela.text.CAN2_Rec_ISR
                0x40000020        0x0 d:/software/nxp/s32ds_power_v1.2/cross_tools/powerpc-eabivle-4_9/bin/../lib/gcc/powerpc-eabivle/4.9.4/e200z4/fp/crtbegin.o
 .rela.text.UART0_ISR
                0x40000020        0x0 d:/software/nxp/s32ds_power_v1.2/cross_tools/powerpc-eabivle-4_9/bin/../lib/gcc/powerpc-eabivle/4.9.4/e200z4/fp/crtbegin.o
 .rela.text.UART1_ISR
                0x40000020        0x0 d:/software/nxp/s32ds_power_v1.2/cross_tools/powerpc-eabivle-4_9/bin/../lib/gcc/powerpc-eabivle/4.9.4/e200z4/fp/crtbegin.o
 .rela.text.UART0_Init
                0x40000020        0x0 d:/software/nxp/s32ds_power_v1.2/cross_tools/powerpc-eabivle-4_9/bin/../lib/gcc/powerpc-eabivle/4.9.4/e200z4/fp/crtbegin.o
 .rela.text.UART0_Send
                0x40000020        0x0 d:/software/nxp/s32ds_power_v1.2/cross_tools/powerpc-eabivle-4_9/bin/../lib/gcc/powerpc-eabivle/4.9.4/e200z4/fp/crtbegin.o
 .rela.text.UART1_Init
                0x40000020        0x0 d:/software/nxp/s32ds_power_v1.2/cross_tools/powerpc-eabivle-4_9/bin/../lib/gcc/powerpc-eabivle/4.9.4/e200z4/fp/crtbegin.o
 .rela.text.UART1_Send
                0x40000020        0x0 d:/software/nxp/s32ds_power_v1.2/cross_tools/powerpc-eabivle-4_9/bin/../lib/gcc/powerpc-eabivle/4.9.4/e200z4/fp/crtbegin.o
 .rela.text.pec15
                0x40000020        0x0 d:/software/nxp/s32ds_power_v1.2/cross_tools/powerpc-eabivle-4_9/bin/../lib/gcc/powerpc-eabivle/4.9.4/e200z4/fp/crtbegin.o
 .rela.text.DS1302_Read
                0x40000020        0x0 d:/software/nxp/s32ds_power_v1.2/cross_tools/powerpc-eabivle-4_9/bin/../lib/gcc/powerpc-eabivle/4.9.4/e200z4/fp/crtbegin.o
 .rela.text.CAN0_Rec_LoopBack
                0x40000020        0x0 d:/software/nxp/s32ds_power_v1.2/cross_tools/powerpc-eabivle-4_9/bin/../lib/gcc/powerpc-eabivle/4.9.4/e200z4/fp/crtbegin.o
 .rela.text.CAN1_Rec_LoopBack
                0x40000020        0x0 d:/software/nxp/s32ds_power_v1.2/cross_tools/powerpc-eabivle-4_9/bin/../lib/gcc/powerpc-eabivle/4.9.4/e200z4/fp/crtbegin.o
 .rela.text.CAN2_Rec_LoopBack
                0x40000020        0x0 d:/software/nxp/s32ds_power_v1.2/cross_tools/powerpc-eabivle-4_9/bin/../lib/gcc/powerpc-eabivle/4.9.4/e200z4/fp/crtbegin.o
 .rela.got2     0x40000020        0x0 d:/software/nxp/s32ds_power_v1.2/cross_tools/powerpc-eabivle-4_9/bin/../lib/gcc/powerpc-eabivle/4.9.4/e200z4/fp/crtbegin.o

.sdata          0x40000020       0x18 load address 0x01003e40
 *(.sdata)
 .sdata         0x40000020        0x0 d:/software/nxp/s32ds_power_v1.2/cross_tools/powerpc-eabivle-4_9/bin/../lib/gcc/powerpc-eabivle/4.9.4/e200z4/fp/ecrti.o
                0x40000020                __SDATA_START__
 .sdata         0x40000020        0x0 d:/software/nxp/s32ds_power_v1.2/cross_tools/powerpc-eabivle-4_9/bin/../lib/gcc/powerpc-eabivle/4.9.4/e200z4/fp/crtbegin.o
                0x40008020                _SDA_BASE_
 *(.sdata.*)
 .sdata.Rx0_Buff
                0x40000020        0x8 ./src/main.o
                0x40000020                Rx0_Buff
 .sdata.Rx1_Buff
                0x40000028        0x8 ./src/main.o
                0x40000028                Rx1_Buff
 .sdata.Rx2_Buff
                0x40000030        0x8 ./src/main.o
                0x40000030                Rx2_Buff

.bss            0x40000038       0x83 load address 0x01003e58
                0x40000038                __BSS_START = .
 *(.sbss)
 .sbss          0x40000038        0x0 d:/software/nxp/s32ds_power_v1.2/cross_tools/powerpc-eabivle-4_9/bin/../lib/gcc/powerpc-eabivle/4.9.4/e200z4/fp/crtbegin.o
 .sbss          0x40000038       0x24 ./src/main.o
                0x40000038                R1_CODE
                0x4000003c                R0_CODE
                0x40000040                R2_CODE
                0x40000044                R1_Length
                0x40000048                R2_ID
                0x4000004c                R0_ID
                0x40000050                R2_Length
                0x40000054                R1_ID
                0x40000058                R0_Length
 .sbss          0x4000005c        0x0 d:/software/nxp/s32ds_power_v1.2/cross_tools/powerpc-eabivle-4_9/bin/../lib/gcc/powerpc-eabivle/4.9.4/e200z4/fp/ecrtn.o
                0x4000005c                __SBSS_END__
 *(.sbss.*)
 .sbss.RecCompleteFlag
                0x4000005c        0x1 ./src/main.o
                0x4000005c                RecCompleteFlag
 *(.bss)
 *fill*         0x4000005d        0x3 
 .bss           0x40000060       0x20 d:/software/nxp/s32ds_power_v1.2/cross_tools/powerpc-eabivle-4_9/bin/../lib/gcc/powerpc-eabivle/4.9.4/e200z4/fp/crtbegin.o
 *(.bss.*)
 .bss.flag.14265
                0x40000080        0x1 ./src/main.o
 .bss.flag.14268
                0x40000081        0x1 ./src/main.o
 .bss.Count_PowerHold.14269
                0x40000082        0x2 ./src/main.o
 .bss.index_header.14274
                0x40000084        0x1 ./src/main.o
 .bss.index_validdata.14275
                0x40000085        0x1 ./src/main.o
 .bss.index_ender.14276
                0x40000086        0x1 ./src/main.o
 .bss.Index.14280
                0x40000087        0x1 ./src/main.o
 .bss.ValidHeadFlag.14300
                0x40000088        0x1 ./src/main.o
 .bss.ValidDataFlag.14301
                0x40000089        0x1 ./src/main.o
 *(COMMON)
 *fill*         0x4000008a        0x2 
 COMMON         0x4000008c       0x2f ./src/main.o
                0x4000008c                DataRec_232
                0x400000ac                DataRec_485
                0x400000bb                __BSS_END = .

.iplt           0x400000c0        0x0 load address 0x01003e58
 .iplt          0x400000c0        0x0 d:/software/nxp/s32ds_power_v1.2/cross_tools/powerpc-eabivle-4_9/bin/../lib/gcc/powerpc-eabivle/4.9.4/e200z4/fp/crtbegin.o

.stack          0x50800000     0x1004
                0x50800000                __HEAP = .
                [!provide]                PROVIDE (_end, .)
                [!provide]                PROVIDE (end, .)
                0x50800000                . = (. + __HEAP_SIZE)
                0x50800000                __HEAP_END = .
                0x50800000                _stack_end = .
                0x50801000                . = (. + __STACK_SIZE)
 *fill*         0x50800000     0x1000 
                0x50801000                _stack_addr = .
                0x50801000                __SP_INIT = .
                0x50801004                . = (. + 0x4)
 *fill*         0x50801000        0x4 
                0x40000000                __DATA_SRAM_ADDR = ADDR (.data)
                0x40000020                __SDATA_SRAM_ADDR = ADDR (.sdata)
                0x00000004                __DATA_SIZE = SIZEOF (.data)
                0x00000018                __SDATA_SIZE = SIZEOF (.sdata)
                0x01003e20                __DATA_ROM_ADDR = LOADADDR (.data)
                0x01003e40                __SDATA_ROM_ADDR = LOADADDR (.sdata)
                0x00060000                __SRAM_SIZE = SRAM_SIZE
                0x40000000                __SRAM_BASE_ADDR = SRAM_BASE_ADDR
                0x00010000                __LOCAL_DMEM_SIZE = LOCALDMEM_SIZE
                0x50800000                __LOCAL_DMEM_BASE_ADDR = LOCALDMEM_BASE_ADDR
                0x00000083                __BSS_SIZE = (__BSS_END - __BSS_START)
OUTPUT(TestBorad.elf elf32-powerpc)

.PPC.EMB.apuinfo
                0x00000000       0x1c
 .PPC.EMB.apuinfo
                0x00000000       0x18 d:/software/nxp/s32ds_power_v1.2/cross_tools/powerpc-eabivle-4_9/bin/../lib/gcc/powerpc-eabivle/4.9.4/e200z4/fp/ecrti.o
 .PPC.EMB.apuinfo
                0x00000018       0x18 d:/software/nxp/s32ds_power_v1.2/cross_tools/powerpc-eabivle-4_9/bin/../lib/gcc/powerpc-eabivle/4.9.4/e200z4/fp/crtbegin.o
 .PPC.EMB.apuinfo
                0x00000030       0x18 ./Project_Settings/Startup_Code/startup.o
 .PPC.EMB.apuinfo
                0x00000048       0x18 ./src/main.o
 .PPC.EMB.apuinfo
                0x00000060       0x18 ./src/intc_sw_handlers.o
 .PPC.EMB.apuinfo
                0x00000078       0x18 ./src/intc_SW_mode_isr_vectors_MPC5744P.o
 .PPC.EMB.apuinfo
                0x00000090       0x18 ./src/Vector.o
 .PPC.EMB.apuinfo
                0x000000a8       0x18 ./src/TB_UART.o
 .PPC.EMB.apuinfo
                0x000000c0       0x18 ./src/TB_PIT.o
 .PPC.EMB.apuinfo
                0x000000d8       0x18 ./src/TB_Mul6804.o
 .PPC.EMB.apuinfo
                0x000000f0       0x18 ./src/TB_LTC6804.o
 .PPC.EMB.apuinfo
                0x00000108       0x18 ./src/TB_GPIO.o
 .PPC.EMB.apuinfo
                0x00000120       0x18 ./src/TB_DS1302.o
 .PPC.EMB.apuinfo
                0x00000138       0x18 ./src/TB_CAN.o
 .PPC.EMB.apuinfo
                0x00000150       0x18 ./src/TB_AnSPI.o
 .PPC.EMB.apuinfo
                0x00000168       0x18 ./src/TB_ADC.o
 .PPC.EMB.apuinfo
                0x00000180       0x18 ./src/TB_25LC256.o
 .PPC.EMB.apuinfo
                0x00000198       0x18 ./src/SysClk.o
 .PPC.EMB.apuinfo
                0x000001b0       0x18 ./src/MPC57xx__Interrupt_Init.o
 .PPC.EMB.apuinfo
                0x000001c8       0x18 D:/Software/NXP/S32DS_Power_v1.2/S32DS/e200_ewl2/lib/e200z4/fp\libc99.a(strlen.o)
 .PPC.EMB.apuinfo
                0x000001e0       0x18 d:/software/nxp/s32ds_power_v1.2/cross_tools/powerpc-eabivle-4_9/bin/../lib/gcc/powerpc-eabivle/4.9.4/e200z4/fp\libgcc.a(_div_df.o)
 .PPC.EMB.apuinfo
                0x000001f8       0x1c d:/software/nxp/s32ds_power_v1.2/cross_tools/powerpc-eabivle-4_9/bin/../lib/gcc/powerpc-eabivle/4.9.4/e200z4/fp\libgcc.a(_si_to_df.o)
 .PPC.EMB.apuinfo
                0x00000214       0x18 d:/software/nxp/s32ds_power_v1.2/cross_tools/powerpc-eabivle-4_9/bin/../lib/gcc/powerpc-eabivle/4.9.4/e200z4/fp\libgcc.a(eabivle.o)
 .PPC.EMB.apuinfo
                0x0000022c       0x1c d:/software/nxp/s32ds_power_v1.2/cross_tools/powerpc-eabivle-4_9/bin/../lib/gcc/powerpc-eabivle/4.9.4/e200z4/fp\libgcc.a(_pack_df.o)
 .PPC.EMB.apuinfo
                0x00000248       0x18 d:/software/nxp/s32ds_power_v1.2/cross_tools/powerpc-eabivle-4_9/bin/../lib/gcc/powerpc-eabivle/4.9.4/e200z4/fp\libgcc.a(_unpack_df.o)
 .PPC.EMB.apuinfo
                0x00000260       0x18 d:/software/nxp/s32ds_power_v1.2/cross_tools/powerpc-eabivle-4_9/bin/../lib/gcc/powerpc-eabivle/4.9.4/e200z4/fp/crtend.o
 .PPC.EMB.apuinfo
                0x00000278       0x18 d:/software/nxp/s32ds_power_v1.2/cross_tools/powerpc-eabivle-4_9/bin/../lib/gcc/powerpc-eabivle/4.9.4/e200z4/fp/ecrtn.o

.comment        0x00000000       0x8e
 .comment       0x00000000       0x8e ./src/main.o
                                 0x8f (size before relaxing)
 .comment       0x0000008e       0x8f ./src/intc_SW_mode_isr_vectors_MPC5744P.o
 .comment       0x0000008e       0x8f ./src/flashrchw.o
 .comment       0x0000008e       0x8f ./src/Vector.o
 .comment       0x0000008e       0x8f ./src/TB_UART.o
 .comment       0x0000008e       0x8f ./src/TB_PIT.o
 .comment       0x0000008e       0x8f ./src/TB_Mul6804.o
 .comment       0x0000008e       0x8f ./src/TB_LTC6804.o
 .comment       0x0000008e       0x8f ./src/TB_GPIO.o
 .comment       0x0000008e       0x8f ./src/TB_DS1302.o
 .comment       0x0000008e       0x8f ./src/TB_CAN.o
 .comment       0x0000008e       0x8f ./src/TB_AnSPI.o
 .comment       0x0000008e       0x8f ./src/TB_ADC.o
 .comment       0x0000008e       0x8f ./src/TB_25LC256.o
 .comment       0x0000008e       0x8f ./src/SysClk.o
 .comment       0x0000008e       0x8f ./src/MPC57xx__Interrupt_Init.o
 .comment       0x0000008e       0x8f D:/Software/NXP/S32DS_Power_v1.2/S32DS/e200_ewl2/lib/e200z4/fp\libc99.a(strlen.o)

.gnu.attributes
                0x00000000       0x10
 .gnu.attributes
                0x00000000       0x10 ./src/TB_ADC.o
 .gnu.attributes
                0x00000010       0x10 d:/software/nxp/s32ds_power_v1.2/cross_tools/powerpc-eabivle-4_9/bin/../lib/gcc/powerpc-eabivle/4.9.4/e200z4/fp\libgcc.a(_div_df.o)
 .gnu.attributes
                0x00000020       0x10 d:/software/nxp/s32ds_power_v1.2/cross_tools/powerpc-eabivle-4_9/bin/../lib/gcc/powerpc-eabivle/4.9.4/e200z4/fp\libgcc.a(_si_to_df.o)
 .gnu.attributes
                0x00000030       0x10 d:/software/nxp/s32ds_power_v1.2/cross_tools/powerpc-eabivle-4_9/bin/../lib/gcc/powerpc-eabivle/4.9.4/e200z4/fp\libgcc.a(_pack_df.o)

.debug_line     0x00000000     0x31e5
 .debug_line    0x00000000       0xdb ./Project_Settings/Startup_Code/startup.o
 .debug_line    0x000000db      0x449 ./src/main.o
 .debug_line    0x00000524       0x5d ./src/intc_sw_handlers.o
 .debug_line    0x00000581      0x1e5 ./src/intc_SW_mode_isr_vectors_MPC5744P.o
 .debug_line    0x00000766      0x1b8 ./src/flashrchw.o
 .debug_line    0x0000091e       0xe6 ./src/Vector.o
 .debug_line    0x00000a04      0x35b ./src/TB_UART.o
 .debug_line    0x00000d5f      0x1f7 ./src/TB_PIT.o
 .debug_line    0x00000f56      0x317 ./src/TB_Mul6804.o
 .debug_line    0x0000126d      0x3b6 ./src/TB_LTC6804.o
 .debug_line    0x00001623      0x231 ./src/TB_GPIO.o
 .debug_line    0x00001854      0x3f7 ./src/TB_DS1302.o
 .debug_line    0x00001c4b      0x48c ./src/TB_CAN.o
 .debug_line    0x000020d7      0x55a ./src/TB_AnSPI.o
 .debug_line    0x00002631      0x290 ./src/TB_ADC.o
 .debug_line    0x000028c1      0x427 ./src/TB_25LC256.o
 .debug_line    0x00002ce8      0x22d ./src/SysClk.o
 .debug_line    0x00002f15      0x248 ./src/MPC57xx__Interrupt_Init.o
 .debug_line    0x0000315d       0x88 D:/Software/NXP/S32DS_Power_v1.2/S32DS/e200_ewl2/lib/e200z4/fp\libc99.a(strlen.o)

.debug_info     0x00000000    0x1c67d
 .debug_info    0x00000000       0x7e ./Project_Settings/Startup_Code/startup.o
 .debug_info    0x0000007e     0x43a1 ./src/main.o
 .debug_info    0x0000441f       0x6d ./src/intc_sw_handlers.o
 .debug_info    0x0000448c       0xb4 ./src/intc_SW_mode_isr_vectors_MPC5744P.o
 .debug_info    0x00004540       0x93 ./src/flashrchw.o
 .debug_info    0x000045d3       0x21 ./src/Vector.o
 .debug_info    0x000045f4     0x2a18 ./src/TB_UART.o
 .debug_info    0x0000700c      0x8aa ./src/TB_PIT.o
 .debug_info    0x000078b6     0x1f2d ./src/TB_Mul6804.o
 .debug_info    0x000097e3     0x2055 ./src/TB_LTC6804.o
 .debug_info    0x0000b838     0x155a ./src/TB_GPIO.o
 .debug_info    0x0000cd92     0x17a6 ./src/TB_DS1302.o
 .debug_info    0x0000e538     0x2e43 ./src/TB_CAN.o
 .debug_info    0x0001137b     0x17af ./src/TB_AnSPI.o
 .debug_info    0x00012b2a     0x3d30 ./src/TB_ADC.o
 .debug_info    0x0001685a     0x1ed6 ./src/TB_25LC256.o
 .debug_info    0x00018730     0x3872 ./src/SysClk.o
 .debug_info    0x0001bfa2      0x5eb ./src/MPC57xx__Interrupt_Init.o
 .debug_info    0x0001c58d       0xf0 D:/Software/NXP/S32DS_Power_v1.2/S32DS/e200_ewl2/lib/e200z4/fp\libc99.a(strlen.o)

.debug_abbrev   0x00000000     0x18a2
 .debug_abbrev  0x00000000       0x14 ./Project_Settings/Startup_Code/startup.o
 .debug_abbrev  0x00000014      0x241 ./src/main.o
 .debug_abbrev  0x00000255       0x14 ./src/intc_sw_handlers.o
 .debug_abbrev  0x00000269       0x7c ./src/intc_SW_mode_isr_vectors_MPC5744P.o
 .debug_abbrev  0x000002e5       0x4e ./src/flashrchw.o
 .debug_abbrev  0x00000333       0x13 ./src/Vector.o
 .debug_abbrev  0x00000346      0x1c1 ./src/TB_UART.o
 .debug_abbrev  0x00000507      0x148 ./src/TB_PIT.o
 .debug_abbrev  0x0000064f      0x20d ./src/TB_Mul6804.o
 .debug_abbrev  0x0000085c      0x279 ./src/TB_LTC6804.o
 .debug_abbrev  0x00000ad5      0x158 ./src/TB_GPIO.o
 .debug_abbrev  0x00000c2d      0x20e ./src/TB_DS1302.o
 .debug_abbrev  0x00000e3b      0x1f7 ./src/TB_CAN.o
 .debug_abbrev  0x00001032      0x1e8 ./src/TB_AnSPI.o
 .debug_abbrev  0x0000121a      0x187 ./src/TB_ADC.o
 .debug_abbrev  0x000013a1      0x1d5 ./src/TB_25LC256.o
 .debug_abbrev  0x00001576      0x12e ./src/SysClk.o
 .debug_abbrev  0x000016a4      0x17d ./src/MPC57xx__Interrupt_Init.o
 .debug_abbrev  0x00001821       0x81 D:/Software/NXP/S32DS_Power_v1.2/S32DS/e200_ewl2/lib/e200z4/fp\libc99.a(strlen.o)

.debug_aranges  0x00000000      0x4d8
 .debug_aranges
                0x00000000       0x20 ./Project_Settings/Startup_Code/startup.o
 .debug_aranges
                0x00000020       0x78 ./src/main.o
 .debug_aranges
                0x00000098       0x20 ./src/intc_sw_handlers.o
 .debug_aranges
                0x000000b8       0x20 ./src/intc_SW_mode_isr_vectors_MPC5744P.o
 .debug_aranges
                0x000000d8       0x18 ./src/flashrchw.o
 .debug_aranges
                0x000000f0       0x18 ./src/Vector.o
 .debug_aranges
                0x00000108       0x60 ./src/TB_UART.o
 .debug_aranges
                0x00000168       0x28 ./src/TB_PIT.o
 .debug_aranges
                0x00000190       0x40 ./src/TB_Mul6804.o
 .debug_aranges
                0x000001d0       0x68 ./src/TB_LTC6804.o
 .debug_aranges
                0x00000238       0x30 ./src/TB_GPIO.o
 .debug_aranges
                0x00000268       0x58 ./src/TB_DS1302.o
 .debug_aranges
                0x000002c0       0x90 ./src/TB_CAN.o
 .debug_aranges
                0x00000350       0x58 ./src/TB_AnSPI.o
 .debug_aranges
                0x000003a8       0x50 ./src/TB_ADC.o
 .debug_aranges
                0x000003f8       0x60 ./src/TB_25LC256.o
 .debug_aranges
                0x00000458       0x28 ./src/SysClk.o
 .debug_aranges
                0x00000480       0x38 ./src/MPC57xx__Interrupt_Init.o
 .debug_aranges
                0x000004b8       0x20 D:/Software/NXP/S32DS_Power_v1.2/S32DS/e200_ewl2/lib/e200z4/fp\libc99.a(strlen.o)

.debug_ranges   0x00000000      0x378
 .debug_ranges  0x00000000       0x68 ./src/main.o
 .debug_ranges  0x00000068       0x10 ./src/intc_SW_mode_isr_vectors_MPC5744P.o
 .debug_ranges  0x00000078       0x50 ./src/TB_UART.o
 .debug_ranges  0x000000c8       0x18 ./src/TB_PIT.o
 .debug_ranges  0x000000e0       0x30 ./src/TB_Mul6804.o
 .debug_ranges  0x00000110       0x58 ./src/TB_LTC6804.o
 .debug_ranges  0x00000168       0x20 ./src/TB_GPIO.o
 .debug_ranges  0x00000188       0x48 ./src/TB_DS1302.o
 .debug_ranges  0x000001d0       0x80 ./src/TB_CAN.o
 .debug_ranges  0x00000250       0x48 ./src/TB_AnSPI.o
 .debug_ranges  0x00000298       0x40 ./src/TB_ADC.o
 .debug_ranges  0x000002d8       0x50 ./src/TB_25LC256.o
 .debug_ranges  0x00000328       0x18 ./src/SysClk.o
 .debug_ranges  0x00000340       0x28 ./src/MPC57xx__Interrupt_Init.o
 .debug_ranges  0x00000368       0x10 D:/Software/NXP/S32DS_Power_v1.2/S32DS/e200_ewl2/lib/e200z4/fp\libc99.a(strlen.o)

.debug_macro    0x00000000     0xdf1c
 .debug_macro   0x00000000      0x1b4 ./src/main.o
 .debug_macro   0x000001b4      0x616 ./src/main.o
 .debug_macro   0x000007ca       0x52 ./src/main.o
 .debug_macro   0x0000081c       0xa0 ./src/main.o
 .debug_macro   0x000008bc       0x16 ./src/main.o
 .debug_macro   0x000008d2       0x64 ./src/main.o
 .debug_macro   0x00000936      0x1a3 ./src/main.o
 .debug_macro   0x00000ad9      0x133 ./src/main.o
 .debug_macro   0x00000c0c       0x9d ./src/main.o
 .debug_macro   0x00000ca9       0x10 ./src/main.o
 .debug_macro   0x00000cb9      0x15b ./src/main.o
 .debug_macro   0x00000e14       0x28 ./src/main.o
 .debug_macro   0x00000e3c       0x58 ./src/main.o
 .debug_macro   0x00000e94     0xb50a ./src/main.o
 .debug_macro   0x0000c39e      0xb62 ./src/main.o
 .debug_macro   0x0000cf00       0x10 ./src/main.o
 .debug_macro   0x0000cf10       0x52 ./src/main.o
 .debug_macro   0x0000cf62       0x22 ./src/main.o
 .debug_macro   0x0000cf84       0x58 ./src/main.o
 .debug_macro   0x0000cfdc       0x46 ./src/main.o
 .debug_macro   0x0000d022       0x2e ./src/main.o
 .debug_macro   0x0000d050       0x22 ./src/main.o
 .debug_macro   0x0000d072       0xdc ./src/main.o
 .debug_macro   0x0000d14e       0x16 ./src/main.o
 .debug_macro   0x0000d164       0x16 ./src/main.o
 .debug_macro   0x0000d17a       0x10 ./src/main.o
 .debug_macro   0x0000d18a       0xa1 ./src/intc_SW_mode_isr_vectors_MPC5744P.o
 .debug_macro   0x0000d22b       0xd1 ./src/flashrchw.o
 .debug_macro   0x0000d2fc       0x41 ./src/Vector.o
 .debug_macro   0x0000d33d       0x2e ./src/Vector.o
 .debug_macro   0x0000d36b      0x107 ./src/TB_UART.o
 .debug_macro   0x0000d472       0xc1 ./src/TB_PIT.o
 .debug_macro   0x0000d533       0x1c ./src/TB_PIT.o
 .debug_macro   0x0000d54f      0x26f ./src/TB_Mul6804.o
 .debug_macro   0x0000d7be       0xca ./src/TB_LTC6804.o
 .debug_macro   0x0000d888       0xd3 ./src/TB_GPIO.o
 .debug_macro   0x0000d95b       0xd3 ./src/TB_DS1302.o
 .debug_macro   0x0000da2e       0xca ./src/TB_CAN.o
 .debug_macro   0x0000daf8       0xca ./src/TB_AnSPI.o
 .debug_macro   0x0000dbc2       0xcb ./src/TB_ADC.o
 .debug_macro   0x0000dc8d      0x102 ./src/TB_25LC256.o
 .debug_macro   0x0000dd8f       0xbc ./src/SysClk.o
 .debug_macro   0x0000de4b       0xd1 ./src/MPC57xx__Interrupt_Init.o

.debug_str      0x00000000    0x3e8d0
 .debug_str     0x00000000    0x3aa3e ./src/main.o
                              0x3ab56 (size before relaxing)
 .debug_str     0x0003aa3e       0x44 ./src/intc_SW_mode_isr_vectors_MPC5744P.o
                               0x3a51 (size before relaxing)
 .debug_str     0x0003aa82       0xe1 ./src/flashrchw.o
                               0x3ae5 (size before relaxing)
 .debug_str     0x0003ab63      0x185 ./src/Vector.o
                               0x24a5 (size before relaxing)
 .debug_str     0x0003ace8      0x30f ./src/TB_UART.o
                              0x39704 (size before relaxing)
 .debug_str     0x0003aff7       0x2c ./src/TB_PIT.o
                              0x3773c (size before relaxing)
 .debug_str     0x0003b023      0x474 ./src/TB_Mul6804.o
                              0x39434 (size before relaxing)
 .debug_str     0x0003b497      0x138 ./src/TB_LTC6804.o
                              0x392b0 (size before relaxing)
 .debug_str     0x0003b5cf       0x3f ./src/TB_GPIO.o
                              0x38de7 (size before relaxing)
 .debug_str     0x0003b60e      0x105 ./src/TB_DS1302.o
                              0x38ee5 (size before relaxing)
 .debug_str     0x0003b713      0x157 ./src/TB_CAN.o
                              0x39893 (size before relaxing)
 .debug_str     0x0003b86a       0x9c ./src/TB_AnSPI.o
                              0x38da8 (size before relaxing)
 .debug_str     0x0003b906     0x1168 ./src/TB_ADC.o
                              0x39ee4 (size before relaxing)
 .debug_str     0x0003ca6e       0xcf ./src/TB_25LC256.o
                              0x39169 (size before relaxing)
 .debug_str     0x0003cb3d     0x1af7 ./src/SysClk.o
                              0x38d93 (size before relaxing)
 .debug_str     0x0003e634       0xb9 ./src/MPC57xx__Interrupt_Init.o
                              0x376ad (size before relaxing)
 .debug_str     0x0003e6ed      0x1e3 D:/Software/NXP/S32DS_Power_v1.2/S32DS/e200_ewl2/lib/e200z4/fp\libc99.a(strlen.o)
                                0x281 (size before relaxing)

.debug_frame    0x00000000      0xf6c
 .debug_frame   0x00000000      0x1c4 ./src/main.o
 .debug_frame   0x000001c4       0x2c ./src/intc_SW_mode_isr_vectors_MPC5744P.o
 .debug_frame   0x000001f0      0x15c ./src/TB_UART.o
 .debug_frame   0x0000034c       0x58 ./src/TB_PIT.o
 .debug_frame   0x000003a4       0xc8 ./src/TB_Mul6804.o
 .debug_frame   0x0000046c      0x180 ./src/TB_LTC6804.o
 .debug_frame   0x000005ec       0x7c ./src/TB_GPIO.o
 .debug_frame   0x00000668      0x140 ./src/TB_DS1302.o
 .debug_frame   0x000007a8      0x22c ./src/TB_CAN.o
 .debug_frame   0x000009d4      0x148 ./src/TB_AnSPI.o
 .debug_frame   0x00000b1c      0x114 ./src/TB_ADC.o
 .debug_frame   0x00000c30      0x154 ./src/TB_25LC256.o
 .debug_frame   0x00000d84       0x58 ./src/SysClk.o
 .debug_frame   0x00000ddc       0xa0 ./src/MPC57xx__Interrupt_Init.o
 .debug_frame   0x00000e7c       0x20 D:/Software/NXP/S32DS_Power_v1.2/S32DS/e200_ewl2/lib/e200z4/fp\libc99.a(strlen.o)
 .debug_frame   0x00000e9c       0x38 d:/software/nxp/s32ds_power_v1.2/cross_tools/powerpc-eabivle-4_9/bin/../lib/gcc/powerpc-eabivle/4.9.4/e200z4/fp\libgcc.a(_div_df.o)
 .debug_frame   0x00000ed4       0x30 d:/software/nxp/s32ds_power_v1.2/cross_tools/powerpc-eabivle-4_9/bin/../lib/gcc/powerpc-eabivle/4.9.4/e200z4/fp\libgcc.a(_si_to_df.o)
 .debug_frame   0x00000f04       0x48 d:/software/nxp/s32ds_power_v1.2/cross_tools/powerpc-eabivle-4_9/bin/../lib/gcc/powerpc-eabivle/4.9.4/e200z4/fp\libgcc.a(_pack_df.o)
 .debug_frame   0x00000f4c       0x20 d:/software/nxp/s32ds_power_v1.2/cross_tools/powerpc-eabivle-4_9/bin/../lib/gcc/powerpc-eabivle/4.9.4/e200z4/fp\libgcc.a(_unpack_df.o)

.debug_loc      0x00000000       0x41
 .debug_loc     0x00000000       0x41 D:/Software/NXP/S32DS_Power_v1.2/S32DS/e200_ewl2/lib/e200z4/fp\libc99.a(strlen.o)
