Archive member included to satisfy reference by file (symbol)

D:/Software/NXP/S32DS_Power_v1.2/S32DS/e200_ewl2/lib/e200z4/fp\libc99.a(strlen.o)
                              ./src/TB_UART.o (strlen)
d:/software/nxp/s32ds_power_v1.2/cross_tools/powerpc-eabivle-4_9/bin/../lib/gcc/powerpc-eabivle/4.9.4/e200z4/fp\libgcc.a(eabivle.o)
                              ./src/main.o (__eabi)

Allocating common symbols
Common symbol       size              file

RxDATA              0x8               ./src/TB_CAN.o
address             0x2               ./src/TB_LTC6804.o
RxID                0x4               ./src/TB_CAN.o
UARTFirstTransmitFlag_0
                    0x1               ./src/TB_UART.o
RxLENGTH            0x4               ./src/TB_CAN.o
UARTFirstTransmitFlag_1
                    0x1               ./src/TB_UART.o
R_ID                0x4               ./src/main.o
DataRec_485         0xf               ./src/main.o
R_CODE              0x4               ./src/main.o
R_Length            0x4               ./src/main.o
RxCODE              0x4               ./src/TB_CAN.o
remainder           0x2               ./src/TB_LTC6804.o
RxTIMESTAMP         0x4               ./src/TB_CAN.o
Time_Read           0x7               ./src/TB_DS1302.o

Discarded input sections

 .text          0x00000000        0x0 d:/software/nxp/s32ds_power_v1.2/cross_tools/powerpc-eabivle-4_9/bin/../lib/gcc/powerpc-eabivle/4.9.4/e200z4/fp/ecrti.o
 .data          0x00000000        0x0 d:/software/nxp/s32ds_power_v1.2/cross_tools/powerpc-eabivle-4_9/bin/../lib/gcc/powerpc-eabivle/4.9.4/e200z4/fp/ecrti.o
 .bss           0x00000000        0x0 d:/software/nxp/s32ds_power_v1.2/cross_tools/powerpc-eabivle-4_9/bin/../lib/gcc/powerpc-eabivle/4.9.4/e200z4/fp/ecrti.o
 .fixup         0x00000000        0x0 d:/software/nxp/s32ds_power_v1.2/cross_tools/powerpc-eabivle-4_9/bin/../lib/gcc/powerpc-eabivle/4.9.4/e200z4/fp/ecrti.o
 .sbss          0x00000000        0x0 d:/software/nxp/s32ds_power_v1.2/cross_tools/powerpc-eabivle-4_9/bin/../lib/gcc/powerpc-eabivle/4.9.4/e200z4/fp/ecrti.o
 .sbss2         0x00000000        0x0 d:/software/nxp/s32ds_power_v1.2/cross_tools/powerpc-eabivle-4_9/bin/../lib/gcc/powerpc-eabivle/4.9.4/e200z4/fp/ecrti.o
 .gcc_except_table
                0x00000000        0x0 d:/software/nxp/s32ds_power_v1.2/cross_tools/powerpc-eabivle-4_9/bin/../lib/gcc/powerpc-eabivle/4.9.4/e200z4/fp/ecrti.o
 .data          0x00000000        0x4 d:/software/nxp/s32ds_power_v1.2/cross_tools/powerpc-eabivle-4_9/bin/../lib/gcc/powerpc-eabivle/4.9.4/e200z4/fp/crtbegin.o
 .text          0x00000000        0x0 ./Project_Settings/Startup_Code/startup.o
 .data          0x00000000        0x0 ./Project_Settings/Startup_Code/startup.o
 .bss           0x00000000        0x0 ./Project_Settings/Startup_Code/startup.o
 .group         0x00000000        0x8 ./src/main.o
 .group         0x00000000        0x8 ./src/main.o
 .group         0x00000000        0x8 ./src/main.o
 .group         0x00000000        0x8 ./src/main.o
 .group         0x00000000        0x8 ./src/main.o
 .group         0x00000000        0x8 ./src/main.o
 .group         0x00000000        0x8 ./src/main.o
 .group         0x00000000        0x8 ./src/main.o
 .group         0x00000000        0x8 ./src/main.o
 .group         0x00000000        0x8 ./src/main.o
 .group         0x00000000        0x8 ./src/main.o
 .group         0x00000000        0x8 ./src/main.o
 .group         0x00000000        0x8 ./src/main.o
 .group         0x00000000        0x8 ./src/main.o
 .group         0x00000000        0x8 ./src/main.o
 .group         0x00000000        0x8 ./src/main.o
 .group         0x00000000        0x8 ./src/main.o
 .group         0x00000000        0x8 ./src/main.o
 .group         0x00000000        0x8 ./src/main.o
 .group         0x00000000        0x8 ./src/main.o
 .group         0x00000000        0x8 ./src/main.o
 .text          0x00000000        0x0 ./src/main.o
 .data          0x00000000        0x0 ./src/main.o
 .bss           0x00000000        0x0 ./src/main.o
 .sbss.StartTimer
                0x00000000        0x1 ./src/main.o
 .sdata.Tx_Buff
                0x00000000        0x8 ./src/main.o
 .data.saveerr  0x00000000      0x3c0 ./src/main.o
 .data.Send_25LC256
                0x00000000        0xa ./src/main.o
 .sbss.Read_25LC256
                0x00000000        0x4 ./src/main.o
 .sbss.FFF      0x00000000        0x1 ./src/main.o
 .data.Read_25LC256_buffer
                0x00000000      0x3e8 ./src/main.o
 .data.Write_25LC256_buffer
                0x00000000       0x64 ./src/main.o
 .text.delay_test0
                0x00000000       0x66 ./src/main.o
 .data          0x00000000        0x0 ./src/intc_sw_handlers.o
 .bss           0x00000000        0x0 ./src/intc_sw_handlers.o
 .group         0x00000000        0x8 ./src/intc_SW_mode_isr_vectors_MPC5744P.o
 .group         0x00000000        0x8 ./src/intc_SW_mode_isr_vectors_MPC5744P.o
 .group         0x00000000        0x8 ./src/intc_SW_mode_isr_vectors_MPC5744P.o
 .group         0x00000000        0x8 ./src/intc_SW_mode_isr_vectors_MPC5744P.o
 .group         0x00000000        0x8 ./src/intc_SW_mode_isr_vectors_MPC5744P.o
 .group         0x00000000        0x8 ./src/intc_SW_mode_isr_vectors_MPC5744P.o
 .group         0x00000000        0x8 ./src/intc_SW_mode_isr_vectors_MPC5744P.o
 .group         0x00000000        0x8 ./src/intc_SW_mode_isr_vectors_MPC5744P.o
 .group         0x00000000        0x8 ./src/intc_SW_mode_isr_vectors_MPC5744P.o
 .group         0x00000000        0x8 ./src/intc_SW_mode_isr_vectors_MPC5744P.o
 .group         0x00000000        0x8 ./src/intc_SW_mode_isr_vectors_MPC5744P.o
 .group         0x00000000        0x8 ./src/intc_SW_mode_isr_vectors_MPC5744P.o
 .text          0x00000000        0x0 ./src/intc_SW_mode_isr_vectors_MPC5744P.o
 .data          0x00000000        0x0 ./src/intc_SW_mode_isr_vectors_MPC5744P.o
 .bss           0x00000000        0x0 ./src/intc_SW_mode_isr_vectors_MPC5744P.o
 .debug_macro   0x00000000      0x610 ./src/intc_SW_mode_isr_vectors_MPC5744P.o
 .debug_macro   0x00000000       0x52 ./src/intc_SW_mode_isr_vectors_MPC5744P.o
 .debug_macro   0x00000000       0xa0 ./src/intc_SW_mode_isr_vectors_MPC5744P.o
 .debug_macro   0x00000000       0x16 ./src/intc_SW_mode_isr_vectors_MPC5744P.o
 .debug_macro   0x00000000       0x64 ./src/intc_SW_mode_isr_vectors_MPC5744P.o
 .debug_macro   0x00000000      0x1a3 ./src/intc_SW_mode_isr_vectors_MPC5744P.o
 .debug_macro   0x00000000      0x133 ./src/intc_SW_mode_isr_vectors_MPC5744P.o
 .debug_macro   0x00000000       0x9d ./src/intc_SW_mode_isr_vectors_MPC5744P.o
 .debug_macro   0x00000000       0x10 ./src/intc_SW_mode_isr_vectors_MPC5744P.o
 .debug_macro   0x00000000      0x15b ./src/intc_SW_mode_isr_vectors_MPC5744P.o
 .debug_macro   0x00000000       0x28 ./src/intc_SW_mode_isr_vectors_MPC5744P.o
 .debug_macro   0x00000000       0x58 ./src/intc_SW_mode_isr_vectors_MPC5744P.o
 .group         0x00000000        0x8 ./src/Vector.o
 .group         0x00000000        0x8 ./src/Vector.o
 .group         0x00000000        0x8 ./src/Vector.o
 .group         0x00000000        0x8 ./src/Vector.o
 .group         0x00000000        0x8 ./src/Vector.o
 .text          0x00000000        0x0 ./src/Vector.o
 .data          0x00000000        0x0 ./src/Vector.o
 .bss           0x00000000        0x0 ./src/Vector.o
 .debug_macro   0x00000000      0x610 ./src/Vector.o
 .debug_macro   0x00000000       0x52 ./src/Vector.o
 .debug_macro   0x00000000       0xa0 ./src/Vector.o
 .debug_macro   0x00000000       0x16 ./src/Vector.o
 .group         0x00000000        0x8 ./src/TB_UART.o
 .group         0x00000000        0x8 ./src/TB_UART.o
 .group         0x00000000        0x8 ./src/TB_UART.o
 .group         0x00000000        0x8 ./src/TB_UART.o
 .group         0x00000000        0x8 ./src/TB_UART.o
 .group         0x00000000        0x8 ./src/TB_UART.o
 .group         0x00000000        0x8 ./src/TB_UART.o
 .group         0x00000000        0x8 ./src/TB_UART.o
 .group         0x00000000        0x8 ./src/TB_UART.o
 .group         0x00000000        0x8 ./src/TB_UART.o
 .group         0x00000000        0x8 ./src/TB_UART.o
 .group         0x00000000        0x8 ./src/TB_UART.o
 .group         0x00000000        0x8 ./src/TB_UART.o
 .group         0x00000000        0x8 ./src/TB_UART.o
 .group         0x00000000        0x8 ./src/TB_UART.o
 .group         0x00000000        0x8 ./src/TB_UART.o
 .group         0x00000000        0x8 ./src/TB_UART.o
 .group         0x00000000        0x8 ./src/TB_UART.o
 .text          0x00000000        0x0 ./src/TB_UART.o
 .data          0x00000000        0x0 ./src/TB_UART.o
 .bss           0x00000000        0x0 ./src/TB_UART.o
 .text.UART0_Init
                0x00000000      0x148 ./src/TB_UART.o
 .text.UART0_Send
                0x00000000       0x8a ./src/TB_UART.o
 .text.UART0_SendStr
                0x00000000       0x6c ./src/TB_UART.o
 .text.UART0_Rec
                0x00000000       0x5a ./src/TB_UART.o
 .text.UART1_Init
                0x00000000      0x142 ./src/TB_UART.o
 .text.UART1_Send
                0x00000000       0x82 ./src/TB_UART.o
 .text.UART1_SendStr
                0x00000000       0x6c ./src/TB_UART.o
 .text.UART1_Rec
                0x00000000       0x52 ./src/TB_UART.o
 .debug_macro   0x00000000      0x610 ./src/TB_UART.o
 .debug_macro   0x00000000       0x52 ./src/TB_UART.o
 .debug_macro   0x00000000       0xa0 ./src/TB_UART.o
 .debug_macro   0x00000000       0x16 ./src/TB_UART.o
 .debug_macro   0x00000000       0x64 ./src/TB_UART.o
 .debug_macro   0x00000000      0x1a3 ./src/TB_UART.o
 .debug_macro   0x00000000      0x133 ./src/TB_UART.o
 .debug_macro   0x00000000       0x9d ./src/TB_UART.o
 .debug_macro   0x00000000       0x10 ./src/TB_UART.o
 .debug_macro   0x00000000      0x15b ./src/TB_UART.o
 .debug_macro   0x00000000       0x28 ./src/TB_UART.o
 .debug_macro   0x00000000       0x58 ./src/TB_UART.o
 .debug_macro   0x00000000     0xb50a ./src/TB_UART.o
 .debug_macro   0x00000000      0xb62 ./src/TB_UART.o
 .debug_macro   0x00000000       0x1c ./src/TB_UART.o
 .sbss          0x00000000        0x2 ./src/TB_UART.o
 .group         0x00000000        0x8 ./src/TB_PIT.o
 .group         0x00000000        0x8 ./src/TB_PIT.o
 .group         0x00000000        0x8 ./src/TB_PIT.o
 .group         0x00000000        0x8 ./src/TB_PIT.o
 .group         0x00000000        0x8 ./src/TB_PIT.o
 .group         0x00000000        0x8 ./src/TB_PIT.o
 .group         0x00000000        0x8 ./src/TB_PIT.o
 .group         0x00000000        0x8 ./src/TB_PIT.o
 .group         0x00000000        0x8 ./src/TB_PIT.o
 .group         0x00000000        0x8 ./src/TB_PIT.o
 .group         0x00000000        0x8 ./src/TB_PIT.o
 .group         0x00000000        0x8 ./src/TB_PIT.o
 .group         0x00000000        0x8 ./src/TB_PIT.o
 .group         0x00000000        0x8 ./src/TB_PIT.o
 .text          0x00000000        0x0 ./src/TB_PIT.o
 .data          0x00000000        0x0 ./src/TB_PIT.o
 .bss           0x00000000        0x0 ./src/TB_PIT.o
 .debug_macro   0x00000000      0x610 ./src/TB_PIT.o
 .debug_macro   0x00000000       0x52 ./src/TB_PIT.o
 .debug_macro   0x00000000       0xa0 ./src/TB_PIT.o
 .debug_macro   0x00000000       0x16 ./src/TB_PIT.o
 .debug_macro   0x00000000       0x64 ./src/TB_PIT.o
 .debug_macro   0x00000000      0x1a3 ./src/TB_PIT.o
 .debug_macro   0x00000000      0x133 ./src/TB_PIT.o
 .debug_macro   0x00000000       0x9d ./src/TB_PIT.o
 .debug_macro   0x00000000       0x10 ./src/TB_PIT.o
 .debug_macro   0x00000000      0x15b ./src/TB_PIT.o
 .debug_macro   0x00000000       0x28 ./src/TB_PIT.o
 .debug_macro   0x00000000       0x58 ./src/TB_PIT.o
 .debug_macro   0x00000000     0xb50a ./src/TB_PIT.o
 .group         0x00000000        0x8 ./src/TB_LTC6804.o
 .group         0x00000000        0x8 ./src/TB_LTC6804.o
 .group         0x00000000        0x8 ./src/TB_LTC6804.o
 .group         0x00000000        0x8 ./src/TB_LTC6804.o
 .group         0x00000000        0x8 ./src/TB_LTC6804.o
 .group         0x00000000        0x8 ./src/TB_LTC6804.o
 .group         0x00000000        0x8 ./src/TB_LTC6804.o
 .group         0x00000000        0x8 ./src/TB_LTC6804.o
 .group         0x00000000        0x8 ./src/TB_LTC6804.o
 .group         0x00000000        0x8 ./src/TB_LTC6804.o
 .group         0x00000000        0x8 ./src/TB_LTC6804.o
 .group         0x00000000        0x8 ./src/TB_LTC6804.o
 .group         0x00000000        0x8 ./src/TB_LTC6804.o
 .group         0x00000000        0x8 ./src/TB_LTC6804.o
 .group         0x00000000        0x8 ./src/TB_LTC6804.o
 .text          0x00000000        0x0 ./src/TB_LTC6804.o
 .data          0x00000000        0x0 ./src/TB_LTC6804.o
 .bss           0x00000000        0x0 ./src/TB_LTC6804.o
 .sdata.gCommandType
                0x00000000        0x1 ./src/TB_LTC6804.o
 .sbss.flgDateUpdate
                0x00000000        0x1 ./src/TB_LTC6804.o
 .sdata.Waittime
                0x00000000        0x1 ./src/TB_LTC6804.o
 .sdata.openwire
                0x00000000        0x1 ./src/TB_LTC6804.o
 .sbss.SPILINE  0x00000000        0x1 ./src/TB_LTC6804.o
 .sdata.resettime
                0x00000000        0x4 ./src/TB_LTC6804.o
 .sbss.wake_up_counts
                0x00000000        0x1 ./src/TB_LTC6804.o
 .sbss.sendable
                0x00000000        0x1 ./src/TB_LTC6804.o
 .bss.g_SPI_Rx_array
                0x00000000      0x18c ./src/TB_LTC6804.o
 .data.pec15Table
                0x00000000      0x200 ./src/TB_LTC6804.o
 .data.SPIDATA2
                0x00000000      0x18c ./src/TB_LTC6804.o
 .data.SPIDATALEN2
                0x00000000       0x21 ./src/TB_LTC6804.o
 .text.pec15    0x00000000       0xde ./src/TB_LTC6804.o
 .text.SPI_Pin_Init
                0x00000000      0x11a ./src/TB_LTC6804.o
 .text.SPI_DataRec
                0x00000000       0x56 ./src/TB_LTC6804.o
 .text.SPI_DataSend
                0x00000000       0x74 ./src/TB_LTC6804.o
 .text.SPI_mid_DataSend
                0x00000000       0x74 ./src/TB_LTC6804.o
 .text.DataOrganization2
                0x00000000      0x2a6 ./src/TB_LTC6804.o
 .rodata.DataOrganization2
                0x00000000       0x90 ./src/TB_LTC6804.o
 .text.vol_sample
                0x00000000      0x686 ./src/TB_LTC6804.o
 .text.delay_test
                0x00000000       0x70 ./src/TB_LTC6804.o
 .bss.i.14047   0x00000000        0x4 ./src/TB_LTC6804.o
 .bss.temp.14048
                0x00000000        0x1 ./src/TB_LTC6804.o
 .bss.rows.14049
                0x00000000        0x1 ./src/TB_LTC6804.o
 .bss.num.14051
                0x00000000        0x4 ./src/TB_LTC6804.o
 .bss.cell.14050
                0x00000000       0x30 ./src/TB_LTC6804.o
 .bss.tmp.14052
                0x00000000       0x18 ./src/TB_LTC6804.o
 .debug_macro   0x00000000      0x610 ./src/TB_LTC6804.o
 .debug_macro   0x00000000       0x52 ./src/TB_LTC6804.o
 .debug_macro   0x00000000       0xa0 ./src/TB_LTC6804.o
 .debug_macro   0x00000000       0x16 ./src/TB_LTC6804.o
 .debug_macro   0x00000000       0x64 ./src/TB_LTC6804.o
 .debug_macro   0x00000000      0x1a3 ./src/TB_LTC6804.o
 .debug_macro   0x00000000      0x133 ./src/TB_LTC6804.o
 .debug_macro   0x00000000       0x9d ./src/TB_LTC6804.o
 .debug_macro   0x00000000       0x10 ./src/TB_LTC6804.o
 .debug_macro   0x00000000      0x15b ./src/TB_LTC6804.o
 .debug_macro   0x00000000       0x28 ./src/TB_LTC6804.o
 .debug_macro   0x00000000       0x58 ./src/TB_LTC6804.o
 .debug_macro   0x00000000     0xb50a ./src/TB_LTC6804.o
 .debug_macro   0x00000000      0xb62 ./src/TB_LTC6804.o
 .debug_macro   0x00000000       0xd6 ./src/TB_LTC6804.o
 .sbss          0x00000000        0x4 ./src/TB_LTC6804.o
 .group         0x00000000        0x8 ./src/TB_GPIO.o
 .group         0x00000000        0x8 ./src/TB_GPIO.o
 .group         0x00000000        0x8 ./src/TB_GPIO.o
 .group         0x00000000        0x8 ./src/TB_GPIO.o
 .group         0x00000000        0x8 ./src/TB_GPIO.o
 .group         0x00000000        0x8 ./src/TB_GPIO.o
 .group         0x00000000        0x8 ./src/TB_GPIO.o
 .group         0x00000000        0x8 ./src/TB_GPIO.o
 .group         0x00000000        0x8 ./src/TB_GPIO.o
 .group         0x00000000        0x8 ./src/TB_GPIO.o
 .group         0x00000000        0x8 ./src/TB_GPIO.o
 .group         0x00000000        0x8 ./src/TB_GPIO.o
 .group         0x00000000        0x8 ./src/TB_GPIO.o
 .group         0x00000000        0x8 ./src/TB_GPIO.o
 .group         0x00000000        0x8 ./src/TB_GPIO.o
 .text          0x00000000        0x0 ./src/TB_GPIO.o
 .data          0x00000000        0x0 ./src/TB_GPIO.o
 .bss           0x00000000        0x0 ./src/TB_GPIO.o
 .text.gpio_turn
                0x00000000       0x2a ./src/TB_GPIO.o
 .text.gpio_get
                0x00000000       0x20 ./src/TB_GPIO.o
 .debug_macro   0x00000000      0x610 ./src/TB_GPIO.o
 .debug_macro   0x00000000       0x52 ./src/TB_GPIO.o
 .debug_macro   0x00000000       0xa0 ./src/TB_GPIO.o
 .debug_macro   0x00000000       0x16 ./src/TB_GPIO.o
 .debug_macro   0x00000000       0x64 ./src/TB_GPIO.o
 .debug_macro   0x00000000      0x1a3 ./src/TB_GPIO.o
 .debug_macro   0x00000000      0x133 ./src/TB_GPIO.o
 .debug_macro   0x00000000       0x9d ./src/TB_GPIO.o
 .debug_macro   0x00000000       0x10 ./src/TB_GPIO.o
 .debug_macro   0x00000000      0x15b ./src/TB_GPIO.o
 .debug_macro   0x00000000       0x28 ./src/TB_GPIO.o
 .debug_macro   0x00000000       0x58 ./src/TB_GPIO.o
 .debug_macro   0x00000000     0xb50a ./src/TB_GPIO.o
 .debug_macro   0x00000000      0xb62 ./src/TB_GPIO.o
 .debug_macro   0x00000000       0x6a ./src/TB_GPIO.o
 .group         0x00000000        0x8 ./src/TB_DS1302.o
 .group         0x00000000        0x8 ./src/TB_DS1302.o
 .group         0x00000000        0x8 ./src/TB_DS1302.o
 .group         0x00000000        0x8 ./src/TB_DS1302.o
 .group         0x00000000        0x8 ./src/TB_DS1302.o
 .group         0x00000000        0x8 ./src/TB_DS1302.o
 .group         0x00000000        0x8 ./src/TB_DS1302.o
 .group         0x00000000        0x8 ./src/TB_DS1302.o
 .group         0x00000000        0x8 ./src/TB_DS1302.o
 .group         0x00000000        0x8 ./src/TB_DS1302.o
 .group         0x00000000        0x8 ./src/TB_DS1302.o
 .group         0x00000000        0x8 ./src/TB_DS1302.o
 .group         0x00000000        0x8 ./src/TB_DS1302.o
 .group         0x00000000        0x8 ./src/TB_DS1302.o
 .group         0x00000000        0x8 ./src/TB_DS1302.o
 .text          0x00000000        0x0 ./src/TB_DS1302.o
 .data          0x00000000        0x0 ./src/TB_DS1302.o
 .bss           0x00000000        0x0 ./src/TB_DS1302.o
 .sdata.TIME    0x00000000        0x7 ./src/TB_DS1302.o
 .sdata.READ_RTC_ADDR
                0x00000000        0x7 ./src/TB_DS1302.o
 .sdata.WRITE_RTC_ADDR
                0x00000000        0x7 ./src/TB_DS1302.o
 .text.delay_10us
                0x00000000       0x3a ./src/TB_DS1302.o
 .text.delay_ms
                0x00000000       0x70 ./src/TB_DS1302.o
 .text.DS1302_PinInit
                0x00000000       0x5c ./src/TB_DS1302.o
 .text.DS1302_Wtite_Byte
                0x00000000      0x1a0 ./src/TB_DS1302.o
 .text.DS1302_READ_Byte
                0x00000000      0x1dc ./src/TB_DS1302.o
 .text.DS1302_Init
                0x00000000       0x92 ./src/TB_DS1302.o
 .text.DS1302_Read
                0x00000000       0x78 ./src/TB_DS1302.o
 .debug_macro   0x00000000      0x610 ./src/TB_DS1302.o
 .debug_macro   0x00000000       0x52 ./src/TB_DS1302.o
 .debug_macro   0x00000000       0xa0 ./src/TB_DS1302.o
 .debug_macro   0x00000000       0x16 ./src/TB_DS1302.o
 .debug_macro   0x00000000       0x64 ./src/TB_DS1302.o
 .debug_macro   0x00000000      0x1a3 ./src/TB_DS1302.o
 .debug_macro   0x00000000      0x133 ./src/TB_DS1302.o
 .debug_macro   0x00000000       0x9d ./src/TB_DS1302.o
 .debug_macro   0x00000000       0x10 ./src/TB_DS1302.o
 .debug_macro   0x00000000      0x15b ./src/TB_DS1302.o
 .debug_macro   0x00000000       0x28 ./src/TB_DS1302.o
 .debug_macro   0x00000000       0x58 ./src/TB_DS1302.o
 .debug_macro   0x00000000     0xb50a ./src/TB_DS1302.o
 .debug_macro   0x00000000      0xb62 ./src/TB_DS1302.o
 .debug_macro   0x00000000       0x2e ./src/TB_DS1302.o
 .sbss          0x00000000        0x7 ./src/TB_DS1302.o
 .group         0x00000000        0x8 ./src/TB_CAN.o
 .group         0x00000000        0x8 ./src/TB_CAN.o
 .group         0x00000000        0x8 ./src/TB_CAN.o
 .group         0x00000000        0x8 ./src/TB_CAN.o
 .group         0x00000000        0x8 ./src/TB_CAN.o
 .group         0x00000000        0x8 ./src/TB_CAN.o
 .group         0x00000000        0x8 ./src/TB_CAN.o
 .group         0x00000000        0x8 ./src/TB_CAN.o
 .group         0x00000000        0x8 ./src/TB_CAN.o
 .group         0x00000000        0x8 ./src/TB_CAN.o
 .group         0x00000000        0x8 ./src/TB_CAN.o
 .group         0x00000000        0x8 ./src/TB_CAN.o
 .group         0x00000000        0x8 ./src/TB_CAN.o
 .group         0x00000000        0x8 ./src/TB_CAN.o
 .group         0x00000000        0x8 ./src/TB_CAN.o
 .text          0x00000000        0x0 ./src/TB_CAN.o
 .data          0x00000000        0x0 ./src/TB_CAN.o
 .bss           0x00000000        0x0 ./src/TB_CAN.o
 .text.initCAN_0
                0x00000000      0x16c ./src/TB_CAN.o
 .text.CAN_Trans
                0x00000000       0xe0 ./src/TB_CAN.o
 .text.CAN_Rec_LoopBack
                0x00000000       0xfa ./src/TB_CAN.o
 .text.CAN_Trans_Message
                0x00000000       0xf4 ./src/TB_CAN.o
 .debug_macro   0x00000000      0x610 ./src/TB_CAN.o
 .debug_macro   0x00000000       0x52 ./src/TB_CAN.o
 .debug_macro   0x00000000       0xa0 ./src/TB_CAN.o
 .debug_macro   0x00000000       0x16 ./src/TB_CAN.o
 .debug_macro   0x00000000       0x64 ./src/TB_CAN.o
 .debug_macro   0x00000000      0x1a3 ./src/TB_CAN.o
 .debug_macro   0x00000000      0x133 ./src/TB_CAN.o
 .debug_macro   0x00000000       0x9d ./src/TB_CAN.o
 .debug_macro   0x00000000       0x10 ./src/TB_CAN.o
 .debug_macro   0x00000000      0x15b ./src/TB_CAN.o
 .debug_macro   0x00000000       0x28 ./src/TB_CAN.o
 .debug_macro   0x00000000       0x58 ./src/TB_CAN.o
 .debug_macro   0x00000000     0xb50a ./src/TB_CAN.o
 .debug_macro   0x00000000      0xb62 ./src/TB_CAN.o
 .debug_macro   0x00000000       0x58 ./src/TB_CAN.o
 .sbss          0x00000000       0x18 ./src/TB_CAN.o
 .group         0x00000000        0x8 ./src/TB_AnSPI.o
 .group         0x00000000        0x8 ./src/TB_AnSPI.o
 .group         0x00000000        0x8 ./src/TB_AnSPI.o
 .group         0x00000000        0x8 ./src/TB_AnSPI.o
 .group         0x00000000        0x8 ./src/TB_AnSPI.o
 .group         0x00000000        0x8 ./src/TB_AnSPI.o
 .group         0x00000000        0x8 ./src/TB_AnSPI.o
 .group         0x00000000        0x8 ./src/TB_AnSPI.o
 .group         0x00000000        0x8 ./src/TB_AnSPI.o
 .group         0x00000000        0x8 ./src/TB_AnSPI.o
 .group         0x00000000        0x8 ./src/TB_AnSPI.o
 .group         0x00000000        0x8 ./src/TB_AnSPI.o
 .group         0x00000000        0x8 ./src/TB_AnSPI.o
 .group         0x00000000        0x8 ./src/TB_AnSPI.o
 .group         0x00000000        0x8 ./src/TB_AnSPI.o
 .text          0x00000000        0x0 ./src/TB_AnSPI.o
 .data          0x00000000        0x0 ./src/TB_AnSPI.o
 .bss           0x00000000        0x0 ./src/TB_AnSPI.o
 .text.delay_100ns
                0x00000000       0x68 ./src/TB_AnSPI.o
 .text.EEPROM_Pin_Init
                0x00000000       0xb0 ./src/TB_AnSPI.o
 .text.SPI_WriteByte
                0x00000000       0xd8 ./src/TB_AnSPI.o
 .text.SPI_ReadByte
                0x00000000      0x104 ./src/TB_AnSPI.o
 .text.EEPROM_Write
                0x00000000      0x2ce ./src/TB_AnSPI.o
 .text.EEPROM_Read
                0x00000000      0x22e ./src/TB_AnSPI.o
 .text.EEPROM_Read_Mul
                0x00000000      0x142 ./src/TB_AnSPI.o
 .text.EEPROM_Write_Mul
                0x00000000      0x308 ./src/TB_AnSPI.o
 .debug_macro   0x00000000      0x610 ./src/TB_AnSPI.o
 .debug_macro   0x00000000       0x52 ./src/TB_AnSPI.o
 .debug_macro   0x00000000       0xa0 ./src/TB_AnSPI.o
 .debug_macro   0x00000000       0x16 ./src/TB_AnSPI.o
 .debug_macro   0x00000000       0x64 ./src/TB_AnSPI.o
 .debug_macro   0x00000000      0x1a3 ./src/TB_AnSPI.o
 .debug_macro   0x00000000      0x133 ./src/TB_AnSPI.o
 .debug_macro   0x00000000       0x9d ./src/TB_AnSPI.o
 .debug_macro   0x00000000       0x10 ./src/TB_AnSPI.o
 .debug_macro   0x00000000      0x15b ./src/TB_AnSPI.o
 .debug_macro   0x00000000       0x28 ./src/TB_AnSPI.o
 .debug_macro   0x00000000       0x58 ./src/TB_AnSPI.o
 .debug_macro   0x00000000     0xb50a ./src/TB_AnSPI.o
 .debug_macro   0x00000000      0xb62 ./src/TB_AnSPI.o
 .debug_macro   0x00000000       0x2e ./src/TB_AnSPI.o
 .group         0x00000000        0x8 ./src/TB_ADC.o
 .group         0x00000000        0x8 ./src/TB_ADC.o
 .group         0x00000000        0x8 ./src/TB_ADC.o
 .group         0x00000000        0x8 ./src/TB_ADC.o
 .group         0x00000000        0x8 ./src/TB_ADC.o
 .group         0x00000000        0x8 ./src/TB_ADC.o
 .group         0x00000000        0x8 ./src/TB_ADC.o
 .group         0x00000000        0x8 ./src/TB_ADC.o
 .group         0x00000000        0x8 ./src/TB_ADC.o
 .group         0x00000000        0x8 ./src/TB_ADC.o
 .group         0x00000000        0x8 ./src/TB_ADC.o
 .group         0x00000000        0x8 ./src/TB_ADC.o
 .group         0x00000000        0x8 ./src/TB_ADC.o
 .group         0x00000000        0x8 ./src/TB_ADC.o
 .text          0x00000000        0x0 ./src/TB_ADC.o
 .data          0x00000000        0x0 ./src/TB_ADC.o
 .bss           0x00000000        0x0 ./src/TB_ADC.o
 .text.ADC1_CH3_PinInit
                0x00000000       0x3c ./src/TB_ADC.o
 .text.ADC1_CH2_PinInit
                0x00000000       0x3c ./src/TB_ADC.o
 .text.ADC1_Calibration
                0x00000000       0xbe ./src/TB_ADC.o
 .text.ADC1_Init
                0x00000000       0x6e ./src/TB_ADC.o
 .text.ADC1_StartConvert
                0x00000000       0x4c ./src/TB_ADC.o
 .text.ADC1_CH3_ReadData
                0x00000000       0x6e ./src/TB_ADC.o
 .text.ADC1_CH2_ReadData
                0x00000000       0x6e ./src/TB_ADC.o
 .debug_macro   0x00000000      0x610 ./src/TB_ADC.o
 .debug_macro   0x00000000       0x52 ./src/TB_ADC.o
 .debug_macro   0x00000000       0xa0 ./src/TB_ADC.o
 .debug_macro   0x00000000       0x16 ./src/TB_ADC.o
 .debug_macro   0x00000000       0x64 ./src/TB_ADC.o
 .debug_macro   0x00000000      0x1a3 ./src/TB_ADC.o
 .debug_macro   0x00000000      0x133 ./src/TB_ADC.o
 .debug_macro   0x00000000       0x9d ./src/TB_ADC.o
 .debug_macro   0x00000000       0x10 ./src/TB_ADC.o
 .debug_macro   0x00000000      0x15b ./src/TB_ADC.o
 .debug_macro   0x00000000       0x28 ./src/TB_ADC.o
 .debug_macro   0x00000000       0x58 ./src/TB_ADC.o
 .debug_macro   0x00000000     0xb50a ./src/TB_ADC.o
 .debug_macro   0x00000000      0xb62 ./src/TB_ADC.o
 .group         0x00000000        0x8 ./src/TB_25LC256.o
 .group         0x00000000        0x8 ./src/TB_25LC256.o
 .group         0x00000000        0x8 ./src/TB_25LC256.o
 .group         0x00000000        0x8 ./src/TB_25LC256.o
 .group         0x00000000        0x8 ./src/TB_25LC256.o
 .group         0x00000000        0x8 ./src/TB_25LC256.o
 .group         0x00000000        0x8 ./src/TB_25LC256.o
 .group         0x00000000        0x8 ./src/TB_25LC256.o
 .group         0x00000000        0x8 ./src/TB_25LC256.o
 .group         0x00000000        0x8 ./src/TB_25LC256.o
 .group         0x00000000        0x8 ./src/TB_25LC256.o
 .group         0x00000000        0x8 ./src/TB_25LC256.o
 .group         0x00000000        0x8 ./src/TB_25LC256.o
 .group         0x00000000        0x8 ./src/TB_25LC256.o
 .group         0x00000000        0x8 ./src/TB_25LC256.o
 .group         0x00000000        0x8 ./src/TB_25LC256.o
 .group         0x00000000        0x8 ./src/TB_25LC256.o
 .text          0x00000000        0x0 ./src/TB_25LC256.o
 .data          0x00000000        0x0 ./src/TB_25LC256.o
 .bss           0x00000000        0x0 ./src/TB_25LC256.o
 .text.delay_100ns
                0x00000000       0x68 ./src/TB_25LC256.o
 .text.SPI_25LC256_Pin_Init
                0x00000000      0x11a ./src/TB_25LC256.o
 .text.SPI_25LC256_Init
                0x00000000       0x3c ./src/TB_25LC256.o
 .text.SPI_25LC256_DataRec
                0x00000000       0x50 ./src/TB_25LC256.o
 .text.SPI_25LC256_DataSend
                0x00000000       0x68 ./src/TB_25LC256.o
 .text.SPI_25LC256_Send_Continuous
                0x00000000       0xfe ./src/TB_25LC256.o
 .text.SPI_25LC256_WriteMul
                0x00000000      0x226 ./src/TB_25LC256.o
 .text.SPI_25LC256_ReadMul
                0x00000000      0x1e2 ./src/TB_25LC256.o
 .text.SPI_25LC256_ReadSingle
                0x00000000      0x15e ./src/TB_25LC256.o
 .debug_macro   0x00000000      0x610 ./src/TB_25LC256.o
 .debug_macro   0x00000000       0x52 ./src/TB_25LC256.o
 .debug_macro   0x00000000       0xa0 ./src/TB_25LC256.o
 .debug_macro   0x00000000       0x16 ./src/TB_25LC256.o
 .debug_macro   0x00000000       0x64 ./src/TB_25LC256.o
 .debug_macro   0x00000000      0x1a3 ./src/TB_25LC256.o
 .debug_macro   0x00000000      0x133 ./src/TB_25LC256.o
 .debug_macro   0x00000000       0x9d ./src/TB_25LC256.o
 .debug_macro   0x00000000       0x10 ./src/TB_25LC256.o
 .debug_macro   0x00000000      0x15b ./src/TB_25LC256.o
 .debug_macro   0x00000000       0x28 ./src/TB_25LC256.o
 .debug_macro   0x00000000       0x58 ./src/TB_25LC256.o
 .debug_macro   0x00000000     0xb50a ./src/TB_25LC256.o
 .debug_macro   0x00000000      0xb62 ./src/TB_25LC256.o
 .debug_macro   0x00000000       0x16 ./src/TB_25LC256.o
 .debug_macro   0x00000000       0x16 ./src/TB_25LC256.o
 .debug_macro   0x00000000       0x10 ./src/TB_25LC256.o
 .group         0x00000000        0x8 ./src/SysClk.o
 .group         0x00000000        0x8 ./src/SysClk.o
 .group         0x00000000        0x8 ./src/SysClk.o
 .group         0x00000000        0x8 ./src/SysClk.o
 .group         0x00000000        0x8 ./src/SysClk.o
 .group         0x00000000        0x8 ./src/SysClk.o
 .group         0x00000000        0x8 ./src/SysClk.o
 .group         0x00000000        0x8 ./src/SysClk.o
 .group         0x00000000        0x8 ./src/SysClk.o
 .group         0x00000000        0x8 ./src/SysClk.o
 .group         0x00000000        0x8 ./src/SysClk.o
 .group         0x00000000        0x8 ./src/SysClk.o
 .group         0x00000000        0x8 ./src/SysClk.o
 .text          0x00000000        0x0 ./src/SysClk.o
 .data          0x00000000        0x0 ./src/SysClk.o
 .bss           0x00000000        0x0 ./src/SysClk.o
 .debug_macro   0x00000000      0x610 ./src/SysClk.o
 .debug_macro   0x00000000       0x52 ./src/SysClk.o
 .debug_macro   0x00000000       0xa0 ./src/SysClk.o
 .debug_macro   0x00000000       0x16 ./src/SysClk.o
 .debug_macro   0x00000000       0x64 ./src/SysClk.o
 .debug_macro   0x00000000      0x1a3 ./src/SysClk.o
 .debug_macro   0x00000000      0x133 ./src/SysClk.o
 .debug_macro   0x00000000       0x9d ./src/SysClk.o
 .debug_macro   0x00000000       0x10 ./src/SysClk.o
 .debug_macro   0x00000000      0x15b ./src/SysClk.o
 .debug_macro   0x00000000       0x28 ./src/SysClk.o
 .debug_macro   0x00000000       0x58 ./src/SysClk.o
 .debug_macro   0x00000000     0xb50a ./src/SysClk.o
 .group         0x00000000        0x8 ./src/MPC57xx__Interrupt_Init.o
 .group         0x00000000        0x8 ./src/MPC57xx__Interrupt_Init.o
 .group         0x00000000        0x8 ./src/MPC57xx__Interrupt_Init.o
 .group         0x00000000        0x8 ./src/MPC57xx__Interrupt_Init.o
 .group         0x00000000        0x8 ./src/MPC57xx__Interrupt_Init.o
 .group         0x00000000        0x8 ./src/MPC57xx__Interrupt_Init.o
 .group         0x00000000        0x8 ./src/MPC57xx__Interrupt_Init.o
 .group         0x00000000        0x8 ./src/MPC57xx__Interrupt_Init.o
 .group         0x00000000        0x8 ./src/MPC57xx__Interrupt_Init.o
 .group         0x00000000        0x8 ./src/MPC57xx__Interrupt_Init.o
 .group         0x00000000        0x8 ./src/MPC57xx__Interrupt_Init.o
 .group         0x00000000        0x8 ./src/MPC57xx__Interrupt_Init.o
 .group         0x00000000        0x8 ./src/MPC57xx__Interrupt_Init.o
 .group         0x00000000        0x8 ./src/MPC57xx__Interrupt_Init.o
 .text          0x00000000        0x0 ./src/MPC57xx__Interrupt_Init.o
 .data          0x00000000        0x0 ./src/MPC57xx__Interrupt_Init.o
 .bss           0x00000000        0x0 ./src/MPC57xx__Interrupt_Init.o
 .debug_macro   0x00000000      0x610 ./src/MPC57xx__Interrupt_Init.o
 .debug_macro   0x00000000       0x52 ./src/MPC57xx__Interrupt_Init.o
 .debug_macro   0x00000000       0xa0 ./src/MPC57xx__Interrupt_Init.o
 .debug_macro   0x00000000       0x16 ./src/MPC57xx__Interrupt_Init.o
 .debug_macro   0x00000000       0x64 ./src/MPC57xx__Interrupt_Init.o
 .debug_macro   0x00000000      0x1a3 ./src/MPC57xx__Interrupt_Init.o
 .debug_macro   0x00000000      0x133 ./src/MPC57xx__Interrupt_Init.o
 .debug_macro   0x00000000       0x9d ./src/MPC57xx__Interrupt_Init.o
 .debug_macro   0x00000000       0x10 ./src/MPC57xx__Interrupt_Init.o
 .debug_macro   0x00000000      0x15b ./src/MPC57xx__Interrupt_Init.o
 .debug_macro   0x00000000       0x28 ./src/MPC57xx__Interrupt_Init.o
 .debug_macro   0x00000000       0x58 ./src/MPC57xx__Interrupt_Init.o
 .debug_macro   0x00000000     0xb50a ./src/MPC57xx__Interrupt_Init.o
 .debug_macro   0x00000000       0x2e ./src/MPC57xx__Interrupt_Init.o
 .text          0x00000000        0x0 D:/Software/NXP/S32DS_Power_v1.2/S32DS/e200_ewl2/lib/e200z4/fp\libc99.a(strlen.o)
 .data          0x00000000        0x0 D:/Software/NXP/S32DS_Power_v1.2/S32DS/e200_ewl2/lib/e200z4/fp\libc99.a(strlen.o)
 .bss           0x00000000        0x0 D:/Software/NXP/S32DS_Power_v1.2/S32DS/e200_ewl2/lib/e200z4/fp\libc99.a(strlen.o)
 .text.strlen   0x00000000       0x12 D:/Software/NXP/S32DS_Power_v1.2/S32DS/e200_ewl2/lib/e200z4/fp\libc99.a(strlen.o)
 .bss           0x00000000        0x0 d:/software/nxp/s32ds_power_v1.2/cross_tools/powerpc-eabivle-4_9/bin/../lib/gcc/powerpc-eabivle/4.9.4/e200z4/fp\libgcc.a(eabivle.o)
 .data          0x00000000        0x0 d:/software/nxp/s32ds_power_v1.2/cross_tools/powerpc-eabivle-4_9/bin/../lib/gcc/powerpc-eabivle/4.9.4/e200z4/fp/crtend.o
 .bss           0x00000000        0x0 d:/software/nxp/s32ds_power_v1.2/cross_tools/powerpc-eabivle-4_9/bin/../lib/gcc/powerpc-eabivle/4.9.4/e200z4/fp/crtend.o
 .jcr           0x00000000        0x4 d:/software/nxp/s32ds_power_v1.2/cross_tools/powerpc-eabivle-4_9/bin/../lib/gcc/powerpc-eabivle/4.9.4/e200z4/fp/crtend.o
 .text          0x00000000        0x0 d:/software/nxp/s32ds_power_v1.2/cross_tools/powerpc-eabivle-4_9/bin/../lib/gcc/powerpc-eabivle/4.9.4/e200z4/fp/ecrtn.o
 .data          0x00000000        0x0 d:/software/nxp/s32ds_power_v1.2/cross_tools/powerpc-eabivle-4_9/bin/../lib/gcc/powerpc-eabivle/4.9.4/e200z4/fp/ecrtn.o
 .bss           0x00000000        0x0 d:/software/nxp/s32ds_power_v1.2/cross_tools/powerpc-eabivle-4_9/bin/../lib/gcc/powerpc-eabivle/4.9.4/e200z4/fp/ecrtn.o
 .fixup         0x00000000        0x0 d:/software/nxp/s32ds_power_v1.2/cross_tools/powerpc-eabivle-4_9/bin/../lib/gcc/powerpc-eabivle/4.9.4/e200z4/fp/ecrtn.o
 .sdata         0x00000000        0x0 d:/software/nxp/s32ds_power_v1.2/cross_tools/powerpc-eabivle-4_9/bin/../lib/gcc/powerpc-eabivle/4.9.4/e200z4/fp/ecrtn.o
 .sdata2        0x00000000        0x0 d:/software/nxp/s32ds_power_v1.2/cross_tools/powerpc-eabivle-4_9/bin/../lib/gcc/powerpc-eabivle/4.9.4/e200z4/fp/ecrtn.o
 .gcc_except_table
                0x00000000        0x0 d:/software/nxp/s32ds_power_v1.2/cross_tools/powerpc-eabivle-4_9/bin/../lib/gcc/powerpc-eabivle/4.9.4/e200z4/fp/ecrtn.o

Memory Configuration

Name             Origin             Length             Attributes
SRAM             0x40000000         0x00060000
local_dmem       0x50800000         0x00010000
*default*        0x00000000         0xffffffff

Linker script and memory map

LOAD d:/software/nxp/s32ds_power_v1.2/cross_tools/powerpc-eabivle-4_9/bin/../lib/gcc/powerpc-eabivle/4.9.4/e200z4/fp/ecrti.o
LOAD d:/software/nxp/s32ds_power_v1.2/cross_tools/powerpc-eabivle-4_9/bin/../lib/gcc/powerpc-eabivle/4.9.4/e200z4/fp/crtbegin.o
LOAD ./Project_Settings/Startup_Code/startup.o
LOAD ./src/main.o
LOAD ./src/intc_sw_handlers.o
LOAD ./src/intc_SW_mode_isr_vectors_MPC5744P.o
LOAD ./src/Vector.o
LOAD ./src/TB_UART.o
LOAD ./src/TB_PIT.o
LOAD ./src/TB_LTC6804.o
LOAD ./src/TB_GPIO.o
LOAD ./src/TB_DS1302.o
LOAD ./src/TB_CAN.o
LOAD ./src/TB_AnSPI.o
LOAD ./src/TB_ADC.o
LOAD ./src/TB_25LC256.o
LOAD ./src/SysClk.o
LOAD ./src/MPC57xx__Interrupt_Init.o
START GROUP
LOAD D:/Software/NXP/S32DS_Power_v1.2/S32DS/e200_ewl2/lib/e200z4/fp\libc99.a
LOAD D:/Software/NXP/S32DS_Power_v1.2/S32DS/e200_ewl2/lib/e200z4/fp\libm.a
LOAD d:/software/nxp/s32ds_power_v1.2/cross_tools/powerpc-eabivle-4_9/bin/../lib/gcc/powerpc-eabivle/4.9.4/e200z4/fp\libgcc.a
LOAD D:/Software/NXP/S32DS_Power_v1.2/S32DS/e200_ewl2/lib/e200z4/fp\librt.a
END GROUP
LOAD d:/software/nxp/s32ds_power_v1.2/cross_tools/powerpc-eabivle-4_9/bin/../lib/gcc/powerpc-eabivle/4.9.4/e200z4/fp/crtend.o
LOAD d:/software/nxp/s32ds_power_v1.2/cross_tools/powerpc-eabivle-4_9/bin/../lib/gcc/powerpc-eabivle/4.9.4/e200z4/fp/ecrtn.o
                0x00000000                __HEAP_SIZE = 0x0
                0x00001000                __STACK_SIZE = 0x1000
                0x00060000                SRAM_SIZE = 0x60000
                0x40000000                SRAM_BASE_ADDR = 0x40000000
                0x00010000                LOCALDMEM_SIZE = 0x10000
                0x50800000                LOCALDMEM_BASE_ADDR = 0x50800000

.startup        0x40000000      0x1b6
                0x40000000                __start = .
 *(.startup)
 .startup       0x40000000      0x1b6 ./Project_Settings/Startup_Code/startup.o
                0x40000000                _start

.core_exceptions_table
                0x40001000       0xf4
                0x40001000                __IVPR_VALUE = .
 *(.core_exceptions_table)
 .core_exceptions_table
                0x40001000       0xf4 ./src/Vector.o
                0x40001000                VTABLE
                0x40001000                IVOR0_Vector
                0x40001010                IVOR1_Vector
                0x40001020                IVOR2_Vector
                0x40001030                IVOR3_Vector
                0x40001040                IVOR4_Vector
                0x40001050                IVOR5_Vector
                0x40001060                IVOR6_Vector
                0x40001070                IVOR7_Vector
                0x40001080                IVOR8_Vector
                0x40001090                IVOR9_Vector
                0x400010a0                IVOR10_Vector
                0x400010b0                IVOR11_Vector
                0x400010c0                IVOR12_Vector
                0x400010d0                IVOR13_Vector
                0x400010e0                IVOR14_Vector
                0x400010f0                IVOR15_Vector

.intc_vector_table
                0x40002000      0xb78
 *(.intc_vector_table)
 .intc_vector_table
                0x40002000      0xb78 ./src/intc_SW_mode_isr_vectors_MPC5744P.o
                0x40002000                IntcIsrVectorTable

.text           0x40002b80      0xa50
 *(.text.startup)
 *(.text)
 .text          0x40002b80      0x16c d:/software/nxp/s32ds_power_v1.2/cross_tools/powerpc-eabivle-4_9/bin/../lib/gcc/powerpc-eabivle/4.9.4/e200z4/fp/crtbegin.o
 *fill*         0x40002cec        0x4 
 .text          0x40002cf0       0x48 ./src/intc_sw_handlers.o
                0x40002cf0                IVOR4_Handler
 .text          0x40002d38       0x4a d:/software/nxp/s32ds_power_v1.2/cross_tools/powerpc-eabivle-4_9/bin/../lib/gcc/powerpc-eabivle/4.9.4/e200z4/fp\libgcc.a(eabivle.o)
                0x40002d38                __eabi
 *fill*         0x40002d82        0x2 
 .text          0x40002d84       0x48 d:/software/nxp/s32ds_power_v1.2/cross_tools/powerpc-eabivle-4_9/bin/../lib/gcc/powerpc-eabivle/4.9.4/e200z4/fp/crtend.o
 *(.text.*)
 .text.CAN0_Rec_ISR
                0x40002dcc       0x4a ./src/main.o
                0x40002dcc                CAN0_Rec_ISR
 *fill*         0x40002e16        0x2 
 .text.PIT0_CH1_ISR
                0x40002e18       0x72 ./src/main.o
                0x40002e18                PIT0_CH1_ISR
 *fill*         0x40002e8a        0x2 
 .text.PIT0_CH0_ISR
                0x40002e8c       0x72 ./src/main.o
                0x40002e8c                PIT0_CH0_ISR
 *fill*         0x40002efe        0x2 
 .text.UART0_ISR
                0x40002f00       0x32 ./src/main.o
                0x40002f00                UART0_ISR
 *fill*         0x40002f32        0x2 
 .text.UART1_ISR
                0x40002f34       0x80 ./src/main.o
                0x40002f34                UART1_ISR
 .text.SPI_REC_ISR
                0x40002fb4       0x26 ./src/main.o
                0x40002fb4                SPI_REC_ISR
 *fill*         0x40002fda        0x2 
 .text.main     0x40002fdc       0x86 ./src/main.o
                0x40002fdc                main
 *fill*         0x40003062        0x2 
 .text.dummy    0x40003064        0xc ./src/intc_SW_mode_isr_vectors_MPC5744P.o
                0x40003064                dummy
 .text.PIT0_CH0_Init
                0x40003070       0x50 ./src/TB_PIT.o
                0x40003070                PIT0_CH0_Init
 .text.PIT0_CH1_Init
                0x400030c0       0x50 ./src/TB_PIT.o
                0x400030c0                PIT0_CH1_Init
 .text.SPI_Init
                0x40003110       0x44 ./src/TB_LTC6804.o
                0x40003110                SPI_Init
 .text.gpio_init
                0x40003154       0xd4 ./src/TB_GPIO.o
                0x40003154                gpio_init
 .text.CAN_Rec_Interrupt
                0x40003228       0xce ./src/TB_CAN.o
                0x40003228                CAN_Rec_Interrupt
 *fill*         0x400032f6        0x2 
 .text.SysClk_Init
                0x400032f8      0x140 ./src/SysClk.o
                0x400032f8                SysClk_Init
 .text.InitPeriClkGen
                0x40003438       0xbc ./src/SysClk.o
                0x40003438                InitPeriClkGen
 .text.SetIVPR  0x400034f4       0x1a ./src/MPC57xx__Interrupt_Init.o
                0x400034f4                SetIVPR
 *fill*         0x4000350e        0x2 
 .text.InitINTC
                0x40003510       0x32 ./src/MPC57xx__Interrupt_Init.o
                0x40003510                InitINTC
 *fill*         0x40003542        0x2 
 .text.enableIrq
                0x40003544       0x20 ./src/MPC57xx__Interrupt_Init.o
                0x40003544                enableIrq
 .text.xcptn_xmpl
                0x40003564       0x34 ./src/MPC57xx__Interrupt_Init.o
                0x40003564                xcptn_xmpl
 *(.init)
 .init          0x40003598        0xa d:/software/nxp/s32ds_power_v1.2/cross_tools/powerpc-eabivle-4_9/bin/../lib/gcc/powerpc-eabivle/4.9.4/e200z4/fp/ecrti.o
                0x40003598                __init
 .init          0x400035a2        0x4 d:/software/nxp/s32ds_power_v1.2/cross_tools/powerpc-eabivle-4_9/bin/../lib/gcc/powerpc-eabivle/4.9.4/e200z4/fp/crtbegin.o
 .init          0x400035a6        0x4 d:/software/nxp/s32ds_power_v1.2/cross_tools/powerpc-eabivle-4_9/bin/../lib/gcc/powerpc-eabivle/4.9.4/e200z4/fp/crtend.o
 .init          0x400035aa        0xa d:/software/nxp/s32ds_power_v1.2/cross_tools/powerpc-eabivle-4_9/bin/../lib/gcc/powerpc-eabivle/4.9.4/e200z4/fp/ecrtn.o
 *(.fini)
 .fini          0x400035b4        0xa d:/software/nxp/s32ds_power_v1.2/cross_tools/powerpc-eabivle-4_9/bin/../lib/gcc/powerpc-eabivle/4.9.4/e200z4/fp/ecrti.o
                0x400035b4                __fini
 .fini          0x400035be        0x4 d:/software/nxp/s32ds_power_v1.2/cross_tools/powerpc-eabivle-4_9/bin/../lib/gcc/powerpc-eabivle/4.9.4/e200z4/fp/crtbegin.o
 .fini          0x400035c2        0xa d:/software/nxp/s32ds_power_v1.2/cross_tools/powerpc-eabivle-4_9/bin/../lib/gcc/powerpc-eabivle/4.9.4/e200z4/fp/ecrtn.o
                0x400035d0                . = ALIGN (0x10)
 *fill*         0x400035cc        0x4 

.glink          0x400035d0        0x0
 .glink         0x400035d0        0x0 d:/software/nxp/s32ds_power_v1.2/cross_tools/powerpc-eabivle-4_9/bin/../lib/gcc/powerpc-eabivle/4.9.4/e200z4/fp/crtbegin.o

.ctors          0x400035d0        0x8
                0x400035d0                __CTOR_LIST__ = .
 *crtbegin.o(.ctors)
 .ctors         0x400035d0        0x4 d:/software/nxp/s32ds_power_v1.2/cross_tools/powerpc-eabivle-4_9/bin/../lib/gcc/powerpc-eabivle/4.9.4/e200z4/fp/crtbegin.o
 *crtbegin?.o(.ctors)
 *(EXCLUDE_FILE(*crtend.o *crtend?.o) .ctors)
 .ctors         0x400035d4        0x0 d:/software/nxp/s32ds_power_v1.2/cross_tools/powerpc-eabivle-4_9/bin/../lib/gcc/powerpc-eabivle/4.9.4/e200z4/fp/ecrti.o
 .ctors         0x400035d4        0x0 d:/software/nxp/s32ds_power_v1.2/cross_tools/powerpc-eabivle-4_9/bin/../lib/gcc/powerpc-eabivle/4.9.4/e200z4/fp/ecrtn.o
 *(SORT(.ctors.*))
 *(.ctors)
 .ctors         0x400035d4        0x4 d:/software/nxp/s32ds_power_v1.2/cross_tools/powerpc-eabivle-4_9/bin/../lib/gcc/powerpc-eabivle/4.9.4/e200z4/fp/crtend.o
                0x400035d8                __CTOR_END__ = .

.dtors          0x400035d8        0x8
                0x400035d8                __DTOR_LIST__ = .
 *crtbegin.o(.dtors)
 .dtors         0x400035d8        0x4 d:/software/nxp/s32ds_power_v1.2/cross_tools/powerpc-eabivle-4_9/bin/../lib/gcc/powerpc-eabivle/4.9.4/e200z4/fp/crtbegin.o
 *crtbegin?.o(.dtors)
 *(EXCLUDE_FILE(*crtend.o *crtend?.o) .dtors)
 .dtors         0x400035dc        0x0 d:/software/nxp/s32ds_power_v1.2/cross_tools/powerpc-eabivle-4_9/bin/../lib/gcc/powerpc-eabivle/4.9.4/e200z4/fp/ecrti.o
 .dtors         0x400035dc        0x0 d:/software/nxp/s32ds_power_v1.2/cross_tools/powerpc-eabivle-4_9/bin/../lib/gcc/powerpc-eabivle/4.9.4/e200z4/fp/ecrtn.o
 *(SORT(.dtors.*))
 *(.dtors)
 .dtors         0x400035dc        0x4 d:/software/nxp/s32ds_power_v1.2/cross_tools/powerpc-eabivle-4_9/bin/../lib/gcc/powerpc-eabivle/4.9.4/e200z4/fp/crtend.o
                0x400035e0                __DTOR_END__ = .

.preinit_array  0x400035e0        0x0
                [!provide]                PROVIDE (__preinit_array_start, .)
 *(.preinit_array*)
                [!provide]                PROVIDE (__preinit_array_end, .)

.init_array     0x400035e0        0x0
                [!provide]                PROVIDE (__init_array_start, .)
 *(SORT(.init_array.*))
 *(.init_array*)
                [!provide]                PROVIDE (__init_array_end, .)

.fini_array     0x400035e0        0x0
                [!provide]                PROVIDE (__fini_array_start, .)
 *(SORT(.fini_array.*))
 *(.fini_array*)
                [!provide]                PROVIDE (__fini_array_end, .)

.rodata
 *(.rodata)
 *(.rodata.*)

.eh_frame_hdr
 *(.eh_frame_hdr)

.eh_frame       0x400035e0        0x8
 *(.eh_frame)
 .eh_frame      0x400035e0        0x0 d:/software/nxp/s32ds_power_v1.2/cross_tools/powerpc-eabivle-4_9/bin/../lib/gcc/powerpc-eabivle/4.9.4/e200z4/fp/ecrti.o
                0x400035e0                __EH_FRAME_BEGIN__
 .eh_frame      0x400035e0        0x0 d:/software/nxp/s32ds_power_v1.2/cross_tools/powerpc-eabivle-4_9/bin/../lib/gcc/powerpc-eabivle/4.9.4/e200z4/fp/crtbegin.o
 .eh_frame      0x400035e0        0x0 d:/software/nxp/s32ds_power_v1.2/cross_tools/powerpc-eabivle-4_9/bin/../lib/gcc/powerpc-eabivle/4.9.4/e200z4/fp/crtbegin.o
 .eh_frame      0x400035e0        0x4 d:/software/nxp/s32ds_power_v1.2/cross_tools/powerpc-eabivle-4_9/bin/../lib/gcc/powerpc-eabivle/4.9.4/e200z4/fp/crtend.o
 .eh_frame      0x400035e4        0x4 d:/software/nxp/s32ds_power_v1.2/cross_tools/powerpc-eabivle-4_9/bin/../lib/gcc/powerpc-eabivle/4.9.4/e200z4/fp/ecrtn.o
                0x400035e4                __EH_FRAME_END__

.data           0x400035e8        0x4
 *(.data)
 .data          0x400035e8        0x4 d:/software/nxp/s32ds_power_v1.2/cross_tools/powerpc-eabivle-4_9/bin/../lib/gcc/powerpc-eabivle/4.9.4/e200z4/fp\libgcc.a(eabivle.o)
 *(.data.*)

.jcr            0x400035ec        0x0
 .jcr           0x400035ec        0x0 d:/software/nxp/s32ds_power_v1.2/cross_tools/powerpc-eabivle-4_9/bin/../lib/gcc/powerpc-eabivle/4.9.4/e200z4/fp/crtbegin.o

.tm_clone_table
                0x400035ec        0x0
 .tm_clone_table
                0x400035ec        0x0 d:/software/nxp/s32ds_power_v1.2/cross_tools/powerpc-eabivle-4_9/bin/../lib/gcc/powerpc-eabivle/4.9.4/e200z4/fp/crtbegin.o
 .tm_clone_table
                0x400035ec        0x0 d:/software/nxp/s32ds_power_v1.2/cross_tools/powerpc-eabivle-4_9/bin/../lib/gcc/powerpc-eabivle/4.9.4/e200z4/fp/crtend.o

.got2           0x400035ec       0x1c
 .got2          0x400035ec       0x1c d:/software/nxp/s32ds_power_v1.2/cross_tools/powerpc-eabivle-4_9/bin/../lib/gcc/powerpc-eabivle/4.9.4/e200z4/fp\libgcc.a(eabivle.o)

.sdata2         0x40003608        0x0
 *(.sdata2)
 .sdata2        0x40003608        0x0 d:/software/nxp/s32ds_power_v1.2/cross_tools/powerpc-eabivle-4_9/bin/../lib/gcc/powerpc-eabivle/4.9.4/e200z4/fp/ecrti.o
 .sdata2        0x40003608        0x0 d:/software/nxp/s32ds_power_v1.2/cross_tools/powerpc-eabivle-4_9/bin/../lib/gcc/powerpc-eabivle/4.9.4/e200z4/fp/crtbegin.o
 *(.sdata2.*)

.sbss2          0x40003608        0x0
 *(.sbss2)
 .sbss2         0x40003608        0x0 d:/software/nxp/s32ds_power_v1.2/cross_tools/powerpc-eabivle-4_9/bin/../lib/gcc/powerpc-eabivle/4.9.4/e200z4/fp/ecrtn.o
 *(.sbss2.*)

.rela.dyn       0x40003608        0x0
 .rela.iplt     0x40003608        0x0 d:/software/nxp/s32ds_power_v1.2/cross_tools/powerpc-eabivle-4_9/bin/../lib/gcc/powerpc-eabivle/4.9.4/e200z4/fp/crtbegin.o
 .rela.text     0x40003608        0x0 d:/software/nxp/s32ds_power_v1.2/cross_tools/powerpc-eabivle-4_9/bin/../lib/gcc/powerpc-eabivle/4.9.4/e200z4/fp/crtbegin.o
 .rela.text.CAN0_Rec_ISR
                0x40003608        0x0 d:/software/nxp/s32ds_power_v1.2/cross_tools/powerpc-eabivle-4_9/bin/../lib/gcc/powerpc-eabivle/4.9.4/e200z4/fp/crtbegin.o
 .rela.text.UART1_ISR
                0x40003608        0x0 d:/software/nxp/s32ds_power_v1.2/cross_tools/powerpc-eabivle-4_9/bin/../lib/gcc/powerpc-eabivle/4.9.4/e200z4/fp/crtbegin.o
 .rela.text.UART0_Init
                0x40003608        0x0 d:/software/nxp/s32ds_power_v1.2/cross_tools/powerpc-eabivle-4_9/bin/../lib/gcc/powerpc-eabivle/4.9.4/e200z4/fp/crtbegin.o
 .rela.text.UART0_Send
                0x40003608        0x0 d:/software/nxp/s32ds_power_v1.2/cross_tools/powerpc-eabivle-4_9/bin/../lib/gcc/powerpc-eabivle/4.9.4/e200z4/fp/crtbegin.o
 .rela.text.UART1_Init
                0x40003608        0x0 d:/software/nxp/s32ds_power_v1.2/cross_tools/powerpc-eabivle-4_9/bin/../lib/gcc/powerpc-eabivle/4.9.4/e200z4/fp/crtbegin.o
 .rela.text.UART1_Send
                0x40003608        0x0 d:/software/nxp/s32ds_power_v1.2/cross_tools/powerpc-eabivle-4_9/bin/../lib/gcc/powerpc-eabivle/4.9.4/e200z4/fp/crtbegin.o
 .rela.text.pec15
                0x40003608        0x0 d:/software/nxp/s32ds_power_v1.2/cross_tools/powerpc-eabivle-4_9/bin/../lib/gcc/powerpc-eabivle/4.9.4/e200z4/fp/crtbegin.o
 .rela.text.DS1302_Read
                0x40003608        0x0 d:/software/nxp/s32ds_power_v1.2/cross_tools/powerpc-eabivle-4_9/bin/../lib/gcc/powerpc-eabivle/4.9.4/e200z4/fp/crtbegin.o
 .rela.text.CAN_Rec_LoopBack
                0x40003608        0x0 d:/software/nxp/s32ds_power_v1.2/cross_tools/powerpc-eabivle-4_9/bin/../lib/gcc/powerpc-eabivle/4.9.4/e200z4/fp/crtbegin.o
 .rela.got2     0x40003608        0x0 d:/software/nxp/s32ds_power_v1.2/cross_tools/powerpc-eabivle-4_9/bin/../lib/gcc/powerpc-eabivle/4.9.4/e200z4/fp/crtbegin.o

.sdata          0x40003608        0x8
 *(.sdata)
 .sdata         0x40003608        0x0 d:/software/nxp/s32ds_power_v1.2/cross_tools/powerpc-eabivle-4_9/bin/../lib/gcc/powerpc-eabivle/4.9.4/e200z4/fp/ecrti.o
                0x40003608                __SDATA_START__
 .sdata         0x40003608        0x0 d:/software/nxp/s32ds_power_v1.2/cross_tools/powerpc-eabivle-4_9/bin/../lib/gcc/powerpc-eabivle/4.9.4/e200z4/fp/crtbegin.o
                0x4000b608                _SDA_BASE_
 *(.sdata.*)
 .sdata.Rx_Buff
                0x40003608        0x8 ./src/main.o
                0x40003608                Rx_Buff

.bss            0x40003610       0x3f
                0x40003610                __BSS_START = .
 *(.sbss)
 .sbss          0x40003610        0x0 d:/software/nxp/s32ds_power_v1.2/cross_tools/powerpc-eabivle-4_9/bin/../lib/gcc/powerpc-eabivle/4.9.4/e200z4/fp/crtbegin.o
 .sbss          0x40003610        0xc ./src/main.o
                0x40003610                R_ID
                0x40003614                R_CODE
                0x40003618                R_Length
 .sbss          0x4000361c        0x0 d:/software/nxp/s32ds_power_v1.2/cross_tools/powerpc-eabivle-4_9/bin/../lib/gcc/powerpc-eabivle/4.9.4/e200z4/fp/ecrtn.o
                0x4000361c                __SBSS_END__
 *(.sbss.*)
 *(.bss)
 .bss           0x4000361c       0x20 d:/software/nxp/s32ds_power_v1.2/cross_tools/powerpc-eabivle-4_9/bin/../lib/gcc/powerpc-eabivle/4.9.4/e200z4/fp/crtbegin.o
 *(.bss.*)
 .bss.flag.14084
                0x4000363c        0x1 ./src/main.o
 .bss.flag.14087
                0x4000363d        0x1 ./src/main.o
 .bss.Index.14094
                0x4000363e        0x1 ./src/main.o
 *(COMMON)
 *fill*         0x4000363f        0x1 
 COMMON         0x40003640        0xf ./src/main.o
                0x40003640                DataRec_485
                0x4000364f                __BSS_END = .

.iplt           0x40003650        0x0
 .iplt          0x40003650        0x0 d:/software/nxp/s32ds_power_v1.2/cross_tools/powerpc-eabivle-4_9/bin/../lib/gcc/powerpc-eabivle/4.9.4/e200z4/fp/crtbegin.o

.stack          0x50800000     0x1004
                0x50800000                __HEAP = .
                [!provide]                PROVIDE (_end, .)
                [!provide]                PROVIDE (end, .)
                0x50800000                . = (. + __HEAP_SIZE)
                0x50800000                __HEAP_END = .
                0x50800000                _stack_end = .
                0x50801000                . = (. + __STACK_SIZE)
 *fill*         0x50800000     0x1000 
                0x50801000                _stack_addr = .
                0x50801000                __SP_INIT = .
                0x50801004                . = (. + 0x4)
 *fill*         0x50801000        0x4 
                0x400035e8                __DATA_SRAM_ADDR = ADDR (.data)
                0x40003608                __SDATA_SRAM_ADDR = ADDR (.sdata)
                0x00000004                __DATA_SIZE = SIZEOF (.data)
                0x00000008                __SDATA_SIZE = SIZEOF (.sdata)
                0x400035e8                __DATA_ROM_ADDR = LOADADDR (.data)
                0x40003608                __SDATA_ROM_ADDR = LOADADDR (.sdata)
                0x00060000                __SRAM_SIZE = SRAM_SIZE
                0x40000000                __SRAM_BASE_ADDR = SRAM_BASE_ADDR
                0x00010000                __LOCAL_DMEM_SIZE = LOCALDMEM_SIZE
                0x50800000                __LOCAL_DMEM_BASE_ADDR = LOCALDMEM_BASE_ADDR
                0x0000003f                __BSS_SIZE = (__BSS_END - __BSS_START)
OUTPUT(TestBorad.elf elf32-powerpc)

.PPC.EMB.apuinfo
                0x00000000       0x18
 .PPC.EMB.apuinfo
                0x00000000       0x18 d:/software/nxp/s32ds_power_v1.2/cross_tools/powerpc-eabivle-4_9/bin/../lib/gcc/powerpc-eabivle/4.9.4/e200z4/fp/ecrti.o
 .PPC.EMB.apuinfo
                0x00000018       0x18 d:/software/nxp/s32ds_power_v1.2/cross_tools/powerpc-eabivle-4_9/bin/../lib/gcc/powerpc-eabivle/4.9.4/e200z4/fp/crtbegin.o
 .PPC.EMB.apuinfo
                0x00000030       0x18 ./Project_Settings/Startup_Code/startup.o
 .PPC.EMB.apuinfo
                0x00000048       0x18 ./src/main.o
 .PPC.EMB.apuinfo
                0x00000060       0x18 ./src/intc_sw_handlers.o
 .PPC.EMB.apuinfo
                0x00000078       0x18 ./src/intc_SW_mode_isr_vectors_MPC5744P.o
 .PPC.EMB.apuinfo
                0x00000090       0x18 ./src/Vector.o
 .PPC.EMB.apuinfo
                0x000000a8       0x18 ./src/TB_UART.o
 .PPC.EMB.apuinfo
                0x000000c0       0x18 ./src/TB_PIT.o
 .PPC.EMB.apuinfo
                0x000000d8       0x18 ./src/TB_LTC6804.o
 .PPC.EMB.apuinfo
                0x000000f0       0x18 ./src/TB_GPIO.o
 .PPC.EMB.apuinfo
                0x00000108       0x18 ./src/TB_DS1302.o
 .PPC.EMB.apuinfo
                0x00000120       0x18 ./src/TB_CAN.o
 .PPC.EMB.apuinfo
                0x00000138       0x18 ./src/TB_AnSPI.o
 .PPC.EMB.apuinfo
                0x00000150       0x18 ./src/TB_ADC.o
 .PPC.EMB.apuinfo
                0x00000168       0x18 ./src/TB_25LC256.o
 .PPC.EMB.apuinfo
                0x00000180       0x18 ./src/SysClk.o
 .PPC.EMB.apuinfo
                0x00000198       0x18 ./src/MPC57xx__Interrupt_Init.o
 .PPC.EMB.apuinfo
                0x000001b0       0x18 D:/Software/NXP/S32DS_Power_v1.2/S32DS/e200_ewl2/lib/e200z4/fp\libc99.a(strlen.o)
 .PPC.EMB.apuinfo
                0x000001c8       0x18 d:/software/nxp/s32ds_power_v1.2/cross_tools/powerpc-eabivle-4_9/bin/../lib/gcc/powerpc-eabivle/4.9.4/e200z4/fp\libgcc.a(eabivle.o)
 .PPC.EMB.apuinfo
                0x000001e0       0x18 d:/software/nxp/s32ds_power_v1.2/cross_tools/powerpc-eabivle-4_9/bin/../lib/gcc/powerpc-eabivle/4.9.4/e200z4/fp/crtend.o
 .PPC.EMB.apuinfo
                0x000001f8       0x18 d:/software/nxp/s32ds_power_v1.2/cross_tools/powerpc-eabivle-4_9/bin/../lib/gcc/powerpc-eabivle/4.9.4/e200z4/fp/ecrtn.o

.comment        0x00000000       0x8e
 .comment       0x00000000       0x8e ./src/main.o
                                 0x8f (size before relaxing)
 .comment       0x0000008e       0x8f ./src/intc_SW_mode_isr_vectors_MPC5744P.o
 .comment       0x0000008e       0x8f ./src/Vector.o
 .comment       0x0000008e       0x8f ./src/TB_UART.o
 .comment       0x0000008e       0x8f ./src/TB_PIT.o
 .comment       0x0000008e       0x8f ./src/TB_LTC6804.o
 .comment       0x0000008e       0x8f ./src/TB_GPIO.o
 .comment       0x0000008e       0x8f ./src/TB_DS1302.o
 .comment       0x0000008e       0x8f ./src/TB_CAN.o
 .comment       0x0000008e       0x8f ./src/TB_AnSPI.o
 .comment       0x0000008e       0x8f ./src/TB_ADC.o
 .comment       0x0000008e       0x8f ./src/TB_25LC256.o
 .comment       0x0000008e       0x8f ./src/SysClk.o
 .comment       0x0000008e       0x8f ./src/MPC57xx__Interrupt_Init.o
 .comment       0x0000008e       0x8f D:/Software/NXP/S32DS_Power_v1.2/S32DS/e200_ewl2/lib/e200z4/fp\libc99.a(strlen.o)

.debug_line     0x00000000     0x2927
 .debug_line    0x00000000       0xcb ./Project_Settings/Startup_Code/startup.o
 .debug_line    0x000000cb      0x32a ./src/main.o
 .debug_line    0x000003f5       0x5d ./src/intc_sw_handlers.o
 .debug_line    0x00000452      0x1e5 ./src/intc_SW_mode_isr_vectors_MPC5744P.o
 .debug_line    0x00000637       0xe6 ./src/Vector.o
 .debug_line    0x0000071d      0x334 ./src/TB_UART.o
 .debug_line    0x00000a51      0x1f7 ./src/TB_PIT.o
 .debug_line    0x00000c48      0x38d ./src/TB_LTC6804.o
 .debug_line    0x00000fd5      0x21c ./src/TB_GPIO.o
 .debug_line    0x000011f1      0x36b ./src/TB_DS1302.o
 .debug_line    0x0000155c      0x2c0 ./src/TB_CAN.o
 .debug_line    0x0000181c      0x55a ./src/TB_AnSPI.o
 .debug_line    0x00001d76      0x28d ./src/TB_ADC.o
 .debug_line    0x00002003      0x427 ./src/TB_25LC256.o
 .debug_line    0x0000242a      0x22d ./src/SysClk.o
 .debug_line    0x00002657      0x248 ./src/MPC57xx__Interrupt_Init.o
 .debug_line    0x0000289f       0x88 D:/Software/NXP/S32DS_Power_v1.2/S32DS/e200_ewl2/lib/e200z4/fp\libc99.a(strlen.o)

.debug_info     0x00000000    0x19f9f
 .debug_info    0x00000000       0x82 ./Project_Settings/Startup_Code/startup.o
 .debug_info    0x00000082     0x412a ./src/main.o
 .debug_info    0x000041ac       0x71 ./src/intc_sw_handlers.o
 .debug_info    0x0000421d       0xb4 ./src/intc_SW_mode_isr_vectors_MPC5744P.o
 .debug_info    0x000042d1       0x21 ./src/Vector.o
 .debug_info    0x000042f2     0x29de ./src/TB_UART.o
 .debug_info    0x00006cd0      0x8aa ./src/TB_PIT.o
 .debug_info    0x0000757a     0x1fec ./src/TB_LTC6804.o
 .debug_info    0x00009566     0x152e ./src/TB_GPIO.o
 .debug_info    0x0000aa94     0x1691 ./src/TB_DS1302.o
 .debug_info    0x0000c125     0x2b97 ./src/TB_CAN.o
 .debug_info    0x0000ecbc     0x17af ./src/TB_AnSPI.o
 .debug_info    0x0001046b     0x3d11 ./src/TB_ADC.o
 .debug_info    0x0001417c     0x1ed6 ./src/TB_25LC256.o
 .debug_info    0x00016052     0x3872 ./src/SysClk.o
 .debug_info    0x000198c4      0x5eb ./src/MPC57xx__Interrupt_Init.o
 .debug_info    0x00019eaf       0xf0 D:/Software/NXP/S32DS_Power_v1.2/S32DS/e200_ewl2/lib/e200z4/fp\libc99.a(strlen.o)

.debug_abbrev   0x00000000     0x145c
 .debug_abbrev  0x00000000       0x14 ./Project_Settings/Startup_Code/startup.o
 .debug_abbrev  0x00000014      0x1c5 ./src/main.o
 .debug_abbrev  0x000001d9       0x14 ./src/intc_sw_handlers.o
 .debug_abbrev  0x000001ed       0x7c ./src/intc_SW_mode_isr_vectors_MPC5744P.o
 .debug_abbrev  0x00000269       0x13 ./src/Vector.o
 .debug_abbrev  0x0000027c      0x1a9 ./src/TB_UART.o
 .debug_abbrev  0x00000425      0x148 ./src/TB_PIT.o
 .debug_abbrev  0x0000056d      0x215 ./src/TB_LTC6804.o
 .debug_abbrev  0x00000782      0x12f ./src/TB_GPIO.o
 .debug_abbrev  0x000008b1      0x1cc ./src/TB_DS1302.o
 .debug_abbrev  0x00000a7d      0x198 ./src/TB_CAN.o
 .debug_abbrev  0x00000c15      0x1e8 ./src/TB_AnSPI.o
 .debug_abbrev  0x00000dfd      0x15e ./src/TB_ADC.o
 .debug_abbrev  0x00000f5b      0x1d5 ./src/TB_25LC256.o
 .debug_abbrev  0x00001130      0x12e ./src/SysClk.o
 .debug_abbrev  0x0000125e      0x17d ./src/MPC57xx__Interrupt_Init.o
 .debug_abbrev  0x000013db       0x81 D:/Software/NXP/S32DS_Power_v1.2/S32DS/e200_ewl2/lib/e200z4/fp\libc99.a(strlen.o)

.debug_aranges  0x00000000      0x3f8
 .debug_aranges
                0x00000000       0x20 ./Project_Settings/Startup_Code/startup.o
 .debug_aranges
                0x00000020       0x58 ./src/main.o
 .debug_aranges
                0x00000078       0x20 ./src/intc_sw_handlers.o
 .debug_aranges
                0x00000098       0x20 ./src/intc_SW_mode_isr_vectors_MPC5744P.o
 .debug_aranges
                0x000000b8       0x18 ./src/Vector.o
 .debug_aranges
                0x000000d0       0x58 ./src/TB_UART.o
 .debug_aranges
                0x00000128       0x28 ./src/TB_PIT.o
 .debug_aranges
                0x00000150       0x60 ./src/TB_LTC6804.o
 .debug_aranges
                0x000001b0       0x30 ./src/TB_GPIO.o
 .debug_aranges
                0x000001e0       0x50 ./src/TB_DS1302.o
 .debug_aranges
                0x00000230       0x40 ./src/TB_CAN.o
 .debug_aranges
                0x00000270       0x58 ./src/TB_AnSPI.o
 .debug_aranges
                0x000002c8       0x50 ./src/TB_ADC.o
 .debug_aranges
                0x00000318       0x60 ./src/TB_25LC256.o
 .debug_aranges
                0x00000378       0x28 ./src/SysClk.o
 .debug_aranges
                0x000003a0       0x38 ./src/MPC57xx__Interrupt_Init.o
 .debug_aranges
                0x000003d8       0x20 D:/Software/NXP/S32DS_Power_v1.2/S32DS/e200_ewl2/lib/e200z4/fp\libc99.a(strlen.o)

.debug_ranges   0x00000000      0x2c0
 .debug_ranges  0x00000000       0x48 ./src/main.o
 .debug_ranges  0x00000048       0x10 ./src/intc_SW_mode_isr_vectors_MPC5744P.o
 .debug_ranges  0x00000058       0x48 ./src/TB_UART.o
 .debug_ranges  0x000000a0       0x18 ./src/TB_PIT.o
 .debug_ranges  0x000000b8       0x50 ./src/TB_LTC6804.o
 .debug_ranges  0x00000108       0x20 ./src/TB_GPIO.o
 .debug_ranges  0x00000128       0x40 ./src/TB_DS1302.o
 .debug_ranges  0x00000168       0x30 ./src/TB_CAN.o
 .debug_ranges  0x00000198       0x48 ./src/TB_AnSPI.o
 .debug_ranges  0x000001e0       0x40 ./src/TB_ADC.o
 .debug_ranges  0x00000220       0x50 ./src/TB_25LC256.o
 .debug_ranges  0x00000270       0x18 ./src/SysClk.o
 .debug_ranges  0x00000288       0x28 ./src/MPC57xx__Interrupt_Init.o
 .debug_ranges  0x000002b0       0x10 D:/Software/NXP/S32DS_Power_v1.2/S32DS/e200_ewl2/lib/e200z4/fp\libc99.a(strlen.o)

.debug_macro    0x00000000     0xdb54
 .debug_macro   0x00000000      0x160 ./src/main.o
 .debug_macro   0x00000160      0x610 ./src/main.o
 .debug_macro   0x00000770       0x52 ./src/main.o
 .debug_macro   0x000007c2       0xa0 ./src/main.o
 .debug_macro   0x00000862       0x16 ./src/main.o
 .debug_macro   0x00000878       0x64 ./src/main.o
 .debug_macro   0x000008dc      0x1a3 ./src/main.o
 .debug_macro   0x00000a7f      0x133 ./src/main.o
 .debug_macro   0x00000bb2       0x9d ./src/main.o
 .debug_macro   0x00000c4f       0x10 ./src/main.o
 .debug_macro   0x00000c5f      0x15b ./src/main.o
 .debug_macro   0x00000dba       0x28 ./src/main.o
 .debug_macro   0x00000de2       0x58 ./src/main.o
 .debug_macro   0x00000e3a     0xb50a ./src/main.o
 .debug_macro   0x0000c344      0xb62 ./src/main.o
 .debug_macro   0x0000cea6       0x6a ./src/main.o
 .debug_macro   0x0000cf10       0x22 ./src/main.o
 .debug_macro   0x0000cf32       0x58 ./src/main.o
 .debug_macro   0x0000cf8a       0x2e ./src/main.o
 .debug_macro   0x0000cfb8       0x2e ./src/main.o
 .debug_macro   0x0000cfe6       0x1c ./src/main.o
 .debug_macro   0x0000d002       0xd6 ./src/main.o
 .debug_macro   0x0000d0d8       0xa1 ./src/intc_SW_mode_isr_vectors_MPC5744P.o
 .debug_macro   0x0000d179       0x41 ./src/Vector.o
 .debug_macro   0x0000d1ba       0x2e ./src/Vector.o
 .debug_macro   0x0000d1e8      0x107 ./src/TB_UART.o
 .debug_macro   0x0000d2ef       0x16 ./src/TB_UART.o
 .debug_macro   0x0000d305       0x16 ./src/TB_UART.o
 .debug_macro   0x0000d31b       0x10 ./src/TB_UART.o
 .debug_macro   0x0000d32b       0xc1 ./src/TB_PIT.o
 .debug_macro   0x0000d3ec       0x1c ./src/TB_PIT.o
 .debug_macro   0x0000d408       0xca ./src/TB_LTC6804.o
 .debug_macro   0x0000d4d2       0xca ./src/TB_GPIO.o
 .debug_macro   0x0000d59c       0xca ./src/TB_DS1302.o
 .debug_macro   0x0000d666       0xca ./src/TB_CAN.o
 .debug_macro   0x0000d730       0xca ./src/TB_AnSPI.o
 .debug_macro   0x0000d7fa       0xcb ./src/TB_ADC.o
 .debug_macro   0x0000d8c5      0x102 ./src/TB_25LC256.o
 .debug_macro   0x0000d9c7       0xbc ./src/SysClk.o
 .debug_macro   0x0000da83       0xd1 ./src/MPC57xx__Interrupt_Init.o

.debug_str      0x00000000    0x3e0c3
 .debug_str     0x00000000    0x3a7c9 ./src/main.o
                              0x3a8cd (size before relaxing)
 .debug_str     0x0003a7c9       0x44 ./src/intc_SW_mode_isr_vectors_MPC5744P.o
                               0x3a42 (size before relaxing)
 .debug_str     0x0003a80d      0x185 ./src/Vector.o
                               0x2496 (size before relaxing)
 .debug_str     0x0003a992      0x3d6 ./src/TB_UART.o
                              0x396dd (size before relaxing)
 .debug_str     0x0003ad68       0x2c ./src/TB_PIT.o
                              0x3772d (size before relaxing)
 .debug_str     0x0003ad94      0x145 ./src/TB_LTC6804.o
                              0x39276 (size before relaxing)
 .debug_str     0x0003aed9       0x2e ./src/TB_GPIO.o
                              0x38e17 (size before relaxing)
 .debug_str     0x0003af07       0x9d ./src/TB_DS1302.o
                              0x38daa (size before relaxing)
 .debug_str     0x0003afa4       0xb9 ./src/TB_CAN.o
                              0x397e6 (size before relaxing)
 .debug_str     0x0003b05d       0x9c ./src/TB_AnSPI.o
                              0x38d99 (size before relaxing)
 .debug_str     0x0003b0f9     0x1168 ./src/TB_ADC.o
                              0x39ece (size before relaxing)
 .debug_str     0x0003c261       0xcf ./src/TB_25LC256.o
                              0x3915a (size before relaxing)
 .debug_str     0x0003c330     0x1af7 ./src/SysClk.o
                              0x38d84 (size before relaxing)
 .debug_str     0x0003de27       0xb9 ./src/MPC57xx__Interrupt_Init.o
                              0x3769e (size before relaxing)
 .debug_str     0x0003dee0      0x1e3 D:/Software/NXP/S32DS_Power_v1.2/S32DS/e200_ewl2/lib/e200z4/fp\libc99.a(strlen.o)
                                0x281 (size before relaxing)

.debug_frame    0x00000000      0xb58
 .debug_frame   0x00000000      0x128 ./src/main.o
 .debug_frame   0x00000128       0x2c ./src/intc_SW_mode_isr_vectors_MPC5744P.o
 .debug_frame   0x00000154      0x138 ./src/TB_UART.o
 .debug_frame   0x0000028c       0x58 ./src/TB_PIT.o
 .debug_frame   0x000002e4      0x158 ./src/TB_LTC6804.o
 .debug_frame   0x0000043c       0x7c ./src/TB_GPIO.o
 .debug_frame   0x000004b8      0x11c ./src/TB_DS1302.o
 .debug_frame   0x000005d4       0xc4 ./src/TB_CAN.o
 .debug_frame   0x00000698      0x148 ./src/TB_AnSPI.o
 .debug_frame   0x000007e0      0x10c ./src/TB_ADC.o
 .debug_frame   0x000008ec      0x154 ./src/TB_25LC256.o
 .debug_frame   0x00000a40       0x58 ./src/SysClk.o
 .debug_frame   0x00000a98       0xa0 ./src/MPC57xx__Interrupt_Init.o
 .debug_frame   0x00000b38       0x20 D:/Software/NXP/S32DS_Power_v1.2/S32DS/e200_ewl2/lib/e200z4/fp\libc99.a(strlen.o)

.debug_loc      0x00000000       0x41
 .debug_loc     0x00000000       0x41 D:/Software/NXP/S32DS_Power_v1.2/S32DS/e200_ewl2/lib/e200z4/fp\libc99.a(strlen.o)
